Archive member included because of file (symbol)

C:\marmalade\6.2\s3e\edk\lib\android\libedk.a(edk_helpers.o)
                              release\ouyaFace_platform.os (s3eEdkThreadRunOnOS)

Discarded input sections

 .text          0x00000000        0x0 c:/android-ndk/platforms/android-9/arch-arm/usr/lib/crtbegin_so.o
 .bss           0x00000000        0x0 c:/android-ndk/platforms/android-9/arch-arm/usr/lib/crtbegin_so.o
 .note.GNU-stack
                0x00000000        0x0 c:/android-ndk/platforms/android-9/arch-arm/usr/lib/crtbegin_so.o
 _ZN7_JNIEnv14DeleteLocalRefEP8_jobject
                0x00000000        0x0 release\ouyaFace_platform.os
 _ZN7_JNIEnv11GetMethodIDEP7_jclassPKcS3_
                0x00000000        0x0 release\ouyaFace_platform.os
 _ZN7_JNIEnv15CallFloatMethodEP8_jobjectP10_jmethodIDz
                0x00000000        0x0 release\ouyaFace_platform.os
 _ZN7_JNIEnv17CallBooleanMethodEP8_jobjectP10_jmethodIDz
                0x00000000        0x0 release\ouyaFace_platform.os
 _ZN7_JNIEnv14CallVoidMethodEP8_jobjectP10_jmethodIDz
                0x00000000        0x0 release\ouyaFace_platform.os
 _ZN7_JNIEnv16CallObjectMethodEP8_jobjectP10_jmethodIDz
                0x00000000        0x0 release\ouyaFace_platform.os
 _ZN7_JNIEnv9NewObjectEP7_jclassP10_jmethodIDz
                0x00000000        0x0 release\ouyaFace_platform.os
 _ZN7_JNIEnv13CallIntMethodEP8_jobjectP10_jmethodIDz
                0x00000000        0x0 release\ouyaFace_platform.os
 _ZN7_JNIEnv14CallLongMethodEP8_jobjectP10_jmethodIDz
                0x00000000        0x0 release\ouyaFace_platform.os
 .text          0x00000000        0x0 release\ouyaFace_platform.os
 .data          0x00000000        0x0 release\ouyaFace_platform.os
 .note.GNU-stack
                0x00000000        0x0 release\ouyaFace_platform.os
 .text          0x00000000        0x0 release\ouyaFace.os
 .data          0x00000000        0x0 release\ouyaFace.os
 .bss           0x00000000        0x0 release\ouyaFace.os
 .note.GNU-stack
                0x00000000        0x0 release\ouyaFace.os
 .text          0x00000000        0x0 release\ouyaFace_register.os
 .data          0x00000000        0x0 release\ouyaFace_register.os
 .bss           0x00000000        0x0 release\ouyaFace_register.os
 .text._Z19ouyaFaceRegisterExtv
                0x00000000        0x0 release\ouyaFace_register.os
 .note.GNU-stack
                0x00000000        0x0 release\ouyaFace_register.os
 .text          0x00000000        0x0 C:\marmalade\6.2\s3e\edk\lib\android\libedk.a(edk_helpers.o)
 .data          0x00000000        0x0 C:\marmalade\6.2\s3e\edk\lib\android\libedk.a(edk_helpers.o)
 .bss           0x00000000        0x0 C:\marmalade\6.2\s3e\edk\lib\android\libedk.a(edk_helpers.o)
 .text.s3eEdkThreadRunOnOSAsync
                0x00000000        0x0 C:\marmalade\6.2\s3e\edk\lib\android\libedk.a(edk_helpers.o)
 .text.s3eEdkErrorSetString
                0x00000000        0x0 C:\marmalade\6.2\s3e\edk\lib\android\libedk.a(edk_helpers.o)
 .note.GNU-stack
                0x00000000        0x0 C:\marmalade\6.2\s3e\edk\lib\android\libedk.a(edk_helpers.o)
 .text          0x00000000        0x0 c:/android-ndk/platforms/android-9/arch-arm/usr/lib/crtend_so.o
 .data          0x00000000        0x0 c:/android-ndk/platforms/android-9/arch-arm/usr/lib/crtend_so.o
 .bss           0x00000000        0x0 c:/android-ndk/platforms/android-9/arch-arm/usr/lib/crtend_so.o
 .note.GNU-stack
                0x00000000        0x0 c:/android-ndk/platforms/android-9/arch-arm/usr/lib/crtend_so.o

Memory Configuration

Name             Origin             Length             Attributes
*default*        0x00000000         0xffffffff

Linker script and memory map

LOAD c:/android-ndk/platforms/android-9/arch-arm/usr/lib/crtbegin_so.o
LOAD release\ouyaFace_platform.os
LOAD release\ouyaFace.os
LOAD release\ouyaFace_register.os
LOAD C:\marmalade\6.2\s3e\edk\lib\android\libedk.a
LOAD C:\marmalade\6.2\s3e\edk\lib\android/libplaceholderplaceholderplaceholderplaceholderplaceholder.so
LOAD C:\android-ndk\platforms\android-9\arch-arm\usr\lib/liblog.so
LOAD C:\android-ndk\sources\cxx-stl\gnu-libstdc++\4.4.3\libs\armeabi\libgnustl_static.a
LOAD c:/android-ndk/toolchains/arm-linux-androideabi-4.4.3/prebuilt/windows/bin/../lib/gcc/arm-linux-androideabi/4.4.3\libgcc.a
LOAD C:\android-ndk\platforms\android-9\arch-arm\usr\lib/libstdc++.so
LOAD C:\android-ndk\platforms\android-9\arch-arm\usr\lib/libm.so
LOAD C:\android-ndk\platforms\android-9\arch-arm\usr\lib/libc.so
LOAD c:/android-ndk/toolchains/arm-linux-androideabi-4.4.3/prebuilt/windows/bin/../lib/gcc/arm-linux-androideabi/4.4.3\libgcc.a
LOAD C:\android-ndk\platforms\android-9\arch-arm\usr\lib/libc.so
LOAD C:\android-ndk\platforms\android-9\arch-arm\usr\lib/libdl.so
LOAD c:/android-ndk/toolchains/arm-linux-androideabi-4.4.3/prebuilt/windows/bin/../lib/gcc/arm-linux-androideabi/4.4.3\libgcc.a
LOAD c:/android-ndk/platforms/android-9/arch-arm/usr/lib/crtend_so.o
                0x000000d4                . = (0x0 + SIZEOF_HEADERS)

.note.gnu.build-id
 *(.note.gnu.build-id)

.hash           0x000000d4       0xbc
 *(.hash)
 .hash          0x000000d4       0xbc c:/android-ndk/platforms/android-9/arch-arm/usr/lib/crtbegin_so.o

.gnu.hash
 *(.gnu.hash)

.dynsym         0x00000190      0x1c0
 *(.dynsym)
 .dynsym        0x00000190      0x1c0 c:/android-ndk/platforms/android-9/arch-arm/usr/lib/crtbegin_so.o

.dynstr         0x00000350      0x1a1
 *(.dynstr)
 .dynstr        0x00000350      0x1a1 c:/android-ndk/platforms/android-9/arch-arm/usr/lib/crtbegin_so.o

.gnu.version    0x000004f2        0x0 load address 0x000004f1
 *(.gnu.version)
 .gnu.version   0x00000000        0x0 c:/android-ndk/platforms/android-9/arch-arm/usr/lib/crtbegin_so.o

.gnu.version_d  0x000004f4        0x0 load address 0x000004f1
 *(.gnu.version_d)
 .gnu.version_d
                0x00000000        0x0 c:/android-ndk/platforms/android-9/arch-arm/usr/lib/crtbegin_so.o

.gnu.version_r  0x000004f4        0x0 load address 0x000004f1
 *(.gnu.version_r)
 .gnu.version_r
                0x00000000        0x0 c:/android-ndk/platforms/android-9/arch-arm/usr/lib/crtbegin_so.o

.rel.dyn        0x000004f4      0x120
 *(.rel.init)
 *(.rel.text .rel.text.* .rel.gnu.linkonce.t.*)
 *(.rel.fini)
 *(.rel.rodata .rel.rodata.* .rel.gnu.linkonce.r.*)
 *(.rel.data.rel.ro* .rel.gnu.linkonce.d.rel.ro.*)
 .rel.data.rel.ro
                0x000004f4       0x90 c:/android-ndk/platforms/android-9/arch-arm/usr/lib/crtbegin_so.o
 *(.rel.data .rel.data.* .rel.gnu.linkonce.d.*)
 *(.rel.tdata .rel.tdata.* .rel.gnu.linkonce.td.*)
 *(.rel.tbss .rel.tbss.* .rel.gnu.linkonce.tb.*)
 *(.rel.ctors)
 *(.rel.dtors)
 *(.rel.got)
 .rel.got       0x00000584       0x88 c:/android-ndk/platforms/android-9/arch-arm/usr/lib/crtbegin_so.o
 *(.rel.bss .rel.bss.* .rel.gnu.linkonce.b.*)
 .rel.fini_array
                0x0000060c        0x8 c:/android-ndk/platforms/android-9/arch-arm/usr/lib/crtbegin_so.o

.rela.dyn
 *(.rela.init)
 *(.rela.text .rela.text.* .rela.gnu.linkonce.t.*)
 *(.rela.fini)
 *(.rela.rodata .rela.rodata.* .rela.gnu.linkonce.r.*)
 *(.rela.data .rela.data.* .rela.gnu.linkonce.d.*)
 *(.rela.tdata .rela.tdata.* .rela.gnu.linkonce.td.*)
 *(.rela.tbss .rela.tbss.* .rela.gnu.linkonce.tb.*)
 *(.rela.ctors)
 *(.rela.dtors)
 *(.rela.got)
 *(.rela.bss .rela.bss.* .rela.gnu.linkonce.b.*)

.rel.plt        0x00000614       0x58
 *(.rel.plt)
 .rel.plt       0x00000614       0x58 c:/android-ndk/platforms/android-9/arch-arm/usr/lib/crtbegin_so.o

.rela.plt
 *(.rela.plt)

.init
 *(.init)

.plt            0x0000066c       0x98
 *(.plt)
 .plt           0x0000066c       0x98 c:/android-ndk/platforms/android-9/arch-arm/usr/lib/crtbegin_so.o

.text           0x00000704     0x1c00
 *(.text .stub .text.* .gnu.linkonce.t.*)
 .text.exit     0x00000704       0x10 c:/android-ndk/platforms/android-9/arch-arm/usr/lib/crtbegin_so.o
                0x00000704                __on_dlclose
 .text._ZN7_JNIEnv14DeleteLocalRefEP8_jobject
                0x00000714       0x14 release\ouyaFace_platform.os
                0x00000714                _JNIEnv::DeleteLocalRef(_jobject*)
 .text._ZN7_JNIEnv11GetMethodIDEP7_jclassPKcS3_
                0x00000728       0x14 release\ouyaFace_platform.os
                0x00000728                _JNIEnv::GetMethodID(_jclass*, char const*, char const*)
 .text._Z26ouyaFaceTerminate_platformv
                0x0000073c        0x4 release\ouyaFace_platform.os
                0x0000073c                ouyaFaceTerminate_platform()
 .text._ZN7_JNIEnv15CallFloatMethodEP8_jobjectP10_jmethodIDz
                0x00000740       0x34 release\ouyaFace_platform.os
                0x00000740                _JNIEnv::CallFloatMethod(_jobject*, _jmethodID*, ...)
 .text._ZN7_JNIEnv17CallBooleanMethodEP8_jobjectP10_jmethodIDz
                0x00000774       0x34 release\ouyaFace_platform.os
                0x00000774                _JNIEnv::CallBooleanMethod(_jobject*, _jmethodID*, ...)
 .text._ZN7_JNIEnv14CallVoidMethodEP8_jobjectP10_jmethodIDz
                0x000007a8       0x34 release\ouyaFace_platform.os
                0x000007a8                _JNIEnv::CallVoidMethod(_jobject*, _jmethodID*, ...)
 .text._ZN7_JNIEnv16CallObjectMethodEP8_jobjectP10_jmethodIDz
                0x000007dc       0x34 release\ouyaFace_platform.os
                0x000007dc                _JNIEnv::CallObjectMethod(_jobject*, _jmethodID*, ...)
 .text._ZN7_JNIEnv9NewObjectEP7_jclassP10_jmethodIDz
                0x00000810       0x34 release\ouyaFace_platform.os
                0x00000810                _JNIEnv::NewObject(_jclass*, _jmethodID*, ...)
 .text._ZN7_JNIEnv13CallIntMethodEP8_jobjectP10_jmethodIDz
                0x00000844       0x34 release\ouyaFace_platform.os
                0x00000844                _JNIEnv::CallIntMethod(_jobject*, _jmethodID*, ...)
 .text._ZN7_JNIEnv14CallLongMethodEP8_jobjectP10_jmethodIDz
                0x00000878       0x34 release\ouyaFace_platform.os
                0x00000878                _JNIEnv::CallLongMethod(_jobject*, _jmethodID*, ...)
 .text._Z33ouyaControllerUnRegister_platform19OuyaControllerEventPFiPvS0_E
                0x000008ac       0x30 release\ouyaFace_platform.os
                0x000008ac                ouyaControllerUnRegister_platform(OuyaControllerEvent, int (*)(void*, void*))
 .text._Z31ouyaControllerRegister_platform19OuyaControllerEventPFiPvS0_ES0_
                0x000008dc       0x34 release\ouyaFace_platform.os
                0x000008dc                ouyaControllerRegister_platform(OuyaControllerEvent, int (*)(void*, void*), void*)
 .text._Z18ouyaFaceOnKeyEventP7_JNIEnvP8_jobjectiiii
                0x00000910       0x54 release\ouyaFace_platform.os
                0x00000910                ouyaFaceOnKeyEvent(_JNIEnv*, _jobject*, int, int, int, int)
 .text._Z28ouyaFaceOnGenericMotionEventP7_JNIEnvP8_jobjectiiffffff
                0x00000964       0x74 release\ouyaFace_platform.os
                0x00000964                ouyaFaceOnGenericMotionEvent(_JNIEnv*, _jobject*, int, int, float, float, float, float, float, float)
 .text._ZL37ouyaFacadeProductListCompleteCallbackjiPvS_iS_
                0x000009d8       0x58 release\ouyaFace_platform.os
 .text._ZL34ouyaFacadeReceiptsCompleteCallbackjiPvS_iS_
                0x00000a30       0x48 release\ouyaFace_platform.os
 .text._ZL26ouyaFacadeCompleteCallbackjiPvS_iS_
                0x00000a78        0x8 release\ouyaFace_platform.os
 .text._Z27ouyaFaceOnProductListResultP7_JNIEnvP8_jobjectiP13_jobjectArray
                0x00000a80      0x2fc release\ouyaFace_platform.os
                0x00000a80                ouyaFaceOnProductListResult(_JNIEnv*, _jobject*, int, _jobjectArray*)
 .text._Z24ouyaFaceOnReceiptsResultP7_JNIEnvP8_jobjectiP13_jobjectArray
                0x00000d7c      0x364 release\ouyaFace_platform.os
                0x00000d7c                ouyaFaceOnReceiptsResult(_JNIEnv*, _jobject*, int, _jobjectArray*)
 .text._Z25ouyaFaceOnGamerUUIDResultP7_JNIEnvP8_jobjectiP8_jstring
                0x000010e0      0x10c release\ouyaFace_platform.os
                0x000010e0                ouyaFaceOnGamerUUIDResult(_JNIEnv*, _jobject*, int, _jstring*)
 .text._Z24ouyaFaceOnPurchaseResultP7_JNIEnvP8_jobjectiS2_
                0x000011ec      0x280 release\ouyaFace_platform.os
                0x000011ec                ouyaFaceOnPurchaseResult(_JNIEnv*, _jobject*, int, _jobject*)
 .text._Z37ouyaFacadeRequestProductList_platformPPKciPFiPvS2_ES2_
                0x0000146c      0x158 release\ouyaFace_platform.os
                0x0000146c                ouyaFacadeRequestProductList_platform(char const**, int, int (*)(void*, void*), void*)
 .text._Z30ouyaControllerGetAxis_platformjj
                0x000015c4       0x60 release\ouyaFace_platform.os
                0x000015c4                ouyaControllerGetAxis_platform(unsigned int, unsigned int)
 .text._Z17ouyaTerm_platformv
                0x00001624       0x50 release\ouyaFace_platform.os
                0x00001624                ouyaTerm_platform()
 .text._Z37ouyaControllerGetButtonState_platformjj
                0x00001674       0x60 release\ouyaFace_platform.os
                0x00001674                ouyaControllerGetButtonState_platform(unsigned int, unsigned int)
 .text._Z42ouyaFacadeIsRunningOnOUYAHardware_platformv
                0x000016d4       0x50 release\ouyaFace_platform.os
                0x000016d4                ouyaFacadeIsRunningOnOUYAHardware_platform()
 .text._Z32ouyaFacadeIsInitialised_platformv
                0x00001724       0x50 release\ouyaFace_platform.os
                0x00001724                ouyaFacadeIsInitialised_platform()
 .text._Z30ouyaFacadeSetTestMode_platformv
                0x00001774       0x50 release\ouyaFace_platform.os
                0x00001774                ouyaFacadeSetTestMode_platform()
 .text._Z17ouyaInit_platformPKcS0_
                0x000017c4       0x90 release\ouyaFace_platform.os
                0x000017c4                ouyaInit_platform(char const*, char const*)
 .text._Z30ouyaFacadePutGameData_platformPKcS0_
                0x00001854       0xbc release\ouyaFace_platform.os
                0x00001854                ouyaFacadePutGameData_platform(char const*, char const*)
 .text._ZL27s3eEdkAndroidFindClass_realPKc
                0x00001910       0xb8 release\ouyaFace_platform.os
 .text._Z30ouyaFacadeGetGameData_platformPKcPci
                0x000019c8      0x110 release\ouyaFace_platform.os
                0x000019c8                ouyaFacadeGetGameData_platform(char const*, char*, int)
 .text._Z21ouyaFaceInit_platformv
                0x00001ad8      0x43c release\ouyaFace_platform.os
                0x00001ad8                ouyaFaceInit_platform()
 .text._Z35ouyaFacadeRequestGamerUUID_platformPFiPvS_ES_
                0x00001f14       0x7c release\ouyaFace_platform.os
                0x00001f14                ouyaFacadeRequestGamerUUID_platform(int (*)(void*, void*), void*)
 .text._Z34ouyaFacadeRequestReceipts_platformPFiPvS_ES_
                0x00001f90       0x7c release\ouyaFace_platform.os
                0x00001f90                ouyaFacadeRequestReceipts_platform(int (*)(void*, void*), void*)
 .text._Z34ouyaFacadeRequestPurchase_platformPKcPFiPvS1_ES1_
                0x0000200c       0xb4 release\ouyaFace_platform.os
                0x0000200c                ouyaFacadeRequestPurchase_platform(char const*, int (*)(void*, void*), void*)
 .text.ouyaControllerGetAxis
                0x000020c0        0x4 release\ouyaFace.os
                0x000020c0                ouyaControllerGetAxis
 .text.ouyaControllerGetButtonState
                0x000020c4        0x4 release\ouyaFace.os
                0x000020c4                ouyaControllerGetButtonState
 .text.ouyaControllerUnRegister
                0x000020c8        0x4 release\ouyaFace.os
                0x000020c8                ouyaControllerUnRegister
 .text.ouyaControllerRegister
                0x000020cc        0x4 release\ouyaFace.os
                0x000020cc                ouyaControllerRegister
 .text.ouyaFacadeRequestPurchase
                0x000020d0        0x4 release\ouyaFace.os
                0x000020d0                ouyaFacadeRequestPurchase
 .text.ouyaFacadeRequestProductList
                0x000020d4        0x4 release\ouyaFace.os
                0x000020d4                ouyaFacadeRequestProductList
 .text.ouyaFacadeRequestReceipts
                0x000020d8        0x4 release\ouyaFace.os
                0x000020d8                ouyaFacadeRequestReceipts
 .text.ouyaFacadeRequestGamerUUID
                0x000020dc        0x4 release\ouyaFace.os
                0x000020dc                ouyaFacadeRequestGamerUUID
 .text.ouyaFacadeSetTestMode
                0x000020e0        0x4 release\ouyaFace.os
                0x000020e0                ouyaFacadeSetTestMode
 .text.ouyaFacadePutGameData
                0x000020e4        0x4 release\ouyaFace.os
                0x000020e4                ouyaFacadePutGameData
 .text.ouyaFacadeGetGameData
                0x000020e8        0x4 release\ouyaFace.os
                0x000020e8                ouyaFacadeGetGameData
 .text.ouyaFacadeIsRunningOnOUYAHardware
                0x000020ec        0x4 release\ouyaFace.os
                0x000020ec                ouyaFacadeIsRunningOnOUYAHardware
 .text.ouyaFacadeIsInitialised
                0x000020f0        0x4 release\ouyaFace.os
                0x000020f0                ouyaFacadeIsInitialised
 .text.ouyaTerm
                0x000020f4        0x4 release\ouyaFace.os
                0x000020f4                ouyaTerm
 .text.ouyaInit
                0x000020f8        0x4 release\ouyaFace.os
                0x000020f8                ouyaInit
 .text._Z17ouyaFaceTerminatev
                0x000020fc        0x4 release\ouyaFace.os
                0x000020fc                ouyaFaceTerminate()
 .text._Z12ouyaFaceInitv
                0x00002100        0x4 release\ouyaFace.os
                0x00002100                ouyaFaceInit()
 .text._ZL13ouyaTerm_wrapv
                0x00002104       0x14 release\ouyaFace_register.os
 .text._ZL13ouyaInit_wrapPKcS0_
                0x00002118       0x1c release\ouyaFace_register.os
 .text.RegisterExt
                0x00002134      0x1a0 release\ouyaFace_register.os
                0x00002134                RegisterExt
 .text.s3eEdkThreadRunOnOS
                0x000022d4       0x30 C:\marmalade\6.2\s3e\edk\lib\android\libedk.a(edk_helpers.o)
                0x000022d4                s3eEdkThreadRunOnOS
 *(.gnu.warning)
 *(.glue_7t)
 .glue_7t       0x00000000        0x0 linker stubs
 *(.glue_7)
 .glue_7        0x00000000        0x0 linker stubs
 *(.vfp11_veneer)
 .vfp11_veneer  0x00000000        0x0 linker stubs
 *(.v4_bx)
 .v4_bx         0x00000000        0x0 linker stubs

.fini
 *(.fini)
                0x00002304                PROVIDE (__etext, .)
                0x00002304                PROVIDE (_etext, .)
                0x00002304                PROVIDE (etext, .)

.rodata         0x00002304      0x430
 *(.rodata .rodata.* .gnu.linkonce.r.*)
 .rodata.str1.4
                0x00002304      0x430 release\ouyaFace_platform.os
                                0x444 (size before relaxing)
 .rodata.str1.4
                0x00000000        0xc release\ouyaFace_register.os

.rodata1
 *(.rodata1)

.ARM.extab
 *(.ARM.extab* .gnu.linkonce.armextab.*)
                0x00002734                __exidx_start = .

.ARM.exidx
 *(.ARM.exidx* .gnu.linkonce.armexidx.*)
                0x00002734                __exidx_end = .

.eh_frame_hdr
 *(.eh_frame_hdr)

.eh_frame
 *(.eh_frame)

.gcc_except_table
 *(.gcc_except_table .gcc_except_table.*)
                0x00002734                . = (ALIGN (0x1000) - ((0x1000 - .) & 0xfff))
                0x00003e58                . = (0x1000 DATA_SEGMENT_ALIGN 0x1000)

.eh_frame
 *(.eh_frame)

.gcc_except_table
 *(.gcc_except_table .gcc_except_table.*)

.tdata
 *(.tdata .tdata.* .gnu.linkonce.td.*)

.tbss
 *(.tbss .tbss.* .gnu.linkonce.tb.*)
 *(.tcommon)

.preinit_array
 *(.preinit_array)

.init_array     0x00003e58        0x4
 *(SORT(.init_array.*))
 *(.init_array)
 .init_array    0x00003e58        0x4 c:/android-ndk/platforms/android-9/arch-arm/usr/lib/crtend_so.o

.fini_array     0x00003e5c        0x8
 *(.fini_array)
 .fini_array    0x00003e5c        0x4 c:/android-ndk/platforms/android-9/arch-arm/usr/lib/crtbegin_so.o
 .fini_array    0x00003e60        0x4 c:/android-ndk/platforms/android-9/arch-arm/usr/lib/crtend_so.o
 *(SORT(.fini_array.*))

.ctors
 *crtbegin.o(.ctors)
 *crtbegin?.o(.ctors)
 *(EXCLUDE_FILE(*crtend?.o *crtend.o) .ctors)
 *(SORT(.ctors.*))
 *(.ctors)

.dtors
 *crtbegin.o(.dtors)
 *crtbegin?.o(.dtors)
 *(EXCLUDE_FILE(*crtend?.o *crtend.o) .dtors)
 *(SORT(.dtors.*))
 *(.dtors)

.jcr
 *(.jcr)

.data.rel.ro    0x00003e64       0x48
 *(.data.rel.ro.local* .gnu.linkonce.d.rel.ro.local.*)
 *(.data.rel.ro* .gnu.linkonce.d.rel.ro.*)
 .data.rel.ro   0x00003e64       0x48 release\ouyaFace_platform.os

.dynamic        0x00003eac       0xd8
 *(.dynamic)
 .dynamic       0x00003eac       0xd8 c:/android-ndk/platforms/android-9/arch-arm/usr/lib/crtbegin_so.o
                0x00003eac                _DYNAMIC

.got            0x00003f84       0x7c
 *(.got.plt)
 .got.plt       0x00003f84       0x38 c:/android-ndk/platforms/android-9/arch-arm/usr/lib/crtbegin_so.o
                0x00003f84                _GLOBAL_OFFSET_TABLE_
 *(.got)
 .got           0x00003fbc       0x44 c:/android-ndk/platforms/android-9/arch-arm/usr/lib/crtbegin_so.o
                0x00004000                . = (. DATA_SEGMENT_RELRO_END 0x0)

.data           0x00004000        0x4
                0x00004000                __data_start = .
 *(.data .data.* .gnu.linkonce.d.*)
 .data          0x00004000        0x4 c:/android-ndk/platforms/android-9/arch-arm/usr/lib/crtbegin_so.o
                0x00004000                __dso_handle

.data1
 *(.data1)
                0x00004004                _edata = .
                0x00004004                PROVIDE (edata, .)
                0x00004004                __bss_start = .
                0x00004004                __bss_start__ = .

.bss            0x00004004       0x40
 *(.dynbss)
 .dynbss        0x00000000        0x0 c:/android-ndk/platforms/android-9/arch-arm/usr/lib/crtbegin_so.o
 *(.bss .bss.* .gnu.linkonce.b.*)
 .bss           0x00004004       0x40 release\ouyaFace_platform.os
 *(COMMON)
                0x00004044                . = ALIGN ((. != 0x0)?0x4:0x1)
                0x00004044                _bss_end__ = .
                0x00004044                __bss_end__ = .
                0x00004044                . = ALIGN (0x4)
                0x00004044                . = ALIGN (0x4)
                0x00004044                __end__ = .
                0x00004044                _end = .
                0x00004044                PROVIDE (end, .)
                0x00004044                . = DATA_SEGMENT_END (.)

.stab
 *(.stab)

.stabstr
 *(.stabstr)

.stab.excl
 *(.stab.excl)

.stab.exclstr
 *(.stab.exclstr)

.stab.index
 *(.stab.index)

.stab.indexstr
 *(.stab.indexstr)

.comment        0x00000000       0x6d
 *(.comment)
 .comment       0x00000000       0x25 c:/android-ndk/platforms/android-9/arch-arm/usr/lib/crtbegin_so.o
                                 0x26 (size before relaxing)
 .comment       0x00000025       0x12 release\ouyaFace_platform.os
 .comment       0x00000037       0x12 release\ouyaFace.os
 .comment       0x00000049       0x12 release\ouyaFace_register.os
 .comment       0x0000005b       0x12 C:\marmalade\6.2\s3e\edk\lib\android\libedk.a(edk_helpers.o)

.debug
 *(.debug)

.line
 *(.line)

.debug_srcinfo
 *(.debug_srcinfo)

.debug_sfnames
 *(.debug_sfnames)

.debug_aranges
 *(.debug_aranges)

.debug_pubnames
 *(.debug_pubnames)

.debug_info
 *(.debug_info .gnu.linkonce.wi.*)

.debug_abbrev
 *(.debug_abbrev)

.debug_line
 *(.debug_line)

.debug_frame
 *(.debug_frame)

.debug_str
 *(.debug_str)

.debug_loc
 *(.debug_loc)

.debug_macinfo
 *(.debug_macinfo)

.debug_weaknames
 *(.debug_weaknames)

.debug_funcnames
 *(.debug_funcnames)

.debug_typenames
 *(.debug_typenames)

.debug_varnames
 *(.debug_varnames)

.debug_pubtypes
 *(.debug_pubtypes)

.debug_ranges
 *(.debug_ranges)

.gnu.attributes
 *(.gnu.attributes)

.note.gnu.arm.ident
 *(.note.gnu.arm.ident)

/DISCARD/
 *(.note.GNU-stack)
 *(.gnu_debuglink)
OUTPUT(C:\Users\zyndo_000\Documents\GitHub\ouyaFace\lib\android\libouyaFace.so elf32-littlearm)

.ARM.attributes
                0x00000000       0x31
 .ARM.attributes
                0x00000000       0x2d c:/android-ndk/platforms/android-9/arch-arm/usr/lib/crtbegin_so.o
 .ARM.attributes
                0x0000002d       0x2d release\ouyaFace_platform.os
 .ARM.attributes
                0x0000005a       0x2b release\ouyaFace.os
 .ARM.attributes
                0x00000085       0x2b release\ouyaFace_register.os
 .ARM.attributes
                0x000000b0       0x2b C:\marmalade\6.2\s3e\edk\lib\android\libedk.a(edk_helpers.o)
 .ARM.attributes
                0x000000db       0x1f c:/android-ndk/platforms/android-9/arch-arm/usr/lib/crtend_so.o
