Archive member included because of file (symbol)

C:\marmalade\6.2\s3e\edk\lib\android\libedk.a(IwDebug.o)
                              debug\ouyaFace_platform.os (IwDebugTraceSetTraceChannel)
C:\marmalade\6.2\s3e\edk\lib\android\libedk.a(edk_helpers.o)
                              debug\ouyaFace_platform.os (s3eEdkThreadRunOnOS)
c:/android-ndk/toolchains/arm-linux-androideabi-4.4.3/prebuilt/windows/bin/../lib/gcc/arm-linux-androideabi/4.4.3\libgcc.a(_aeabi_ldivmod.o)
                              C:\marmalade\6.2\s3e\edk\lib\android\libedk.a(IwDebug.o) (__aeabi_ldivmod)
c:/android-ndk/toolchains/arm-linux-androideabi-4.4.3/prebuilt/windows/bin/../lib/gcc/arm-linux-androideabi/4.4.3\libgcc.a(bpabi.o)
                              c:/android-ndk/toolchains/arm-linux-androideabi-4.4.3/prebuilt/windows/bin/../lib/gcc/arm-linux-androideabi/4.4.3\libgcc.a(_aeabi_ldivmod.o) (__gnu_ldivmod_helper)
c:/android-ndk/toolchains/arm-linux-androideabi-4.4.3/prebuilt/windows/bin/../lib/gcc/arm-linux-androideabi/4.4.3\libgcc.a(unwind-arm.o)
                              c:/android-ndk/toolchains/arm-linux-androideabi-4.4.3/prebuilt/windows/bin/../lib/gcc/arm-linux-androideabi/4.4.3\libgcc.a(bpabi.o) (__aeabi_unwind_cpp_pr0)
c:/android-ndk/toolchains/arm-linux-androideabi-4.4.3/prebuilt/windows/bin/../lib/gcc/arm-linux-androideabi/4.4.3\libgcc.a(libunwind.o)
                              c:/android-ndk/toolchains/arm-linux-androideabi-4.4.3/prebuilt/windows/bin/../lib/gcc/arm-linux-androideabi/4.4.3\libgcc.a(unwind-arm.o) (restore_core_regs)
c:/android-ndk/toolchains/arm-linux-androideabi-4.4.3/prebuilt/windows/bin/../lib/gcc/arm-linux-androideabi/4.4.3\libgcc.a(pr-support.o)
                              c:/android-ndk/toolchains/arm-linux-androideabi-4.4.3/prebuilt/windows/bin/../lib/gcc/arm-linux-androideabi/4.4.3\libgcc.a(unwind-arm.o) (__gnu_unwind_execute)
c:/android-ndk/toolchains/arm-linux-androideabi-4.4.3/prebuilt/windows/bin/../lib/gcc/arm-linux-androideabi/4.4.3\libgcc.a(_divdi3.o)
                              c:/android-ndk/toolchains/arm-linux-androideabi-4.4.3/prebuilt/windows/bin/../lib/gcc/arm-linux-androideabi/4.4.3\libgcc.a(bpabi.o) (__divdi3)
c:/android-ndk/toolchains/arm-linux-androideabi-4.4.3/prebuilt/windows/bin/../lib/gcc/arm-linux-androideabi/4.4.3\libgcc.a(_udivdi3.o)
                              c:/android-ndk/toolchains/arm-linux-androideabi-4.4.3/prebuilt/windows/bin/../lib/gcc/arm-linux-androideabi/4.4.3\libgcc.a(bpabi.o) (__udivdi3)
c:/android-ndk/toolchains/arm-linux-androideabi-4.4.3/prebuilt/windows/bin/../lib/gcc/arm-linux-androideabi/4.4.3\libgcc.a(_udivsi3.o)
                              c:/android-ndk/toolchains/arm-linux-androideabi-4.4.3/prebuilt/windows/bin/../lib/gcc/arm-linux-androideabi/4.4.3\libgcc.a(_divdi3.o) (__aeabi_uidiv)
c:/android-ndk/toolchains/arm-linux-androideabi-4.4.3/prebuilt/windows/bin/../lib/gcc/arm-linux-androideabi/4.4.3\libgcc.a(_dvmd_lnx.o)
                              c:/android-ndk/toolchains/arm-linux-androideabi-4.4.3/prebuilt/windows/bin/../lib/gcc/arm-linux-androideabi/4.4.3\libgcc.a(_udivsi3.o) (__div0)

Discarded input sections

 .text          0x00000000        0x0 c:/android-ndk/platforms/android-9/arch-arm/usr/lib/crtbegin_so.o
 .bss           0x00000000        0x0 c:/android-ndk/platforms/android-9/arch-arm/usr/lib/crtbegin_so.o
 .note.GNU-stack
                0x00000000        0x0 c:/android-ndk/platforms/android-9/arch-arm/usr/lib/crtbegin_so.o
 _ZN7_JNIEnv9FindClassEPKc
                0x00000000        0x0 debug\ouyaFace_platform.os
 _ZN7_JNIEnv17ExceptionOccurredEv
                0x00000000        0x0 debug\ouyaFace_platform.os
 _ZN7_JNIEnv17ExceptionDescribeEv
                0x00000000        0x0 debug\ouyaFace_platform.os
 _ZN7_JNIEnv14ExceptionClearEv
                0x00000000        0x0 debug\ouyaFace_platform.os
 _ZN7_JNIEnv12NewGlobalRefEP8_jobject
                0x00000000        0x0 debug\ouyaFace_platform.os
 _ZN7_JNIEnv15DeleteGlobalRefEP8_jobject
                0x00000000        0x0 debug\ouyaFace_platform.os
 _ZN7_JNIEnv14DeleteLocalRefEP8_jobject
                0x00000000        0x0 debug\ouyaFace_platform.os
 _ZN7_JNIEnv9NewObjectEP7_jclassP10_jmethodIDz
                0x00000000        0x0 debug\ouyaFace_platform.os
 _ZN7_JNIEnv11GetMethodIDEP7_jclassPKcS3_
                0x00000000        0x0 debug\ouyaFace_platform.os
 _ZN7_JNIEnv16CallObjectMethodEP8_jobjectP10_jmethodIDz
                0x00000000        0x0 debug\ouyaFace_platform.os
 _ZN7_JNIEnv17CallBooleanMethodEP8_jobjectP10_jmethodIDz
                0x00000000        0x0 debug\ouyaFace_platform.os
 _ZN7_JNIEnv13CallIntMethodEP8_jobjectP10_jmethodIDz
                0x00000000        0x0 debug\ouyaFace_platform.os
 _ZN7_JNIEnv14CallLongMethodEP8_jobjectP10_jmethodIDz
                0x00000000        0x0 debug\ouyaFace_platform.os
 _ZN7_JNIEnv15CallFloatMethodEP8_jobjectP10_jmethodIDz
                0x00000000        0x0 debug\ouyaFace_platform.os
 _ZN7_JNIEnv14CallVoidMethodEP8_jobjectP10_jmethodIDz
                0x00000000        0x0 debug\ouyaFace_platform.os
 _ZN7_JNIEnv12NewStringUTFEPKc
                0x00000000        0x0 debug\ouyaFace_platform.os
 _ZN7_JNIEnv18GetStringUTFLengthEP8_jstring
                0x00000000        0x0 debug\ouyaFace_platform.os
 _ZN7_JNIEnv17GetStringUTFCharsEP8_jstringPh
                0x00000000        0x0 debug\ouyaFace_platform.os
 _ZN7_JNIEnv21ReleaseStringUTFCharsEP8_jstringPKc
                0x00000000        0x0 debug\ouyaFace_platform.os
 _ZN7_JNIEnv14GetArrayLengthEP7_jarray
                0x00000000        0x0 debug\ouyaFace_platform.os
 _ZN7_JNIEnv14NewObjectArrayEiP7_jclassP8_jobject
                0x00000000        0x0 debug\ouyaFace_platform.os
 _ZN7_JNIEnv21GetObjectArrayElementEP13_jobjectArrayi
                0x00000000        0x0 debug\ouyaFace_platform.os
 _ZN7_JNIEnv21SetObjectArrayElementEP13_jobjectArrayiP8_jobject
                0x00000000        0x0 debug\ouyaFace_platform.os
 _ZN7_JNIEnv15RegisterNativesEP7_jclassPK15JNINativeMethodi
                0x00000000        0x0 debug\ouyaFace_platform.os
 _ZN7_JavaVM6GetEnvEPPvi
                0x00000000        0x0 debug\ouyaFace_platform.os
 .text          0x00000000        0x0 debug\ouyaFace_platform.os
 .data          0x00000000        0x0 debug\ouyaFace_platform.os
 .text._ZL34ouyaFacadePurchaseCompleteCallbackjiPvS_iS_
                0x00000000        0x0 debug\ouyaFace_platform.os
 .note.GNU-stack
                0x00000000        0x0 debug\ouyaFace_platform.os
 .text          0x00000000        0x0 debug\ouyaFace.os
 .data          0x00000000        0x0 debug\ouyaFace.os
 .bss           0x00000000        0x0 debug\ouyaFace.os
 .note.GNU-stack
                0x00000000        0x0 debug\ouyaFace.os
 .text          0x00000000        0x0 debug\ouyaFace_register.os
 .data          0x00000000        0x0 debug\ouyaFace_register.os
 .bss           0x00000000        0x0 debug\ouyaFace_register.os
 .note.GNU-stack
                0x00000000        0x0 debug\ouyaFace_register.os
 .text          0x00000000        0x0 C:\marmalade\6.2\s3e\edk\lib\android\libedk.a(IwDebug.o)
 .data          0x00000000        0x0 C:\marmalade\6.2\s3e\edk\lib\android\libedk.a(IwDebug.o)
 .text.IwAssertRegisterTextCallback
                0x00000000        0x0 C:\marmalade\6.2\s3e\edk\lib\android\libedk.a(IwDebug.o)
 .text.IwAssertRegisterCallback
                0x00000000        0x0 C:\marmalade\6.2\s3e\edk\lib\android\libedk.a(IwDebug.o)
 .text.IwDebugErrorRegisterCallback
                0x00000000        0x0 C:\marmalade\6.2\s3e\edk\lib\android\libedk.a(IwDebug.o)
 .text.IwDebugClearConfigCache
                0x00000000        0x0 C:\marmalade\6.2\s3e\edk\lib\android\libedk.a(IwDebug.o)
 .text.IwDebugErrorShow
                0x00000000        0x0 C:\marmalade\6.2\s3e\edk\lib\android\libedk.a(IwDebug.o)
 .text.IwDebugTraceLineVPrintf
                0x00000000        0x0 C:\marmalade\6.2\s3e\edk\lib\android\libedk.a(IwDebug.o)
 .text.IwDebugTraceDisable
                0x00000000        0x0 C:\marmalade\6.2\s3e\edk\lib\android\libedk.a(IwDebug.o)
 .text.IwDebugTraceChannelSwitch
                0x00000000        0x0 C:\marmalade\6.2\s3e\edk\lib\android\libedk.a(IwDebug.o)
 .note.GNU-stack
                0x00000000        0x0 C:\marmalade\6.2\s3e\edk\lib\android\libedk.a(IwDebug.o)
 .text          0x00000000        0x0 C:\marmalade\6.2\s3e\edk\lib\android\libedk.a(edk_helpers.o)
 .data          0x00000000        0x0 C:\marmalade\6.2\s3e\edk\lib\android\libedk.a(edk_helpers.o)
 .bss           0x00000000        0x0 C:\marmalade\6.2\s3e\edk\lib\android\libedk.a(edk_helpers.o)
 .text.s3eEdkThreadRunOnOSAsync
                0x00000000        0x0 C:\marmalade\6.2\s3e\edk\lib\android\libedk.a(edk_helpers.o)
 .text.s3eEdkErrorSetString
                0x00000000        0x0 C:\marmalade\6.2\s3e\edk\lib\android\libedk.a(edk_helpers.o)
 .note.GNU-stack
                0x00000000        0x0 C:\marmalade\6.2\s3e\edk\lib\android\libedk.a(edk_helpers.o)
 .data          0x00000000        0x0 c:/android-ndk/toolchains/arm-linux-androideabi-4.4.3/prebuilt/windows/bin/../lib/gcc/arm-linux-androideabi/4.4.3\libgcc.a(_aeabi_ldivmod.o)
 .bss           0x00000000        0x0 c:/android-ndk/toolchains/arm-linux-androideabi-4.4.3/prebuilt/windows/bin/../lib/gcc/arm-linux-androideabi/4.4.3\libgcc.a(_aeabi_ldivmod.o)
 .note.GNU-stack
                0x00000000        0x0 c:/android-ndk/toolchains/arm-linux-androideabi-4.4.3/prebuilt/windows/bin/../lib/gcc/arm-linux-androideabi/4.4.3\libgcc.a(_aeabi_ldivmod.o)
 .data          0x00000000        0x0 c:/android-ndk/toolchains/arm-linux-androideabi-4.4.3/prebuilt/windows/bin/../lib/gcc/arm-linux-androideabi/4.4.3\libgcc.a(bpabi.o)
 .bss           0x00000000        0x0 c:/android-ndk/toolchains/arm-linux-androideabi-4.4.3/prebuilt/windows/bin/../lib/gcc/arm-linux-androideabi/4.4.3\libgcc.a(bpabi.o)
 .ARM.extab     0x00000000        0x0 c:/android-ndk/toolchains/arm-linux-androideabi-4.4.3/prebuilt/windows/bin/../lib/gcc/arm-linux-androideabi/4.4.3\libgcc.a(bpabi.o)
 .note.GNU-stack
                0x00000000        0x0 c:/android-ndk/toolchains/arm-linux-androideabi-4.4.3/prebuilt/windows/bin/../lib/gcc/arm-linux-androideabi/4.4.3\libgcc.a(bpabi.o)
 .data          0x00000000        0x0 c:/android-ndk/toolchains/arm-linux-androideabi-4.4.3/prebuilt/windows/bin/../lib/gcc/arm-linux-androideabi/4.4.3\libgcc.a(unwind-arm.o)
 .bss           0x00000000        0x0 c:/android-ndk/toolchains/arm-linux-androideabi-4.4.3/prebuilt/windows/bin/../lib/gcc/arm-linux-androideabi/4.4.3\libgcc.a(unwind-arm.o)
 .note.GNU-stack
                0x00000000        0x0 c:/android-ndk/toolchains/arm-linux-androideabi-4.4.3/prebuilt/windows/bin/../lib/gcc/arm-linux-androideabi/4.4.3\libgcc.a(unwind-arm.o)
 .data          0x00000000        0x0 c:/android-ndk/toolchains/arm-linux-androideabi-4.4.3/prebuilt/windows/bin/../lib/gcc/arm-linux-androideabi/4.4.3\libgcc.a(libunwind.o)
 .bss           0x00000000        0x0 c:/android-ndk/toolchains/arm-linux-androideabi-4.4.3/prebuilt/windows/bin/../lib/gcc/arm-linux-androideabi/4.4.3\libgcc.a(libunwind.o)
 .note.GNU-stack
                0x00000000        0x0 c:/android-ndk/toolchains/arm-linux-androideabi-4.4.3/prebuilt/windows/bin/../lib/gcc/arm-linux-androideabi/4.4.3\libgcc.a(libunwind.o)
 .data          0x00000000        0x0 c:/android-ndk/toolchains/arm-linux-androideabi-4.4.3/prebuilt/windows/bin/../lib/gcc/arm-linux-androideabi/4.4.3\libgcc.a(pr-support.o)
 .bss           0x00000000        0x0 c:/android-ndk/toolchains/arm-linux-androideabi-4.4.3/prebuilt/windows/bin/../lib/gcc/arm-linux-androideabi/4.4.3\libgcc.a(pr-support.o)
 .ARM.extab     0x00000000        0x0 c:/android-ndk/toolchains/arm-linux-androideabi-4.4.3/prebuilt/windows/bin/../lib/gcc/arm-linux-androideabi/4.4.3\libgcc.a(pr-support.o)
 .note.GNU-stack
                0x00000000        0x0 c:/android-ndk/toolchains/arm-linux-androideabi-4.4.3/prebuilt/windows/bin/../lib/gcc/arm-linux-androideabi/4.4.3\libgcc.a(pr-support.o)
 .data          0x00000000        0x0 c:/android-ndk/toolchains/arm-linux-androideabi-4.4.3/prebuilt/windows/bin/../lib/gcc/arm-linux-androideabi/4.4.3\libgcc.a(_divdi3.o)
 .bss           0x00000000        0x0 c:/android-ndk/toolchains/arm-linux-androideabi-4.4.3/prebuilt/windows/bin/../lib/gcc/arm-linux-androideabi/4.4.3\libgcc.a(_divdi3.o)
 .ARM.extab     0x00000000        0x0 c:/android-ndk/toolchains/arm-linux-androideabi-4.4.3/prebuilt/windows/bin/../lib/gcc/arm-linux-androideabi/4.4.3\libgcc.a(_divdi3.o)
 .note.GNU-stack
                0x00000000        0x0 c:/android-ndk/toolchains/arm-linux-androideabi-4.4.3/prebuilt/windows/bin/../lib/gcc/arm-linux-androideabi/4.4.3\libgcc.a(_divdi3.o)
 .data          0x00000000        0x0 c:/android-ndk/toolchains/arm-linux-androideabi-4.4.3/prebuilt/windows/bin/../lib/gcc/arm-linux-androideabi/4.4.3\libgcc.a(_udivdi3.o)
 .bss           0x00000000        0x0 c:/android-ndk/toolchains/arm-linux-androideabi-4.4.3/prebuilt/windows/bin/../lib/gcc/arm-linux-androideabi/4.4.3\libgcc.a(_udivdi3.o)
 .ARM.extab     0x00000000        0x0 c:/android-ndk/toolchains/arm-linux-androideabi-4.4.3/prebuilt/windows/bin/../lib/gcc/arm-linux-androideabi/4.4.3\libgcc.a(_udivdi3.o)
 .note.GNU-stack
                0x00000000        0x0 c:/android-ndk/toolchains/arm-linux-androideabi-4.4.3/prebuilt/windows/bin/../lib/gcc/arm-linux-androideabi/4.4.3\libgcc.a(_udivdi3.o)
 .data          0x00000000        0x0 c:/android-ndk/toolchains/arm-linux-androideabi-4.4.3/prebuilt/windows/bin/../lib/gcc/arm-linux-androideabi/4.4.3\libgcc.a(_udivsi3.o)
 .bss           0x00000000        0x0 c:/android-ndk/toolchains/arm-linux-androideabi-4.4.3/prebuilt/windows/bin/../lib/gcc/arm-linux-androideabi/4.4.3\libgcc.a(_udivsi3.o)
 .note.GNU-stack
                0x00000000        0x0 c:/android-ndk/toolchains/arm-linux-androideabi-4.4.3/prebuilt/windows/bin/../lib/gcc/arm-linux-androideabi/4.4.3\libgcc.a(_udivsi3.o)
 .data          0x00000000        0x0 c:/android-ndk/toolchains/arm-linux-androideabi-4.4.3/prebuilt/windows/bin/../lib/gcc/arm-linux-androideabi/4.4.3\libgcc.a(_dvmd_lnx.o)
 .bss           0x00000000        0x0 c:/android-ndk/toolchains/arm-linux-androideabi-4.4.3/prebuilt/windows/bin/../lib/gcc/arm-linux-androideabi/4.4.3\libgcc.a(_dvmd_lnx.o)
 .note.GNU-stack
                0x00000000        0x0 c:/android-ndk/toolchains/arm-linux-androideabi-4.4.3/prebuilt/windows/bin/../lib/gcc/arm-linux-androideabi/4.4.3\libgcc.a(_dvmd_lnx.o)
 .text          0x00000000        0x0 c:/android-ndk/platforms/android-9/arch-arm/usr/lib/crtend_so.o
 .data          0x00000000        0x0 c:/android-ndk/platforms/android-9/arch-arm/usr/lib/crtend_so.o
 .bss           0x00000000        0x0 c:/android-ndk/platforms/android-9/arch-arm/usr/lib/crtend_so.o
 .note.GNU-stack
                0x00000000        0x0 c:/android-ndk/platforms/android-9/arch-arm/usr/lib/crtend_so.o

Memory Configuration

Name             Origin             Length             Attributes
*default*        0x00000000         0xffffffff

Linker script and memory map

LOAD c:/android-ndk/platforms/android-9/arch-arm/usr/lib/crtbegin_so.o
LOAD debug\ouyaFace_platform.os
LOAD debug\ouyaFace.os
LOAD debug\ouyaFace_register.os
LOAD C:\marmalade\6.2\s3e\edk\lib\android\libedk.a
LOAD C:\marmalade\6.2\s3e\edk\lib\android/libplaceholderplaceholderplaceholderplaceholderplaceholder.so
LOAD C:\android-ndk\platforms\android-9\arch-arm\usr\lib/liblog.so
LOAD C:\android-ndk\sources\cxx-stl\gnu-libstdc++\4.4.3\libs\armeabi\libgnustl_static.a
LOAD c:/android-ndk/toolchains/arm-linux-androideabi-4.4.3/prebuilt/windows/bin/../lib/gcc/arm-linux-androideabi/4.4.3\libgcc.a
LOAD C:\android-ndk\platforms\android-9\arch-arm\usr\lib/libstdc++.so
LOAD C:\android-ndk\platforms\android-9\arch-arm\usr\lib/libm.so
LOAD C:\android-ndk\platforms\android-9\arch-arm\usr\lib/libc.so
LOAD c:/android-ndk/toolchains/arm-linux-androideabi-4.4.3/prebuilt/windows/bin/../lib/gcc/arm-linux-androideabi/4.4.3\libgcc.a
LOAD C:\android-ndk\platforms\android-9\arch-arm\usr\lib/libc.so
LOAD C:\android-ndk\platforms\android-9\arch-arm\usr\lib/libdl.so
LOAD c:/android-ndk/toolchains/arm-linux-androideabi-4.4.3/prebuilt/windows/bin/../lib/gcc/arm-linux-androideabi/4.4.3\libgcc.a
LOAD c:/android-ndk/platforms/android-9/arch-arm/usr/lib/crtend_so.o
                0x000000f4                . = (0x0 + SIZEOF_HEADERS)

.note.gnu.build-id
 *(.note.gnu.build-id)

.hash           0x000000f4      0x320
 *(.hash)
 .hash          0x000000f4      0x320 c:/android-ndk/platforms/android-9/arch-arm/usr/lib/crtbegin_so.o

.gnu.hash
 *(.gnu.hash)

.dynsym         0x00000414      0x650
 *(.dynsym)
 .dynsym        0x00000414      0x650 c:/android-ndk/platforms/android-9/arch-arm/usr/lib/crtbegin_so.o

.dynstr         0x00000a64      0x685
 *(.dynstr)
 .dynstr        0x00000a64      0x685 c:/android-ndk/platforms/android-9/arch-arm/usr/lib/crtbegin_so.o

.gnu.version    0x000010ea        0x0 load address 0x000010e9
 *(.gnu.version)
 .gnu.version   0x00000000        0x0 c:/android-ndk/platforms/android-9/arch-arm/usr/lib/crtbegin_so.o

.gnu.version_d  0x000010ec        0x0 load address 0x000010e9
 *(.gnu.version_d)
 .gnu.version_d
                0x00000000        0x0 c:/android-ndk/platforms/android-9/arch-arm/usr/lib/crtbegin_so.o

.gnu.version_r  0x000010ec        0x0 load address 0x000010e9
 *(.gnu.version_r)
 .gnu.version_r
                0x00000000        0x0 c:/android-ndk/platforms/android-9/arch-arm/usr/lib/crtbegin_so.o

.rel.dyn        0x000010ec      0x160
 *(.rel.init)
 *(.rel.text .rel.text.* .rel.gnu.linkonce.t.*)
 *(.rel.fini)
 *(.rel.rodata .rel.rodata.* .rel.gnu.linkonce.r.*)
 *(.rel.data.rel.ro* .rel.gnu.linkonce.d.rel.ro.*)
 .rel.data.rel.ro
                0x000010ec       0x90 c:/android-ndk/platforms/android-9/arch-arm/usr/lib/crtbegin_so.o
 *(.rel.data .rel.data.* .rel.gnu.linkonce.d.*)
 *(.rel.tdata .rel.tdata.* .rel.gnu.linkonce.td.*)
 *(.rel.tbss .rel.tbss.* .rel.gnu.linkonce.tb.*)
 *(.rel.ctors)
 *(.rel.dtors)
 *(.rel.got)
 .rel.got       0x0000117c       0xc0 c:/android-ndk/platforms/android-9/arch-arm/usr/lib/crtbegin_so.o
 *(.rel.bss .rel.bss.* .rel.gnu.linkonce.b.*)
 .rel.fini_array
                0x0000123c        0x8 c:/android-ndk/platforms/android-9/arch-arm/usr/lib/crtbegin_so.o
 .rel.init_array
                0x00001244        0x8 c:/android-ndk/platforms/android-9/arch-arm/usr/lib/crtbegin_so.o

.rela.dyn
 *(.rela.init)
 *(.rela.text .rela.text.* .rela.gnu.linkonce.t.*)
 *(.rela.fini)
 *(.rela.rodata .rela.rodata.* .rela.gnu.linkonce.r.*)
 *(.rela.data .rela.data.* .rela.gnu.linkonce.d.*)
 *(.rela.tdata .rela.tdata.* .rela.gnu.linkonce.td.*)
 *(.rela.tbss .rela.tbss.* .rela.gnu.linkonce.tb.*)
 *(.rela.ctors)
 *(.rela.dtors)
 *(.rela.got)
 *(.rela.bss .rela.bss.* .rela.gnu.linkonce.b.*)

.rel.plt        0x0000124c       0xf0
 *(.rel.plt)
 .rel.plt       0x0000124c       0xf0 c:/android-ndk/platforms/android-9/arch-arm/usr/lib/crtbegin_so.o

.rela.plt
 *(.rela.plt)

.init
 *(.init)

.plt            0x0000133c      0x17c
 *(.plt)
 .plt           0x0000133c      0x17c c:/android-ndk/platforms/android-9/arch-arm/usr/lib/crtbegin_so.o

.text           0x000014b8     0x5838
 *(.text .stub .text.* .gnu.linkonce.t.*)
 .text.exit     0x000014b8       0x10 c:/android-ndk/platforms/android-9/arch-arm/usr/lib/crtbegin_so.o
                0x000014b8                __on_dlclose
 .text._ZN7_JNIEnv9FindClassEPKc
                0x000014c8       0x38 debug\ouyaFace_platform.os
                0x000014c8                _JNIEnv::FindClass(char const*)
 .text._ZN7_JNIEnv17ExceptionOccurredEv
                0x00001500       0x30 debug\ouyaFace_platform.os
                0x00001500                _JNIEnv::ExceptionOccurred()
 .text._ZN7_JNIEnv17ExceptionDescribeEv
                0x00001530       0x28 debug\ouyaFace_platform.os
                0x00001530                _JNIEnv::ExceptionDescribe()
 .text._ZN7_JNIEnv14ExceptionClearEv
                0x00001558       0x28 debug\ouyaFace_platform.os
                0x00001558                _JNIEnv::ExceptionClear()
 .text._ZN7_JNIEnv12NewGlobalRefEP8_jobject
                0x00001580       0x38 debug\ouyaFace_platform.os
                0x00001580                _JNIEnv::NewGlobalRef(_jobject*)
 .text._ZN7_JNIEnv15DeleteGlobalRefEP8_jobject
                0x000015b8       0x30 debug\ouyaFace_platform.os
                0x000015b8                _JNIEnv::DeleteGlobalRef(_jobject*)
 .text._ZN7_JNIEnv14DeleteLocalRefEP8_jobject
                0x000015e8       0x30 debug\ouyaFace_platform.os
                0x000015e8                _JNIEnv::DeleteLocalRef(_jobject*)
 .text._ZN7_JNIEnv9NewObjectEP7_jclassP10_jmethodIDz
                0x00001618       0x5c debug\ouyaFace_platform.os
                0x00001618                _JNIEnv::NewObject(_jclass*, _jmethodID*, ...)
 .text._ZN7_JNIEnv11GetMethodIDEP7_jclassPKcS3_
                0x00001674       0x48 debug\ouyaFace_platform.os
                0x00001674                _JNIEnv::GetMethodID(_jclass*, char const*, char const*)
 .text._ZN7_JNIEnv16CallObjectMethodEP8_jobjectP10_jmethodIDz
                0x000016bc       0x5c debug\ouyaFace_platform.os
                0x000016bc                _JNIEnv::CallObjectMethod(_jobject*, _jmethodID*, ...)
 .text._ZN7_JNIEnv17CallBooleanMethodEP8_jobjectP10_jmethodIDz
                0x00001718       0x5c debug\ouyaFace_platform.os
                0x00001718                _JNIEnv::CallBooleanMethod(_jobject*, _jmethodID*, ...)
 .text._ZN7_JNIEnv13CallIntMethodEP8_jobjectP10_jmethodIDz
                0x00001774       0x5c debug\ouyaFace_platform.os
                0x00001774                _JNIEnv::CallIntMethod(_jobject*, _jmethodID*, ...)
 .text._ZN7_JNIEnv14CallLongMethodEP8_jobjectP10_jmethodIDz
                0x000017d0       0x64 debug\ouyaFace_platform.os
                0x000017d0                _JNIEnv::CallLongMethod(_jobject*, _jmethodID*, ...)
 .text._ZN7_JNIEnv15CallFloatMethodEP8_jobjectP10_jmethodIDz
                0x00001834       0x60 debug\ouyaFace_platform.os
                0x00001834                _JNIEnv::CallFloatMethod(_jobject*, _jmethodID*, ...)
 .text._ZN7_JNIEnv14CallVoidMethodEP8_jobjectP10_jmethodIDz
                0x00001894       0x4c debug\ouyaFace_platform.os
                0x00001894                _JNIEnv::CallVoidMethod(_jobject*, _jmethodID*, ...)
 .text._ZN7_JNIEnv12NewStringUTFEPKc
                0x000018e0       0x38 debug\ouyaFace_platform.os
                0x000018e0                _JNIEnv::NewStringUTF(char const*)
 .text._ZN7_JNIEnv18GetStringUTFLengthEP8_jstring
                0x00001918       0x38 debug\ouyaFace_platform.os
                0x00001918                _JNIEnv::GetStringUTFLength(_jstring*)
 .text._ZN7_JNIEnv17GetStringUTFCharsEP8_jstringPh
                0x00001950       0x40 debug\ouyaFace_platform.os
                0x00001950                _JNIEnv::GetStringUTFChars(_jstring*, unsigned char*)
 .text._ZN7_JNIEnv21ReleaseStringUTFCharsEP8_jstringPKc
                0x00001990       0x38 debug\ouyaFace_platform.os
                0x00001990                _JNIEnv::ReleaseStringUTFChars(_jstring*, char const*)
 .text._ZN7_JNIEnv14GetArrayLengthEP7_jarray
                0x000019c8       0x38 debug\ouyaFace_platform.os
                0x000019c8                _JNIEnv::GetArrayLength(_jarray*)
 .text._ZN7_JNIEnv14NewObjectArrayEiP7_jclassP8_jobject
                0x00001a00       0x48 debug\ouyaFace_platform.os
                0x00001a00                _JNIEnv::NewObjectArray(int, _jclass*, _jobject*)
 .text._ZN7_JNIEnv21GetObjectArrayElementEP13_jobjectArrayi
                0x00001a48       0x40 debug\ouyaFace_platform.os
                0x00001a48                _JNIEnv::GetObjectArrayElement(_jobjectArray*, int)
 .text._ZN7_JNIEnv21SetObjectArrayElementEP13_jobjectArrayiP8_jobject
                0x00001a88       0x40 debug\ouyaFace_platform.os
                0x00001a88                _JNIEnv::SetObjectArrayElement(_jobjectArray*, int, _jobject*)
 .text._ZN7_JNIEnv15RegisterNativesEP7_jclassPK15JNINativeMethodi
                0x00001ac8       0x48 debug\ouyaFace_platform.os
                0x00001ac8                _JNIEnv::RegisterNatives(_jclass*, JNINativeMethod const*, int)
 .text._ZN7_JavaVM6GetEnvEPPvi
                0x00001b10       0x40 debug\ouyaFace_platform.os
                0x00001b10                _JavaVM::GetEnv(void**, int)
 .text._ZL15s3eEdkJNIGetEnvv
                0x00001b50       0x44 debug\ouyaFace_platform.os
 .text._ZL27s3eEdkAndroidFindClass_realPKc
                0x00001b94       0xa4 debug\ouyaFace_platform.os
 .text._ZL22s3eEdkAndroidFindClassPKc
                0x00001c38       0x38 debug\ouyaFace_platform.os
 .text._ZL11IwDebugExitv
                0x00001c70        0x8 debug\ouyaFace_platform.os
 .text._ZL26ouyaFacadeCompleteCallbackjiPvS_iS_
                0x00001c78      0x160 debug\ouyaFace_platform.os
 .text._ZL34ouyaFacadeReceiptsCompleteCallbackjiPvS_iS_
                0x00001dd8      0x1d8 debug\ouyaFace_platform.os
 .text._ZL37ouyaFacadeProductListCompleteCallbackjiPvS_iS_
                0x00001fb0      0x204 debug\ouyaFace_platform.os
 .text._Z28ouyaFaceOnGenericMotionEventP7_JNIEnvP8_jobjectiiffffff
                0x000021b4       0x9c debug\ouyaFace_platform.os
                0x000021b4                ouyaFaceOnGenericMotionEvent(_JNIEnv*, _jobject*, int, int, float, float, float, float, float, float)
 .text._Z18ouyaFaceOnKeyEventP7_JNIEnvP8_jobjectiiii
                0x00002250       0x7c debug\ouyaFace_platform.os
                0x00002250                ouyaFaceOnKeyEvent(_JNIEnv*, _jobject*, int, int, int, int)
 .text._Z25ouyaFaceOnGamerUUIDResultP7_JNIEnvP8_jobjectiP8_jstring
                0x000022cc       0xd8 debug\ouyaFace_platform.os
                0x000022cc                ouyaFaceOnGamerUUIDResult(_JNIEnv*, _jobject*, int, _jstring*)
 .text._Z24ouyaFaceOnReceiptsResultP7_JNIEnvP8_jobjectiP13_jobjectArray
                0x000023a4      0x400 debug\ouyaFace_platform.os
                0x000023a4                ouyaFaceOnReceiptsResult(_JNIEnv*, _jobject*, int, _jobjectArray*)
 .text._Z27ouyaFaceOnProductListResultP7_JNIEnvP8_jobjectiP13_jobjectArray
                0x000027a4      0x36c debug\ouyaFace_platform.os
                0x000027a4                ouyaFaceOnProductListResult(_JNIEnv*, _jobject*, int, _jobjectArray*)
 .text._Z24ouyaFaceOnPurchaseResultP7_JNIEnvP8_jobjectiS2_
                0x00002b10      0x280 debug\ouyaFace_platform.os
                0x00002b10                ouyaFaceOnPurchaseResult(_JNIEnv*, _jobject*, int, _jobject*)
 .text._Z21ouyaFaceInit_platformv
                0x00002d90      0x7a0 debug\ouyaFace_platform.os
                0x00002d90                ouyaFaceInit_platform()
 .text._Z26ouyaFaceTerminate_platformv
                0x00003530        0x4 debug\ouyaFace_platform.os
                0x00003530                ouyaFaceTerminate_platform()
 .text._Z17ouyaInit_platformPKcS0_
                0x00003534       0x88 debug\ouyaFace_platform.os
                0x00003534                ouyaInit_platform(char const*, char const*)
 .text._Z17ouyaTerm_platformv
                0x000035bc       0x4c debug\ouyaFace_platform.os
                0x000035bc                ouyaTerm_platform()
 .text._Z32ouyaFacadeIsInitialised_platformv
                0x00003608       0x64 debug\ouyaFace_platform.os
                0x00003608                ouyaFacadeIsInitialised_platform()
 .text._Z42ouyaFacadeIsRunningOnOUYAHardware_platformv
                0x0000366c       0x64 debug\ouyaFace_platform.os
                0x0000366c                ouyaFacadeIsRunningOnOUYAHardware_platform()
 .text._Z30ouyaFacadeGetGameData_platformPKcPci
                0x000036d0      0x108 debug\ouyaFace_platform.os
                0x000036d0                ouyaFacadeGetGameData_platform(char const*, char*, int)
 .text._Z30ouyaFacadePutGameData_platformPKcS0_
                0x000037d8       0xa8 debug\ouyaFace_platform.os
                0x000037d8                ouyaFacadePutGameData_platform(char const*, char const*)
 .text._Z30ouyaFacadeSetTestMode_platformv
                0x00003880       0x4c debug\ouyaFace_platform.os
                0x00003880                ouyaFacadeSetTestMode_platform()
 .text._Z35ouyaFacadeRequestGamerUUID_platformPFiPvS_ES_
                0x000038cc       0x98 debug\ouyaFace_platform.os
                0x000038cc                ouyaFacadeRequestGamerUUID_platform(int (*)(void*, void*), void*)
 .text._Z34ouyaFacadeRequestReceipts_platformPFiPvS_ES_
                0x00003964       0x98 debug\ouyaFace_platform.os
                0x00003964                ouyaFacadeRequestReceipts_platform(int (*)(void*, void*), void*)
 .text._Z37ouyaFacadeRequestProductList_platformPPKciPFiPvS2_ES2_
                0x000039fc      0x178 debug\ouyaFace_platform.os
                0x000039fc                ouyaFacadeRequestProductList_platform(char const**, int, int (*)(void*, void*), void*)
 .text._Z34ouyaFacadeRequestPurchase_platformPKcPFiPvS1_ES1_
                0x00003b74       0xc4 debug\ouyaFace_platform.os
                0x00003b74                ouyaFacadeRequestPurchase_platform(char const*, int (*)(void*, void*), void*)
 .text._Z31ouyaControllerRegister_platform19OuyaControllerEventPFiPvS0_ES0_
                0x00003c38       0x58 debug\ouyaFace_platform.os
                0x00003c38                ouyaControllerRegister_platform(OuyaControllerEvent, int (*)(void*, void*), void*)
 .text._Z33ouyaControllerUnRegister_platform19OuyaControllerEventPFiPvS0_E
                0x00003c90       0x4c debug\ouyaFace_platform.os
                0x00003c90                ouyaControllerUnRegister_platform(OuyaControllerEvent, int (*)(void*, void*))
 .text._Z37ouyaControllerGetButtonState_platformjj
                0x00003cdc       0x78 debug\ouyaFace_platform.os
                0x00003cdc                ouyaControllerGetButtonState_platform(unsigned int, unsigned int)
 .text._Z30ouyaControllerGetAxis_platformjj
                0x00003d54       0x70 debug\ouyaFace_platform.os
                0x00003d54                ouyaControllerGetAxis_platform(unsigned int, unsigned int)
 .text._Z12ouyaFaceInitv
                0x00003dc4       0x14 debug\ouyaFace.os
                0x00003dc4                ouyaFaceInit()
 .text._Z17ouyaFaceTerminatev
                0x00003dd8        0xc debug\ouyaFace.os
                0x00003dd8                ouyaFaceTerminate()
 .text.ouyaInit
                0x00003de4       0x24 debug\ouyaFace.os
                0x00003de4                ouyaInit
 .text.ouyaTerm
                0x00003e08        0xc debug\ouyaFace.os
                0x00003e08                ouyaTerm
 .text.ouyaFacadeIsInitialised
                0x00003e14       0x14 debug\ouyaFace.os
                0x00003e14                ouyaFacadeIsInitialised
 .text.ouyaFacadeIsRunningOnOUYAHardware
                0x00003e28       0x14 debug\ouyaFace.os
                0x00003e28                ouyaFacadeIsRunningOnOUYAHardware
 .text.ouyaFacadeGetGameData
                0x00003e3c       0x2c debug\ouyaFace.os
                0x00003e3c                ouyaFacadeGetGameData
 .text.ouyaFacadePutGameData
                0x00003e68       0x24 debug\ouyaFace.os
                0x00003e68                ouyaFacadePutGameData
 .text.ouyaFacadeSetTestMode
                0x00003e8c        0xc debug\ouyaFace.os
                0x00003e8c                ouyaFacadeSetTestMode
 .text.ouyaFacadeRequestGamerUUID
                0x00003e98       0x2c debug\ouyaFace.os
                0x00003e98                ouyaFacadeRequestGamerUUID
 .text.ouyaFacadeRequestReceipts
                0x00003ec4       0x2c debug\ouyaFace.os
                0x00003ec4                ouyaFacadeRequestReceipts
 .text.ouyaFacadeRequestProductList
                0x00003ef0       0x3c debug\ouyaFace.os
                0x00003ef0                ouyaFacadeRequestProductList
 .text.ouyaFacadeRequestPurchase
                0x00003f2c       0x34 debug\ouyaFace.os
                0x00003f2c                ouyaFacadeRequestPurchase
 .text.ouyaControllerRegister
                0x00003f60       0x34 debug\ouyaFace.os
                0x00003f60                ouyaControllerRegister
 .text.ouyaControllerUnRegister
                0x00003f94       0x2c debug\ouyaFace.os
                0x00003f94                ouyaControllerUnRegister
 .text.ouyaControllerGetButtonState
                0x00003fc0       0x2c debug\ouyaFace.os
                0x00003fc0                ouyaControllerGetButtonState
 .text.ouyaControllerGetAxis
                0x00003fec       0x34 debug\ouyaFace.os
                0x00003fec                ouyaControllerGetAxis
 .text._ZL13ouyaInit_wrapPKcS0_
                0x00004020       0xa0 debug\ouyaFace_register.os
 .text._ZL13ouyaTerm_wrapv
                0x000040c0       0x88 debug\ouyaFace_register.os
 .text._Z19ouyaFaceRegisterExtv
                0x00004148      0x174 debug\ouyaFace_register.os
                0x00004148                ouyaFaceRegisterExt()
 .text.RegisterExt
                0x000042bc        0xc debug\ouyaFace_register.os
                0x000042bc                RegisterExt
 .text.IwDebugTraceSetTraceChannel
                0x000042c8       0x1c C:\marmalade\6.2\s3e\edk\lib\android\libedk.a(IwDebug.o)
                0x000042c8                IwDebugTraceSetTraceChannel
 .text.IwDebugAssertSetUID
                0x000042e4       0x14 C:\marmalade\6.2\s3e\edk\lib\android\libedk.a(IwDebug.o)
                0x000042e4                IwDebugAssertSetUID
 .text._GLOBAL__I_Z__sdk_modules_iwcore_source_IwDebug.cpp
                0x000042f8       0xa4 C:\marmalade\6.2\s3e\edk\lib\android\libedk.a(IwDebug.o)
 .text.IwDebugAssertIsChannelOn
                0x0000439c      0x204 C:\marmalade\6.2\s3e\edk\lib\android\libedk.a(IwDebug.o)
                0x0000439c                IwDebugAssertIsChannelOn
 .text.IwDebugAssertSetMessage
                0x000045a0       0xfc C:\marmalade\6.2\s3e\edk\lib\android\libedk.a(IwDebug.o)
                0x000045a0                IwDebugAssertSetMessage
 .text.IwDebugAssertSetSolution
                0x0000469c       0xa0 C:\marmalade\6.2\s3e\edk\lib\android\libedk.a(IwDebug.o)
                0x0000469c                IwDebugAssertSetSolution
 .text.IwDebugAssertShow
                0x0000473c      0x2d0 C:\marmalade\6.2\s3e\edk\lib\android\libedk.a(IwDebug.o)
                0x0000473c                IwDebugAssertShow
 .text.IwDebugTraceIsChannelOn
                0x00004a0c      0x2b8 C:\marmalade\6.2\s3e\edk\lib\android\libedk.a(IwDebug.o)
                0x00004a0c                IwDebugTraceIsChannelOn
 .text.IwDebugTraceLinePrintf
                0x00004cc4      0x10c C:\marmalade\6.2\s3e\edk\lib\android\libedk.a(IwDebug.o)
                0x00004cc4                IwDebugTraceLinePrintf
 .text.s3eEdkThreadRunOnOS
                0x00004dd0       0x30 C:\marmalade\6.2\s3e\edk\lib\android\libedk.a(edk_helpers.o)
                0x00004dd0                s3eEdkThreadRunOnOS
 .text          0x00004e00       0x1c c:/android-ndk/toolchains/arm-linux-androideabi-4.4.3/prebuilt/windows/bin/../lib/gcc/arm-linux-androideabi/4.4.3\libgcc.a(_aeabi_ldivmod.o)
                0x00004e00                __aeabi_ldivmod
 .text          0x00004e1c       0x88 c:/android-ndk/toolchains/arm-linux-androideabi-4.4.3/prebuilt/windows/bin/../lib/gcc/arm-linux-androideabi/4.4.3\libgcc.a(bpabi.o)
                0x00004e1c                __gnu_uldivmod_helper
                0x00004e60                __gnu_ldivmod_helper
 .text          0x00004ea4      0xec4 c:/android-ndk/toolchains/arm-linux-androideabi-4.4.3/prebuilt/windows/bin/../lib/gcc/arm-linux-androideabi/4.4.3\libgcc.a(unwind-arm.o)
                0x000058cc                __gnu_Unwind_RaiseException
                0x00005424                __aeabi_unwind_cpp_pr0
                0x00004f54                _Unwind_GetCFA
                0x00004ef0                _Unwind_VRS_Set
                0x00005668                __gnu_Unwind_Backtrace
                0x000059fc                _Unwind_VRS_Pop
                0x00005414                __aeabi_unwind_cpp_pr2
                0x00004f60                _Unwind_DeleteException
                0x00004f5c                _Unwind_Complete
                0x00005990                __gnu_Unwind_Resume
                0x00005858                __gnu_Unwind_ForcedUnwind
                0x00005970                __gnu_Unwind_Resume_or_Rethrow
                0x00004ea4                _Unwind_VRS_Get
                0x0000541c                __aeabi_unwind_cpp_pr1
 .text          0x00005d68      0x1a8 c:/android-ndk/toolchains/arm-linux-androideabi-4.4.3/prebuilt/windows/bin/../lib/gcc/arm-linux-androideabi/4.4.3\libgcc.a(libunwind.o)
                0x00005ec8                ___Unwind_ForcedUnwind
                0x00005d84                __gnu_Unwind_Save_VFP
                0x00005ea4                _Unwind_Resume_or_Rethrow
                0x00005ea4                ___Unwind_Resume_or_Rethrow
                0x00005eec                _Unwind_Backtrace
                0x00005d68                __restore_core_regs
                0x00005da4                __gnu_Unwind_Save_VFP_D_16_to_31
                0x00005d94                __gnu_Unwind_Save_VFP_D
                0x00005eec                ___Unwind_Backtrace
                0x00005e5c                ___Unwind_RaiseException
                0x00005e80                ___Unwind_Resume
                0x00005dac                __gnu_Unwind_Restore_WMMXD
                0x00005d7c                __gnu_Unwind_Restore_VFP
                0x00005e80                _Unwind_Resume
                0x00005d8c                __gnu_Unwind_Restore_VFP_D
                0x00005d9c                __gnu_Unwind_Restore_VFP_D_16_to_31
                0x00005e5c                _Unwind_RaiseException
                0x00005d68                restore_core_regs
                0x00005e48                __gnu_Unwind_Save_WMMXC
                0x00005e34                __gnu_Unwind_Restore_WMMXC
                0x00005ec8                _Unwind_ForcedUnwind
                0x00005df0                __gnu_Unwind_Save_WMMXD
 .text          0x00005f10      0x484 c:/android-ndk/toolchains/arm-linux-androideabi-4.4.3/prebuilt/windows/bin/../lib/gcc/arm-linux-androideabi/4.4.3\libgcc.a(pr-support.o)
                0x00005fb0                _Unwind_GetRegionStart
                0x00005fdc                __gnu_unwind_execute
                0x00005f68                _Unwind_GetTextRelBase
                0x00005f78                _Unwind_GetLanguageSpecificData
                0x00006354                __gnu_unwind_frame
                0x00005f70                _Unwind_GetDataRelBase
 .text          0x00006394      0x47c c:/android-ndk/toolchains/arm-linux-androideabi-4.4.3/prebuilt/windows/bin/../lib/gcc/arm-linux-androideabi/4.4.3\libgcc.a(_divdi3.o)
                0x00006394                __divdi3
 .text          0x00006810      0x40c c:/android-ndk/toolchains/arm-linux-androideabi-4.4.3/prebuilt/windows/bin/../lib/gcc/arm-linux-androideabi/4.4.3\libgcc.a(_udivdi3.o)
                0x00006810                __udivdi3
 .text          0x00006c1c       0xc4 c:/android-ndk/toolchains/arm-linux-androideabi-4.4.3/prebuilt/windows/bin/../lib/gcc/arm-linux-androideabi/4.4.3\libgcc.a(_udivsi3.o)
                0x00006c1c                __udivsi3
                0x00006c1c                __aeabi_uidiv
                0x00006cc8                __aeabi_uidivmod
 .text          0x00006ce0       0x10 c:/android-ndk/toolchains/arm-linux-androideabi-4.4.3/prebuilt/windows/bin/../lib/gcc/arm-linux-androideabi/4.4.3\libgcc.a(_dvmd_lnx.o)
                0x00006ce0                __div0
 *(.gnu.warning)
 *(.glue_7t)
 .glue_7t       0x00000000        0x0 linker stubs
 *(.glue_7)
 .glue_7        0x00000000        0x0 linker stubs
 *(.vfp11_veneer)
 .vfp11_veneer  0x00000000        0x0 linker stubs
 *(.v4_bx)
 .v4_bx         0x00000000        0x0 linker stubs

.fini
 *(.fini)
                0x00006cf0                PROVIDE (__etext, .)
                0x00006cf0                PROVIDE (_etext, .)
                0x00006cf0                PROVIDE (etext, .)

.rodata         0x00006cf0      0x698
 *(.rodata .rodata.* .gnu.linkonce.r.*)
 .rodata        0x00006cf0      0x4fc debug\ouyaFace_platform.os
 .rodata        0x000071ec       0x80 debug\ouyaFace_register.os
 .rodata.str1.4
                0x0000726c      0x11c C:\marmalade\6.2\s3e\edk\lib\android\libedk.a(IwDebug.o)
                                0x120 (size before relaxing)

.rodata1
 *(.rodata1)

.ARM.extab      0x00007388       0x24
 *(.ARM.extab* .gnu.linkonce.armextab.*)
 .ARM.extab     0x00007388       0x24 c:/android-ndk/toolchains/arm-linux-androideabi-4.4.3/prebuilt/windows/bin/../lib/gcc/arm-linux-androideabi/4.4.3\libgcc.a(unwind-arm.o)
                0x000073ac                __exidx_start = .

.ARM.exidx      0x000073ac       0xf8
 *(.ARM.exidx* .gnu.linkonce.armexidx.*)
 .ARM.exidx     0x000073ac       0x10 c:/android-ndk/toolchains/arm-linux-androideabi-4.4.3/prebuilt/windows/bin/../lib/gcc/arm-linux-androideabi/4.4.3\libgcc.a(bpabi.o)
 .ARM.exidx     0x000073bc       0xa0 c:/android-ndk/toolchains/arm-linux-androideabi-4.4.3/prebuilt/windows/bin/../lib/gcc/arm-linux-androideabi/4.4.3\libgcc.a(unwind-arm.o)
 .ARM.exidx     0x0000745c       0x38 c:/android-ndk/toolchains/arm-linux-androideabi-4.4.3/prebuilt/windows/bin/../lib/gcc/arm-linux-androideabi/4.4.3\libgcc.a(pr-support.o)
 .ARM.exidx     0x00007494        0x8 c:/android-ndk/toolchains/arm-linux-androideabi-4.4.3/prebuilt/windows/bin/../lib/gcc/arm-linux-androideabi/4.4.3\libgcc.a(_divdi3.o)
 .ARM.exidx     0x0000749c        0x8 c:/android-ndk/toolchains/arm-linux-androideabi-4.4.3/prebuilt/windows/bin/../lib/gcc/arm-linux-androideabi/4.4.3\libgcc.a(_udivdi3.o)
                0x000074a4                __exidx_end = .

.eh_frame_hdr
 *(.eh_frame_hdr)

.eh_frame
 *(.eh_frame)

.gcc_except_table
 *(.gcc_except_table .gcc_except_table.*)
                0x000074a4                . = (ALIGN (0x1000) - ((0x1000 - .) & 0xfff))
                0x00008dec                . = (0x1000 DATA_SEGMENT_ALIGN 0x1000)

.eh_frame
 *(.eh_frame)

.gcc_except_table
 *(.gcc_except_table .gcc_except_table.*)

.tdata
 *(.tdata .tdata.* .gnu.linkonce.td.*)

.tbss
 *(.tbss .tbss.* .gnu.linkonce.tb.*)
 *(.tcommon)

.preinit_array
 *(.preinit_array)

.init_array     0x00008dec        0x8
 *(SORT(.init_array.*))
 *(.init_array)
 .init_array    0x00008dec        0x4 C:\marmalade\6.2\s3e\edk\lib\android\libedk.a(IwDebug.o)
 .init_array    0x00008df0        0x4 c:/android-ndk/platforms/android-9/arch-arm/usr/lib/crtend_so.o

.fini_array     0x00008df4        0x8
 *(.fini_array)
 .fini_array    0x00008df4        0x4 c:/android-ndk/platforms/android-9/arch-arm/usr/lib/crtbegin_so.o
 .fini_array    0x00008df8        0x4 c:/android-ndk/platforms/android-9/arch-arm/usr/lib/crtend_so.o
 *(SORT(.fini_array.*))

.ctors
 *crtbegin.o(.ctors)
 *crtbegin?.o(.ctors)
 *(EXCLUDE_FILE(*crtend?.o *crtend.o) .ctors)
 *(SORT(.ctors.*))
 *(.ctors)

.dtors
 *crtbegin.o(.dtors)
 *crtbegin?.o(.dtors)
 *(EXCLUDE_FILE(*crtend?.o *crtend.o) .dtors)
 *(SORT(.dtors.*))
 *(.dtors)

.jcr
 *(.jcr)

.data.rel.ro    0x00008dfc       0x48
 *(.data.rel.ro.local* .gnu.linkonce.d.rel.ro.local.*)
 *(.data.rel.ro* .gnu.linkonce.d.rel.ro.*)
 .data.rel.ro   0x00008dfc       0x48 debug\ouyaFace_platform.os

.dynamic        0x00008e44       0xd8
 *(.dynamic)
 .dynamic       0x00008e44       0xd8 c:/android-ndk/platforms/android-9/arch-arm/usr/lib/crtbegin_so.o
                0x00008e44                _DYNAMIC

.got            0x00008f1c       0xe4
 *(.got.plt)
 .got.plt       0x00008f1c       0x84 c:/android-ndk/platforms/android-9/arch-arm/usr/lib/crtbegin_so.o
                0x00008f1c                _GLOBAL_OFFSET_TABLE_
 *(.got)
 .got           0x00008fa0       0x60 c:/android-ndk/platforms/android-9/arch-arm/usr/lib/crtbegin_so.o
                0x00009000                . = (. DATA_SEGMENT_RELRO_END 0x0)

.data           0x00009000        0x4
                0x00009000                __data_start = .
 *(.data .data.* .gnu.linkonce.d.*)
 .data          0x00009000        0x4 c:/android-ndk/platforms/android-9/arch-arm/usr/lib/crtbegin_so.o
                0x00009000                __dso_handle

.data1
 *(.data1)
                0x00009004                _edata = .
                0x00009004                PROVIDE (edata, .)
                0x00009004                __bss_start = .
                0x00009004                __bss_start__ = .

.bss            0x00009004     0x1a6c
 *(.dynbss)
 .dynbss        0x00000000        0x0 c:/android-ndk/platforms/android-9/arch-arm/usr/lib/crtbegin_so.o
 *(.bss .bss.* .gnu.linkonce.b.*)
 .bss           0x00009004       0x44 debug\ouyaFace_platform.os
 .bss           0x00009048     0x1a28 C:\marmalade\6.2\s3e\edk\lib\android\libedk.a(IwDebug.o)
                0x00009048                g_DebugGlobals
 *(COMMON)
                0x0000aa70                . = ALIGN ((. != 0x0)?0x4:0x1)
                0x0000aa70                _bss_end__ = .
                0x0000aa70                __bss_end__ = .
                0x0000aa70                . = ALIGN (0x4)
                0x0000aa70                . = ALIGN (0x4)
                0x0000aa70                __end__ = .
                0x0000aa70                _end = .
                0x0000aa70                PROVIDE (end, .)
                0x0000aa70                . = DATA_SEGMENT_END (.)

.stab
 *(.stab)

.stabstr
 *(.stabstr)

.stab.excl
 *(.stab.excl)

.stab.exclstr
 *(.stab.exclstr)

.stab.index
 *(.stab.index)

.stab.indexstr
 *(.stab.indexstr)

.comment        0x00000000       0xd9
 *(.comment)
 .comment       0x00000000       0x25 c:/android-ndk/platforms/android-9/arch-arm/usr/lib/crtbegin_so.o
                                 0x26 (size before relaxing)
 .comment       0x00000025       0x12 debug\ouyaFace_platform.os
 .comment       0x00000037       0x12 debug\ouyaFace.os
 .comment       0x00000049       0x12 debug\ouyaFace_register.os
 .comment       0x0000005b       0x12 C:\marmalade\6.2\s3e\edk\lib\android\libedk.a(IwDebug.o)
 .comment       0x0000006d       0x12 C:\marmalade\6.2\s3e\edk\lib\android\libedk.a(edk_helpers.o)
 .comment       0x0000007f       0x12 c:/android-ndk/toolchains/arm-linux-androideabi-4.4.3/prebuilt/windows/bin/../lib/gcc/arm-linux-androideabi/4.4.3\libgcc.a(bpabi.o)
 .comment       0x00000091       0x12 c:/android-ndk/toolchains/arm-linux-androideabi-4.4.3/prebuilt/windows/bin/../lib/gcc/arm-linux-androideabi/4.4.3\libgcc.a(unwind-arm.o)
 .comment       0x000000a3       0x12 c:/android-ndk/toolchains/arm-linux-androideabi-4.4.3/prebuilt/windows/bin/../lib/gcc/arm-linux-androideabi/4.4.3\libgcc.a(pr-support.o)
 .comment       0x000000b5       0x12 c:/android-ndk/toolchains/arm-linux-androideabi-4.4.3/prebuilt/windows/bin/../lib/gcc/arm-linux-androideabi/4.4.3\libgcc.a(_divdi3.o)
 .comment       0x000000c7       0x12 c:/android-ndk/toolchains/arm-linux-androideabi-4.4.3/prebuilt/windows/bin/../lib/gcc/arm-linux-androideabi/4.4.3\libgcc.a(_udivdi3.o)

.debug
 *(.debug)

.line
 *(.line)

.debug_srcinfo
 *(.debug_srcinfo)

.debug_sfnames
 *(.debug_sfnames)

.debug_aranges  0x00000000      0x3d0
 *(.debug_aranges)
 .debug_aranges
                0x00000000      0x1d8 debug\ouyaFace_platform.os
 .debug_aranges
                0x000001d8       0xa0 debug\ouyaFace.os
 .debug_aranges
                0x00000278       0x38 debug\ouyaFace_register.os
 .debug_aranges
                0x000002b0       0x20 c:/android-ndk/toolchains/arm-linux-androideabi-4.4.3/prebuilt/windows/bin/../lib/gcc/arm-linux-androideabi/4.4.3\libgcc.a(_aeabi_ldivmod.o)
 .debug_aranges
                0x000002d0       0x20 c:/android-ndk/toolchains/arm-linux-androideabi-4.4.3/prebuilt/windows/bin/../lib/gcc/arm-linux-androideabi/4.4.3\libgcc.a(bpabi.o)
 .debug_aranges
                0x000002f0       0x20 c:/android-ndk/toolchains/arm-linux-androideabi-4.4.3/prebuilt/windows/bin/../lib/gcc/arm-linux-androideabi/4.4.3\libgcc.a(unwind-arm.o)
 .debug_aranges
                0x00000310       0x20 c:/android-ndk/toolchains/arm-linux-androideabi-4.4.3/prebuilt/windows/bin/../lib/gcc/arm-linux-androideabi/4.4.3\libgcc.a(libunwind.o)
 .debug_aranges
                0x00000330       0x20 c:/android-ndk/toolchains/arm-linux-androideabi-4.4.3/prebuilt/windows/bin/../lib/gcc/arm-linux-androideabi/4.4.3\libgcc.a(pr-support.o)
 .debug_aranges
                0x00000350       0x20 c:/android-ndk/toolchains/arm-linux-androideabi-4.4.3/prebuilt/windows/bin/../lib/gcc/arm-linux-androideabi/4.4.3\libgcc.a(_divdi3.o)
 .debug_aranges
                0x00000370       0x20 c:/android-ndk/toolchains/arm-linux-androideabi-4.4.3/prebuilt/windows/bin/../lib/gcc/arm-linux-androideabi/4.4.3\libgcc.a(_udivdi3.o)
 .debug_aranges
                0x00000390       0x20 c:/android-ndk/toolchains/arm-linux-androideabi-4.4.3/prebuilt/windows/bin/../lib/gcc/arm-linux-androideabi/4.4.3\libgcc.a(_udivsi3.o)
 .debug_aranges
                0x000003b0       0x20 c:/android-ndk/toolchains/arm-linux-androideabi-4.4.3/prebuilt/windows/bin/../lib/gcc/arm-linux-androideabi/4.4.3\libgcc.a(_dvmd_lnx.o)

.debug_pubnames
                0x00000000      0xaa5
 *(.debug_pubnames)
 .debug_pubnames
                0x00000000      0x5e7 debug\ouyaFace_platform.os
 .debug_pubnames
                0x000005e7      0x1d2 debug\ouyaFace.os
 .debug_pubnames
                0x000007b9       0x3a debug\ouyaFace_register.os
 .debug_pubnames
                0x000007f3       0x45 c:/android-ndk/toolchains/arm-linux-androideabi-4.4.3/prebuilt/windows/bin/../lib/gcc/arm-linux-androideabi/4.4.3\libgcc.a(bpabi.o)
 .debug_pubnames
                0x00000838      0x177 c:/android-ndk/toolchains/arm-linux-androideabi-4.4.3/prebuilt/windows/bin/../lib/gcc/arm-linux-androideabi/4.4.3\libgcc.a(unwind-arm.o)
 .debug_pubnames
                0x000009af       0xb7 c:/android-ndk/toolchains/arm-linux-androideabi-4.4.3/prebuilt/windows/bin/../lib/gcc/arm-linux-androideabi/4.4.3\libgcc.a(pr-support.o)
 .debug_pubnames
                0x00000a66       0x1f c:/android-ndk/toolchains/arm-linux-androideabi-4.4.3/prebuilt/windows/bin/../lib/gcc/arm-linux-androideabi/4.4.3\libgcc.a(_divdi3.o)
 .debug_pubnames
                0x00000a85       0x20 c:/android-ndk/toolchains/arm-linux-androideabi-4.4.3/prebuilt/windows/bin/../lib/gcc/arm-linux-androideabi/4.4.3\libgcc.a(_udivdi3.o)

.debug_info     0x00000000     0xa0a1
 *(.debug_info .gnu.linkonce.wi.*)
 .debug_info    0x00000000     0x709f debug\ouyaFace_platform.os
 .debug_info    0x0000709f      0x44a debug\ouyaFace.os
 .debug_info    0x000074e9      0x153 debug\ouyaFace_register.os
 .debug_info    0x0000763c       0xd3 c:/android-ndk/toolchains/arm-linux-androideabi-4.4.3/prebuilt/windows/bin/../lib/gcc/arm-linux-androideabi/4.4.3\libgcc.a(_aeabi_ldivmod.o)
 .debug_info    0x0000770f       0xde c:/android-ndk/toolchains/arm-linux-androideabi-4.4.3/prebuilt/windows/bin/../lib/gcc/arm-linux-androideabi/4.4.3\libgcc.a(bpabi.o)
 .debug_info    0x000077ed     0x1424 c:/android-ndk/toolchains/arm-linux-androideabi-4.4.3/prebuilt/windows/bin/../lib/gcc/arm-linux-androideabi/4.4.3\libgcc.a(unwind-arm.o)
 .debug_info    0x00008c11       0xd7 c:/android-ndk/toolchains/arm-linux-androideabi-4.4.3/prebuilt/windows/bin/../lib/gcc/arm-linux-androideabi/4.4.3\libgcc.a(libunwind.o)
 .debug_info    0x00008ce8      0x636 c:/android-ndk/toolchains/arm-linux-androideabi-4.4.3/prebuilt/windows/bin/../lib/gcc/arm-linux-androideabi/4.4.3\libgcc.a(pr-support.o)
 .debug_info    0x0000931e      0x606 c:/android-ndk/toolchains/arm-linux-androideabi-4.4.3/prebuilt/windows/bin/../lib/gcc/arm-linux-androideabi/4.4.3\libgcc.a(_divdi3.o)
 .debug_info    0x00009924      0x5cb c:/android-ndk/toolchains/arm-linux-androideabi-4.4.3/prebuilt/windows/bin/../lib/gcc/arm-linux-androideabi/4.4.3\libgcc.a(_udivdi3.o)
 .debug_info    0x00009eef       0xd9 c:/android-ndk/toolchains/arm-linux-androideabi-4.4.3/prebuilt/windows/bin/../lib/gcc/arm-linux-androideabi/4.4.3\libgcc.a(_udivsi3.o)
 .debug_info    0x00009fc8       0xd9 c:/android-ndk/toolchains/arm-linux-androideabi-4.4.3/prebuilt/windows/bin/../lib/gcc/arm-linux-androideabi/4.4.3\libgcc.a(_dvmd_lnx.o)

.debug_abbrev   0x00000000      0xe70
 *(.debug_abbrev)
 .debug_abbrev  0x00000000      0x2ea debug\ouyaFace_platform.os
 .debug_abbrev  0x000002ea      0x11e debug\ouyaFace.os
 .debug_abbrev  0x00000408       0xdb debug\ouyaFace_register.os
 .debug_abbrev  0x000004e3       0x14 c:/android-ndk/toolchains/arm-linux-androideabi-4.4.3/prebuilt/windows/bin/../lib/gcc/arm-linux-androideabi/4.4.3\libgcc.a(_aeabi_ldivmod.o)
 .debug_abbrev  0x000004f7       0x6a c:/android-ndk/toolchains/arm-linux-androideabi-4.4.3/prebuilt/windows/bin/../lib/gcc/arm-linux-androideabi/4.4.3\libgcc.a(bpabi.o)
 .debug_abbrev  0x00000561      0x3bb c:/android-ndk/toolchains/arm-linux-androideabi-4.4.3/prebuilt/windows/bin/../lib/gcc/arm-linux-androideabi/4.4.3\libgcc.a(unwind-arm.o)
 .debug_abbrev  0x0000091c       0x14 c:/android-ndk/toolchains/arm-linux-androideabi-4.4.3/prebuilt/windows/bin/../lib/gcc/arm-linux-androideabi/4.4.3\libgcc.a(libunwind.o)
 .debug_abbrev  0x00000930      0x220 c:/android-ndk/toolchains/arm-linux-androideabi-4.4.3/prebuilt/windows/bin/../lib/gcc/arm-linux-androideabi/4.4.3\libgcc.a(pr-support.o)
 .debug_abbrev  0x00000b50      0x18b c:/android-ndk/toolchains/arm-linux-androideabi-4.4.3/prebuilt/windows/bin/../lib/gcc/arm-linux-androideabi/4.4.3\libgcc.a(_divdi3.o)
 .debug_abbrev  0x00000cdb      0x16d c:/android-ndk/toolchains/arm-linux-androideabi-4.4.3/prebuilt/windows/bin/../lib/gcc/arm-linux-androideabi/4.4.3\libgcc.a(_udivdi3.o)
 .debug_abbrev  0x00000e48       0x14 c:/android-ndk/toolchains/arm-linux-androideabi-4.4.3/prebuilt/windows/bin/../lib/gcc/arm-linux-androideabi/4.4.3\libgcc.a(_udivsi3.o)
 .debug_abbrev  0x00000e5c       0x14 c:/android-ndk/toolchains/arm-linux-androideabi-4.4.3/prebuilt/windows/bin/../lib/gcc/arm-linux-androideabi/4.4.3\libgcc.a(_dvmd_lnx.o)

.debug_line     0x00000000     0x1594
 *(.debug_line)
 .debug_line    0x00000000      0x71a debug\ouyaFace_platform.os
 .debug_line    0x0000071a      0x1c9 debug\ouyaFace.os
 .debug_line    0x000008e3       0xd3 debug\ouyaFace_register.os
 .debug_line    0x000009b6       0x83 c:/android-ndk/toolchains/arm-linux-androideabi-4.4.3/prebuilt/windows/bin/../lib/gcc/arm-linux-androideabi/4.4.3\libgcc.a(_aeabi_ldivmod.o)
 .debug_line    0x00000a39       0x89 c:/android-ndk/toolchains/arm-linux-androideabi-4.4.3/prebuilt/windows/bin/../lib/gcc/arm-linux-androideabi/4.4.3\libgcc.a(bpabi.o)
 .debug_line    0x00000ac2      0x4b0 c:/android-ndk/toolchains/arm-linux-androideabi-4.4.3/prebuilt/windows/bin/../lib/gcc/arm-linux-androideabi/4.4.3\libgcc.a(unwind-arm.o)
 .debug_line    0x00000f72       0xcf c:/android-ndk/toolchains/arm-linux-androideabi-4.4.3/prebuilt/windows/bin/../lib/gcc/arm-linux-androideabi/4.4.3\libgcc.a(libunwind.o)
 .debug_line    0x00001041      0x1b0 c:/android-ndk/toolchains/arm-linux-androideabi-4.4.3/prebuilt/windows/bin/../lib/gcc/arm-linux-androideabi/4.4.3\libgcc.a(pr-support.o)
 .debug_line    0x000011f1      0x140 c:/android-ndk/toolchains/arm-linux-androideabi-4.4.3/prebuilt/windows/bin/../lib/gcc/arm-linux-androideabi/4.4.3\libgcc.a(_divdi3.o)
 .debug_line    0x00001331      0x130 c:/android-ndk/toolchains/arm-linux-androideabi-4.4.3/prebuilt/windows/bin/../lib/gcc/arm-linux-androideabi/4.4.3\libgcc.a(_udivdi3.o)
 .debug_line    0x00001461       0xaa c:/android-ndk/toolchains/arm-linux-androideabi-4.4.3/prebuilt/windows/bin/../lib/gcc/arm-linux-androideabi/4.4.3\libgcc.a(_udivsi3.o)
 .debug_line    0x0000150b       0x89 c:/android-ndk/toolchains/arm-linux-androideabi-4.4.3/prebuilt/windows/bin/../lib/gcc/arm-linux-androideabi/4.4.3\libgcc.a(_dvmd_lnx.o)

.debug_frame    0x00000000      0xd30
 *(.debug_frame)
 .debug_frame   0x00000000      0x65c debug\ouyaFace_platform.os
 .debug_frame   0x0000065c      0x1ec debug\ouyaFace.os
 .debug_frame   0x00000848       0x84 debug\ouyaFace_register.os
 .debug_frame   0x000008cc       0x60 c:/android-ndk/toolchains/arm-linux-androideabi-4.4.3/prebuilt/windows/bin/../lib/gcc/arm-linux-androideabi/4.4.3\libgcc.a(bpabi.o)
 .debug_frame   0x0000092c      0x248 c:/android-ndk/toolchains/arm-linux-androideabi-4.4.3/prebuilt/windows/bin/../lib/gcc/arm-linux-androideabi/4.4.3\libgcc.a(unwind-arm.o)
 .debug_frame   0x00000b74      0x108 c:/android-ndk/toolchains/arm-linux-androideabi-4.4.3/prebuilt/windows/bin/../lib/gcc/arm-linux-androideabi/4.4.3\libgcc.a(pr-support.o)
 .debug_frame   0x00000c7c       0x44 c:/android-ndk/toolchains/arm-linux-androideabi-4.4.3/prebuilt/windows/bin/../lib/gcc/arm-linux-androideabi/4.4.3\libgcc.a(_divdi3.o)
 .debug_frame   0x00000cc0       0x48 c:/android-ndk/toolchains/arm-linux-androideabi-4.4.3/prebuilt/windows/bin/../lib/gcc/arm-linux-androideabi/4.4.3\libgcc.a(_udivdi3.o)
 .debug_frame   0x00000d08       0x28 c:/android-ndk/toolchains/arm-linux-androideabi-4.4.3/prebuilt/windows/bin/../lib/gcc/arm-linux-androideabi/4.4.3\libgcc.a(_udivsi3.o)

.debug_str      0x00000000     0x6281
 *(.debug_str)
 .debug_str     0x00000000     0x5669 debug\ouyaFace_platform.os
                               0x5818 (size before relaxing)
 .debug_str     0x00005669       0x91 debug\ouyaFace.os
                                0x427 (size before relaxing)
 .debug_str     0x000056fa       0xa4 debug\ouyaFace_register.os
                                0x1ca (size before relaxing)
 .debug_str     0x0000579e       0x97 c:/android-ndk/toolchains/arm-linux-androideabi-4.4.3/prebuilt/windows/bin/../lib/gcc/arm-linux-androideabi/4.4.3\libgcc.a(bpabi.o)
                                 0xbc (size before relaxing)
 .debug_str     0x00005835      0x7e4 c:/android-ndk/toolchains/arm-linux-androideabi-4.4.3/prebuilt/windows/bin/../lib/gcc/arm-linux-androideabi/4.4.3\libgcc.a(unwind-arm.o)
                                0x8d2 (size before relaxing)
 .debug_str     0x00006019      0x11b c:/android-ndk/toolchains/arm-linux-androideabi-4.4.3/prebuilt/windows/bin/../lib/gcc/arm-linux-androideabi/4.4.3\libgcc.a(pr-support.o)
                                0x438 (size before relaxing)
 .debug_str     0x00006134      0x143 c:/android-ndk/toolchains/arm-linux-androideabi-4.4.3/prebuilt/windows/bin/../lib/gcc/arm-linux-androideabi/4.4.3\libgcc.a(_divdi3.o)
                                0x1f3 (size before relaxing)
 .debug_str     0x00006277        0xa c:/android-ndk/toolchains/arm-linux-androideabi-4.4.3/prebuilt/windows/bin/../lib/gcc/arm-linux-androideabi/4.4.3\libgcc.a(_udivdi3.o)
                                0x1f4 (size before relaxing)

.debug_loc      0x00000000     0x2e0b
 *(.debug_loc)
 .debug_loc     0x00000000      0x9c1 debug\ouyaFace_platform.os
 .debug_loc     0x000009c1      0x2a4 debug\ouyaFace.os
 .debug_loc     0x00000c65       0x99 debug\ouyaFace_register.os
 .debug_loc     0x00000cfe      0x120 c:/android-ndk/toolchains/arm-linux-androideabi-4.4.3/prebuilt/windows/bin/../lib/gcc/arm-linux-androideabi/4.4.3\libgcc.a(bpabi.o)
 .debug_loc     0x00000e1e      0xfef c:/android-ndk/toolchains/arm-linux-androideabi-4.4.3/prebuilt/windows/bin/../lib/gcc/arm-linux-androideabi/4.4.3\libgcc.a(unwind-arm.o)
 .debug_loc     0x00001e0d      0x2f9 c:/android-ndk/toolchains/arm-linux-androideabi-4.4.3/prebuilt/windows/bin/../lib/gcc/arm-linux-androideabi/4.4.3\libgcc.a(pr-support.o)
 .debug_loc     0x00002106      0x6cf c:/android-ndk/toolchains/arm-linux-androideabi-4.4.3/prebuilt/windows/bin/../lib/gcc/arm-linux-androideabi/4.4.3\libgcc.a(_divdi3.o)
 .debug_loc     0x000027d5      0x636 c:/android-ndk/toolchains/arm-linux-androideabi-4.4.3/prebuilt/windows/bin/../lib/gcc/arm-linux-androideabi/4.4.3\libgcc.a(_udivdi3.o)

.debug_macinfo
 *(.debug_macinfo)

.debug_weaknames
 *(.debug_weaknames)

.debug_funcnames
 *(.debug_funcnames)

.debug_typenames
 *(.debug_typenames)

.debug_varnames
 *(.debug_varnames)

.debug_pubtypes
 *(.debug_pubtypes)

.debug_ranges   0x00000000      0x5d0
 *(.debug_ranges)
 .debug_ranges  0x00000000      0x1c8 debug\ouyaFace_platform.os
 .debug_ranges  0x000001c8       0x90 debug\ouyaFace.os
 .debug_ranges  0x00000258       0x28 debug\ouyaFace_register.os
 .debug_ranges  0x00000280      0x1f8 c:/android-ndk/toolchains/arm-linux-androideabi-4.4.3/prebuilt/windows/bin/../lib/gcc/arm-linux-androideabi/4.4.3\libgcc.a(unwind-arm.o)
 .debug_ranges  0x00000478       0x30 c:/android-ndk/toolchains/arm-linux-androideabi-4.4.3/prebuilt/windows/bin/../lib/gcc/arm-linux-androideabi/4.4.3\libgcc.a(pr-support.o)
 .debug_ranges  0x000004a8       0xa0 c:/android-ndk/toolchains/arm-linux-androideabi-4.4.3/prebuilt/windows/bin/../lib/gcc/arm-linux-androideabi/4.4.3\libgcc.a(_divdi3.o)
 .debug_ranges  0x00000548       0x88 c:/android-ndk/toolchains/arm-linux-androideabi-4.4.3/prebuilt/windows/bin/../lib/gcc/arm-linux-androideabi/4.4.3\libgcc.a(_udivdi3.o)

.gnu.attributes
 *(.gnu.attributes)

.note.gnu.arm.ident
 *(.note.gnu.arm.ident)

/DISCARD/
 *(.note.GNU-stack)
 *(.gnu_debuglink)
OUTPUT(C:\Users\zyndo_000\Documents\GitHub\ouyaFace\lib\android\libouyaFace_d.so elf32-littlearm)

.ARM.attributes
                0x00000000       0x31
 .ARM.attributes
                0x00000000       0x2d c:/android-ndk/platforms/android-9/arch-arm/usr/lib/crtbegin_so.o
 .ARM.attributes
                0x0000002d       0x2d debug\ouyaFace_platform.os
 .ARM.attributes
                0x0000005a       0x2d debug\ouyaFace.os
 .ARM.attributes
                0x00000087       0x2b debug\ouyaFace_register.os
 .ARM.attributes
                0x000000b2       0x2b C:\marmalade\6.2\s3e\edk\lib\android\libedk.a(IwDebug.o)
 .ARM.attributes
                0x000000dd       0x2b C:\marmalade\6.2\s3e\edk\lib\android\libedk.a(edk_helpers.o)
 .ARM.attributes
                0x00000108       0x19 c:/android-ndk/toolchains/arm-linux-androideabi-4.4.3/prebuilt/windows/bin/../lib/gcc/arm-linux-androideabi/4.4.3\libgcc.a(_aeabi_ldivmod.o)
 .ARM.attributes
                0x00000121       0x29 c:/android-ndk/toolchains/arm-linux-androideabi-4.4.3/prebuilt/windows/bin/../lib/gcc/arm-linux-androideabi/4.4.3\libgcc.a(bpabi.o)
 .ARM.attributes
                0x0000014a       0x29 c:/android-ndk/toolchains/arm-linux-androideabi-4.4.3/prebuilt/windows/bin/../lib/gcc/arm-linux-androideabi/4.4.3\libgcc.a(unwind-arm.o)
 .ARM.attributes
                0x00000173       0x19 c:/android-ndk/toolchains/arm-linux-androideabi-4.4.3/prebuilt/windows/bin/../lib/gcc/arm-linux-androideabi/4.4.3\libgcc.a(libunwind.o)
 .ARM.attributes
                0x0000018c       0x29 c:/android-ndk/toolchains/arm-linux-androideabi-4.4.3/prebuilt/windows/bin/../lib/gcc/arm-linux-androideabi/4.4.3\libgcc.a(pr-support.o)
 .ARM.attributes
                0x000001b5       0x29 c:/android-ndk/toolchains/arm-linux-androideabi-4.4.3/prebuilt/windows/bin/../lib/gcc/arm-linux-androideabi/4.4.3\libgcc.a(_divdi3.o)
 .ARM.attributes
                0x000001de       0x29 c:/android-ndk/toolchains/arm-linux-androideabi-4.4.3/prebuilt/windows/bin/../lib/gcc/arm-linux-androideabi/4.4.3\libgcc.a(_udivdi3.o)
 .ARM.attributes
                0x00000207       0x19 c:/android-ndk/toolchains/arm-linux-androideabi-4.4.3/prebuilt/windows/bin/../lib/gcc/arm-linux-androideabi/4.4.3\libgcc.a(_udivsi3.o)
 .ARM.attributes
                0x00000220       0x19 c:/android-ndk/toolchains/arm-linux-androideabi-4.4.3/prebuilt/windows/bin/../lib/gcc/arm-linux-androideabi/4.4.3\libgcc.a(_dvmd_lnx.o)
 .ARM.attributes
                0x00000239       0x1f c:/android-ndk/platforms/android-9/arch-arm/usr/lib/crtend_so.o
