Archive member included because of file (symbol)

C:\marmalade\6.2\s3e\edk\lib\android\libedk.a(IwDebug.o)
                              debug\ouyaFace_platform.os (IwDebugTraceSetTraceChannel)
C:\marmalade\6.2\s3e\edk\lib\android\libedk.a(edk_helpers.o)
                              debug\ouyaFace_platform.os (s3eEdkThreadRunOnOS)
c:/android-ndk/toolchains/arm-linux-androideabi-4.4.3/prebuilt/windows/bin/../lib/gcc/arm-linux-androideabi/4.4.3\libgcc.a(_aeabi_ldivmod.o)
                              C:\marmalade\6.2\s3e\edk\lib\android\libedk.a(IwDebug.o) (__aeabi_ldivmod)
c:/android-ndk/toolchains/arm-linux-androideabi-4.4.3/prebuilt/windows/bin/../lib/gcc/arm-linux-androideabi/4.4.3\libgcc.a(bpabi.o)
                              c:/android-ndk/toolchains/arm-linux-androideabi-4.4.3/prebuilt/windows/bin/../lib/gcc/arm-linux-androideabi/4.4.3\libgcc.a(_aeabi_ldivmod.o) (__gnu_ldivmod_helper)
c:/android-ndk/toolchains/arm-linux-androideabi-4.4.3/prebuilt/windows/bin/../lib/gcc/arm-linux-androideabi/4.4.3\libgcc.a(unwind-arm.o)
                              c:/android-ndk/toolchains/arm-linux-androideabi-4.4.3/prebuilt/windows/bin/../lib/gcc/arm-linux-androideabi/4.4.3\libgcc.a(bpabi.o) (__aeabi_unwind_cpp_pr0)
c:/android-ndk/toolchains/arm-linux-androideabi-4.4.3/prebuilt/windows/bin/../lib/gcc/arm-linux-androideabi/4.4.3\libgcc.a(libunwind.o)
                              c:/android-ndk/toolchains/arm-linux-androideabi-4.4.3/prebuilt/windows/bin/../lib/gcc/arm-linux-androideabi/4.4.3\libgcc.a(unwind-arm.o) (restore_core_regs)
c:/android-ndk/toolchains/arm-linux-androideabi-4.4.3/prebuilt/windows/bin/../lib/gcc/arm-linux-androideabi/4.4.3\libgcc.a(pr-support.o)
                              c:/android-ndk/toolchains/arm-linux-androideabi-4.4.3/prebuilt/windows/bin/../lib/gcc/arm-linux-androideabi/4.4.3\libgcc.a(unwind-arm.o) (__gnu_unwind_execute)
c:/android-ndk/toolchains/arm-linux-androideabi-4.4.3/prebuilt/windows/bin/../lib/gcc/arm-linux-androideabi/4.4.3\libgcc.a(_divdi3.o)
                              c:/android-ndk/toolchains/arm-linux-androideabi-4.4.3/prebuilt/windows/bin/../lib/gcc/arm-linux-androideabi/4.4.3\libgcc.a(bpabi.o) (__divdi3)
c:/android-ndk/toolchains/arm-linux-androideabi-4.4.3/prebuilt/windows/bin/../lib/gcc/arm-linux-androideabi/4.4.3\libgcc.a(_udivdi3.o)
                              c:/android-ndk/toolchains/arm-linux-androideabi-4.4.3/prebuilt/windows/bin/../lib/gcc/arm-linux-androideabi/4.4.3\libgcc.a(bpabi.o) (__udivdi3)
c:/android-ndk/toolchains/arm-linux-androideabi-4.4.3/prebuilt/windows/bin/../lib/gcc/arm-linux-androideabi/4.4.3\libgcc.a(_udivsi3.o)
                              c:/android-ndk/toolchains/arm-linux-androideabi-4.4.3/prebuilt/windows/bin/../lib/gcc/arm-linux-androideabi/4.4.3\libgcc.a(_divdi3.o) (__aeabi_uidiv)
c:/android-ndk/toolchains/arm-linux-androideabi-4.4.3/prebuilt/windows/bin/../lib/gcc/arm-linux-androideabi/4.4.3\libgcc.a(_dvmd_lnx.o)
                              c:/android-ndk/toolchains/arm-linux-androideabi-4.4.3/prebuilt/windows/bin/../lib/gcc/arm-linux-androideabi/4.4.3\libgcc.a(_udivsi3.o) (__div0)

Discarded input sections

 .text          0x00000000        0x0 c:/android-ndk/platforms/android-9/arch-arm/usr/lib/crtbegin_so.o
 .bss           0x00000000        0x0 c:/android-ndk/platforms/android-9/arch-arm/usr/lib/crtbegin_so.o
 .note.GNU-stack
                0x00000000        0x0 c:/android-ndk/platforms/android-9/arch-arm/usr/lib/crtbegin_so.o
 _ZN7_JNIEnv9FindClassEPKc
                0x00000000        0x0 debug\ouyaFace_platform.os
 _ZN7_JNIEnv17ExceptionOccurredEv
                0x00000000        0x0 debug\ouyaFace_platform.os
 _ZN7_JNIEnv17ExceptionDescribeEv
                0x00000000        0x0 debug\ouyaFace_platform.os
 _ZN7_JNIEnv14ExceptionClearEv
                0x00000000        0x0 debug\ouyaFace_platform.os
 _ZN7_JNIEnv12NewGlobalRefEP8_jobject
                0x00000000        0x0 debug\ouyaFace_platform.os
 _ZN7_JNIEnv15DeleteGlobalRefEP8_jobject
                0x00000000        0x0 debug\ouyaFace_platform.os
 _ZN7_JNIEnv14DeleteLocalRefEP8_jobject
                0x00000000        0x0 debug\ouyaFace_platform.os
 _ZN7_JNIEnv9NewObjectEP7_jclassP10_jmethodIDz
                0x00000000        0x0 debug\ouyaFace_platform.os
 _ZN7_JNIEnv11GetMethodIDEP7_jclassPKcS3_
                0x00000000        0x0 debug\ouyaFace_platform.os
 _ZN7_JNIEnv16CallObjectMethodEP8_jobjectP10_jmethodIDz
                0x00000000        0x0 debug\ouyaFace_platform.os
 _ZN7_JNIEnv17CallBooleanMethodEP8_jobjectP10_jmethodIDz
                0x00000000        0x0 debug\ouyaFace_platform.os
 _ZN7_JNIEnv13CallIntMethodEP8_jobjectP10_jmethodIDz
                0x00000000        0x0 debug\ouyaFace_platform.os
 _ZN7_JNIEnv14CallLongMethodEP8_jobjectP10_jmethodIDz
                0x00000000        0x0 debug\ouyaFace_platform.os
 _ZN7_JNIEnv15CallFloatMethodEP8_jobjectP10_jmethodIDz
                0x00000000        0x0 debug\ouyaFace_platform.os
 _ZN7_JNIEnv14CallVoidMethodEP8_jobjectP10_jmethodIDz
                0x00000000        0x0 debug\ouyaFace_platform.os
 _ZN7_JNIEnv12NewStringUTFEPKc
                0x00000000        0x0 debug\ouyaFace_platform.os
 _ZN7_JNIEnv18GetStringUTFLengthEP8_jstring
                0x00000000        0x0 debug\ouyaFace_platform.os
 _ZN7_JNIEnv17GetStringUTFCharsEP8_jstringPh
                0x00000000        0x0 debug\ouyaFace_platform.os
 _ZN7_JNIEnv21ReleaseStringUTFCharsEP8_jstringPKc
                0x00000000        0x0 debug\ouyaFace_platform.os
 _ZN7_JNIEnv14GetArrayLengthEP7_jarray
                0x00000000        0x0 debug\ouyaFace_platform.os
 _ZN7_JNIEnv14NewObjectArrayEiP7_jclassP8_jobject
                0x00000000        0x0 debug\ouyaFace_platform.os
 _ZN7_JNIEnv21GetObjectArrayElementEP13_jobjectArrayi
                0x00000000        0x0 debug\ouyaFace_platform.os
 _ZN7_JNIEnv21SetObjectArrayElementEP13_jobjectArrayiP8_jobject
                0x00000000        0x0 debug\ouyaFace_platform.os
 _ZN7_JNIEnv15RegisterNativesEP7_jclassPK15JNINativeMethodi
                0x00000000        0x0 debug\ouyaFace_platform.os
 _ZN7_JavaVM6GetEnvEPPvi
                0x00000000        0x0 debug\ouyaFace_platform.os
 .text          0x00000000        0x0 debug\ouyaFace_platform.os
 .data          0x00000000        0x0 debug\ouyaFace_platform.os
 .text._ZL34ouyaFacadePurchaseCompleteCallbackjiPvS_iS_
                0x00000000        0x0 debug\ouyaFace_platform.os
 .note.GNU-stack
                0x00000000        0x0 debug\ouyaFace_platform.os
 .text          0x00000000        0x0 debug\ouyaFace.os
 .data          0x00000000        0x0 debug\ouyaFace.os
 .bss           0x00000000        0x0 debug\ouyaFace.os
 .note.GNU-stack
                0x00000000        0x0 debug\ouyaFace.os
 .text          0x00000000        0x0 debug\ouyaFace_register.os
 .data          0x00000000        0x0 debug\ouyaFace_register.os
 .bss           0x00000000        0x0 debug\ouyaFace_register.os
 .note.GNU-stack
                0x00000000        0x0 debug\ouyaFace_register.os
 .text          0x00000000        0x0 C:\marmalade\6.2\s3e\edk\lib\android\libedk.a(IwDebug.o)
 .data          0x00000000        0x0 C:\marmalade\6.2\s3e\edk\lib\android\libedk.a(IwDebug.o)
 .text.IwAssertRegisterTextCallback
                0x00000000        0x0 C:\marmalade\6.2\s3e\edk\lib\android\libedk.a(IwDebug.o)
 .text.IwAssertRegisterCallback
                0x00000000        0x0 C:\marmalade\6.2\s3e\edk\lib\android\libedk.a(IwDebug.o)
 .text.IwDebugErrorRegisterCallback
                0x00000000        0x0 C:\marmalade\6.2\s3e\edk\lib\android\libedk.a(IwDebug.o)
 .text.IwDebugClearConfigCache
                0x00000000        0x0 C:\marmalade\6.2\s3e\edk\lib\android\libedk.a(IwDebug.o)
 .text.IwDebugErrorShow
                0x00000000        0x0 C:\marmalade\6.2\s3e\edk\lib\android\libedk.a(IwDebug.o)
 .text.IwDebugTraceLineVPrintf
                0x00000000        0x0 C:\marmalade\6.2\s3e\edk\lib\android\libedk.a(IwDebug.o)
 .text.IwDebugTraceDisable
                0x00000000        0x0 C:\marmalade\6.2\s3e\edk\lib\android\libedk.a(IwDebug.o)
 .text.IwDebugTraceChannelSwitch
                0x00000000        0x0 C:\marmalade\6.2\s3e\edk\lib\android\libedk.a(IwDebug.o)
 .note.GNU-stack
                0x00000000        0x0 C:\marmalade\6.2\s3e\edk\lib\android\libedk.a(IwDebug.o)
 .text          0x00000000        0x0 C:\marmalade\6.2\s3e\edk\lib\android\libedk.a(edk_helpers.o)
 .data          0x00000000        0x0 C:\marmalade\6.2\s3e\edk\lib\android\libedk.a(edk_helpers.o)
 .bss           0x00000000        0x0 C:\marmalade\6.2\s3e\edk\lib\android\libedk.a(edk_helpers.o)
 .text.s3eEdkThreadRunOnOSAsync
                0x00000000        0x0 C:\marmalade\6.2\s3e\edk\lib\android\libedk.a(edk_helpers.o)
 .text.s3eEdkErrorSetString
                0x00000000        0x0 C:\marmalade\6.2\s3e\edk\lib\android\libedk.a(edk_helpers.o)
 .note.GNU-stack
                0x00000000        0x0 C:\marmalade\6.2\s3e\edk\lib\android\libedk.a(edk_helpers.o)
 .data          0x00000000        0x0 c:/android-ndk/toolchains/arm-linux-androideabi-4.4.3/prebuilt/windows/bin/../lib/gcc/arm-linux-androideabi/4.4.3\libgcc.a(_aeabi_ldivmod.o)
 .bss           0x00000000        0x0 c:/android-ndk/toolchains/arm-linux-androideabi-4.4.3/prebuilt/windows/bin/../lib/gcc/arm-linux-androideabi/4.4.3\libgcc.a(_aeabi_ldivmod.o)
 .note.GNU-stack
                0x00000000        0x0 c:/android-ndk/toolchains/arm-linux-androideabi-4.4.3/prebuilt/windows/bin/../lib/gcc/arm-linux-androideabi/4.4.3\libgcc.a(_aeabi_ldivmod.o)
 .data          0x00000000        0x0 c:/android-ndk/toolchains/arm-linux-androideabi-4.4.3/prebuilt/windows/bin/../lib/gcc/arm-linux-androideabi/4.4.3\libgcc.a(bpabi.o)
 .bss           0x00000000        0x0 c:/android-ndk/toolchains/arm-linux-androideabi-4.4.3/prebuilt/windows/bin/../lib/gcc/arm-linux-androideabi/4.4.3\libgcc.a(bpabi.o)
 .ARM.extab     0x00000000        0x0 c:/android-ndk/toolchains/arm-linux-androideabi-4.4.3/prebuilt/windows/bin/../lib/gcc/arm-linux-androideabi/4.4.3\libgcc.a(bpabi.o)
 .note.GNU-stack
                0x00000000        0x0 c:/android-ndk/toolchains/arm-linux-androideabi-4.4.3/prebuilt/windows/bin/../lib/gcc/arm-linux-androideabi/4.4.3\libgcc.a(bpabi.o)
 .data          0x00000000        0x0 c:/android-ndk/toolchains/arm-linux-androideabi-4.4.3/prebuilt/windows/bin/../lib/gcc/arm-linux-androideabi/4.4.3\libgcc.a(unwind-arm.o)
 .bss           0x00000000        0x0 c:/android-ndk/toolchains/arm-linux-androideabi-4.4.3/prebuilt/windows/bin/../lib/gcc/arm-linux-androideabi/4.4.3\libgcc.a(unwind-arm.o)
 .note.GNU-stack
                0x00000000        0x0 c:/android-ndk/toolchains/arm-linux-androideabi-4.4.3/prebuilt/windows/bin/../lib/gcc/arm-linux-androideabi/4.4.3\libgcc.a(unwind-arm.o)
 .data          0x00000000        0x0 c:/android-ndk/toolchains/arm-linux-androideabi-4.4.3/prebuilt/windows/bin/../lib/gcc/arm-linux-androideabi/4.4.3\libgcc.a(libunwind.o)
 .bss           0x00000000        0x0 c:/android-ndk/toolchains/arm-linux-androideabi-4.4.3/prebuilt/windows/bin/../lib/gcc/arm-linux-androideabi/4.4.3\libgcc.a(libunwind.o)
 .note.GNU-stack
                0x00000000        0x0 c:/android-ndk/toolchains/arm-linux-androideabi-4.4.3/prebuilt/windows/bin/../lib/gcc/arm-linux-androideabi/4.4.3\libgcc.a(libunwind.o)
 .data          0x00000000        0x0 c:/android-ndk/toolchains/arm-linux-androideabi-4.4.3/prebuilt/windows/bin/../lib/gcc/arm-linux-androideabi/4.4.3\libgcc.a(pr-support.o)
 .bss           0x00000000        0x0 c:/android-ndk/toolchains/arm-linux-androideabi-4.4.3/prebuilt/windows/bin/../lib/gcc/arm-linux-androideabi/4.4.3\libgcc.a(pr-support.o)
 .ARM.extab     0x00000000        0x0 c:/android-ndk/toolchains/arm-linux-androideabi-4.4.3/prebuilt/windows/bin/../lib/gcc/arm-linux-androideabi/4.4.3\libgcc.a(pr-support.o)
 .note.GNU-stack
                0x00000000        0x0 c:/android-ndk/toolchains/arm-linux-androideabi-4.4.3/prebuilt/windows/bin/../lib/gcc/arm-linux-androideabi/4.4.3\libgcc.a(pr-support.o)
 .data          0x00000000        0x0 c:/android-ndk/toolchains/arm-linux-androideabi-4.4.3/prebuilt/windows/bin/../lib/gcc/arm-linux-androideabi/4.4.3\libgcc.a(_divdi3.o)
 .bss           0x00000000        0x0 c:/android-ndk/toolchains/arm-linux-androideabi-4.4.3/prebuilt/windows/bin/../lib/gcc/arm-linux-androideabi/4.4.3\libgcc.a(_divdi3.o)
 .ARM.extab     0x00000000        0x0 c:/android-ndk/toolchains/arm-linux-androideabi-4.4.3/prebuilt/windows/bin/../lib/gcc/arm-linux-androideabi/4.4.3\libgcc.a(_divdi3.o)
 .note.GNU-stack
                0x00000000        0x0 c:/android-ndk/toolchains/arm-linux-androideabi-4.4.3/prebuilt/windows/bin/../lib/gcc/arm-linux-androideabi/4.4.3\libgcc.a(_divdi3.o)
 .data          0x00000000        0x0 c:/android-ndk/toolchains/arm-linux-androideabi-4.4.3/prebuilt/windows/bin/../lib/gcc/arm-linux-androideabi/4.4.3\libgcc.a(_udivdi3.o)
 .bss           0x00000000        0x0 c:/android-ndk/toolchains/arm-linux-androideabi-4.4.3/prebuilt/windows/bin/../lib/gcc/arm-linux-androideabi/4.4.3\libgcc.a(_udivdi3.o)
 .ARM.extab     0x00000000        0x0 c:/android-ndk/toolchains/arm-linux-androideabi-4.4.3/prebuilt/windows/bin/../lib/gcc/arm-linux-androideabi/4.4.3\libgcc.a(_udivdi3.o)
 .note.GNU-stack
                0x00000000        0x0 c:/android-ndk/toolchains/arm-linux-androideabi-4.4.3/prebuilt/windows/bin/../lib/gcc/arm-linux-androideabi/4.4.3\libgcc.a(_udivdi3.o)
 .data          0x00000000        0x0 c:/android-ndk/toolchains/arm-linux-androideabi-4.4.3/prebuilt/windows/bin/../lib/gcc/arm-linux-androideabi/4.4.3\libgcc.a(_udivsi3.o)
 .bss           0x00000000        0x0 c:/android-ndk/toolchains/arm-linux-androideabi-4.4.3/prebuilt/windows/bin/../lib/gcc/arm-linux-androideabi/4.4.3\libgcc.a(_udivsi3.o)
 .note.GNU-stack
                0x00000000        0x0 c:/android-ndk/toolchains/arm-linux-androideabi-4.4.3/prebuilt/windows/bin/../lib/gcc/arm-linux-androideabi/4.4.3\libgcc.a(_udivsi3.o)
 .data          0x00000000        0x0 c:/android-ndk/toolchains/arm-linux-androideabi-4.4.3/prebuilt/windows/bin/../lib/gcc/arm-linux-androideabi/4.4.3\libgcc.a(_dvmd_lnx.o)
 .bss           0x00000000        0x0 c:/android-ndk/toolchains/arm-linux-androideabi-4.4.3/prebuilt/windows/bin/../lib/gcc/arm-linux-androideabi/4.4.3\libgcc.a(_dvmd_lnx.o)
 .note.GNU-stack
                0x00000000        0x0 c:/android-ndk/toolchains/arm-linux-androideabi-4.4.3/prebuilt/windows/bin/../lib/gcc/arm-linux-androideabi/4.4.3\libgcc.a(_dvmd_lnx.o)
 .text          0x00000000        0x0 c:/android-ndk/platforms/android-9/arch-arm/usr/lib/crtend_so.o
 .data          0x00000000        0x0 c:/android-ndk/platforms/android-9/arch-arm/usr/lib/crtend_so.o
 .bss           0x00000000        0x0 c:/android-ndk/platforms/android-9/arch-arm/usr/lib/crtend_so.o
 .note.GNU-stack
                0x00000000        0x0 c:/android-ndk/platforms/android-9/arch-arm/usr/lib/crtend_so.o

Memory Configuration

Name             Origin             Length             Attributes
*default*        0x00000000         0xffffffff

Linker script and memory map

LOAD c:/android-ndk/platforms/android-9/arch-arm/usr/lib/crtbegin_so.o
LOAD debug\ouyaFace_platform.os
LOAD debug\ouyaFace.os
LOAD debug\ouyaFace_register.os
LOAD C:\marmalade\6.2\s3e\edk\lib\android\libedk.a
LOAD C:\marmalade\6.2\s3e\edk\lib\android/libplaceholderplaceholderplaceholderplaceholderplaceholder.so
LOAD C:\android-ndk\platforms\android-9\arch-arm\usr\lib/liblog.so
LOAD C:\android-ndk\sources\cxx-stl\gnu-libstdc++\4.4.3\libs\armeabi\libgnustl_static.a
LOAD c:/android-ndk/toolchains/arm-linux-androideabi-4.4.3/prebuilt/windows/bin/../lib/gcc/arm-linux-androideabi/4.4.3\libgcc.a
LOAD C:\android-ndk\platforms\android-9\arch-arm\usr\lib/libstdc++.so
LOAD C:\android-ndk\platforms\android-9\arch-arm\usr\lib/libm.so
LOAD C:\android-ndk\platforms\android-9\arch-arm\usr\lib/libc.so
LOAD c:/android-ndk/toolchains/arm-linux-androideabi-4.4.3/prebuilt/windows/bin/../lib/gcc/arm-linux-androideabi/4.4.3\libgcc.a
LOAD C:\android-ndk\platforms\android-9\arch-arm\usr\lib/libc.so
LOAD C:\android-ndk\platforms\android-9\arch-arm\usr\lib/libdl.so
LOAD c:/android-ndk/toolchains/arm-linux-androideabi-4.4.3/prebuilt/windows/bin/../lib/gcc/arm-linux-androideabi/4.4.3\libgcc.a
LOAD c:/android-ndk/platforms/android-9/arch-arm/usr/lib/crtend_so.o
                0x000000f4                . = (0x0 + SIZEOF_HEADERS)

.note.gnu.build-id
 *(.note.gnu.build-id)

.hash           0x000000f4      0x320
 *(.hash)
 .hash          0x000000f4      0x320 c:/android-ndk/platforms/android-9/arch-arm/usr/lib/crtbegin_so.o

.gnu.hash
 *(.gnu.hash)

.dynsym         0x00000414      0x650
 *(.dynsym)
 .dynsym        0x00000414      0x650 c:/android-ndk/platforms/android-9/arch-arm/usr/lib/crtbegin_so.o

.dynstr         0x00000a64      0x685
 *(.dynstr)
 .dynstr        0x00000a64      0x685 c:/android-ndk/platforms/android-9/arch-arm/usr/lib/crtbegin_so.o

.gnu.version    0x000010ea        0x0 load address 0x000010e9
 *(.gnu.version)
 .gnu.version   0x00000000        0x0 c:/android-ndk/platforms/android-9/arch-arm/usr/lib/crtbegin_so.o

.gnu.version_d  0x000010ec        0x0 load address 0x000010e9
 *(.gnu.version_d)
 .gnu.version_d
                0x00000000        0x0 c:/android-ndk/platforms/android-9/arch-arm/usr/lib/crtbegin_so.o

.gnu.version_r  0x000010ec        0x0 load address 0x000010e9
 *(.gnu.version_r)
 .gnu.version_r
                0x00000000        0x0 c:/android-ndk/platforms/android-9/arch-arm/usr/lib/crtbegin_so.o

.rel.dyn        0x000010ec      0x160
 *(.rel.init)
 *(.rel.text .rel.text.* .rel.gnu.linkonce.t.*)
 *(.rel.fini)
 *(.rel.rodata .rel.rodata.* .rel.gnu.linkonce.r.*)
 *(.rel.data.rel.ro* .rel.gnu.linkonce.d.rel.ro.*)
 .rel.data.rel.ro
                0x000010ec       0x90 c:/android-ndk/platforms/android-9/arch-arm/usr/lib/crtbegin_so.o
 *(.rel.data .rel.data.* .rel.gnu.linkonce.d.*)
 *(.rel.tdata .rel.tdata.* .rel.gnu.linkonce.td.*)
 *(.rel.tbss .rel.tbss.* .rel.gnu.linkonce.tb.*)
 *(.rel.ctors)
 *(.rel.dtors)
 *(.rel.got)
 .rel.got       0x0000117c       0xc0 c:/android-ndk/platforms/android-9/arch-arm/usr/lib/crtbegin_so.o
 *(.rel.bss .rel.bss.* .rel.gnu.linkonce.b.*)
 .rel.fini_array
                0x0000123c        0x8 c:/android-ndk/platforms/android-9/arch-arm/usr/lib/crtbegin_so.o
 .rel.init_array
                0x00001244        0x8 c:/android-ndk/platforms/android-9/arch-arm/usr/lib/crtbegin_so.o

.rela.dyn
 *(.rela.init)
 *(.rela.text .rela.text.* .rela.gnu.linkonce.t.*)
 *(.rela.fini)
 *(.rela.rodata .rela.rodata.* .rela.gnu.linkonce.r.*)
 *(.rela.data .rela.data.* .rela.gnu.linkonce.d.*)
 *(.rela.tdata .rela.tdata.* .rela.gnu.linkonce.td.*)
 *(.rela.tbss .rela.tbss.* .rela.gnu.linkonce.tb.*)
 *(.rela.ctors)
 *(.rela.dtors)
 *(.rela.got)
 *(.rela.bss .rela.bss.* .rela.gnu.linkonce.b.*)

.rel.plt        0x0000124c       0xf0
 *(.rel.plt)
 .rel.plt       0x0000124c       0xf0 c:/android-ndk/platforms/android-9/arch-arm/usr/lib/crtbegin_so.o

.rela.plt
 *(.rela.plt)

.init
 *(.init)

.plt            0x0000133c      0x17c
 *(.plt)
 .plt           0x0000133c      0x17c c:/android-ndk/platforms/android-9/arch-arm/usr/lib/crtbegin_so.o

.text           0x000014b8     0x5964
 *(.text .stub .text.* .gnu.linkonce.t.*)
 .text.exit     0x000014b8       0x10 c:/android-ndk/platforms/android-9/arch-arm/usr/lib/crtbegin_so.o
                0x000014b8                __on_dlclose
 .text._ZN7_JNIEnv9FindClassEPKc
                0x000014c8       0x38 debug\ouyaFace_platform.os
                0x000014c8                _JNIEnv::FindClass(char const*)
 .text._ZN7_JNIEnv17ExceptionOccurredEv
                0x00001500       0x30 debug\ouyaFace_platform.os
                0x00001500                _JNIEnv::ExceptionOccurred()
 .text._ZN7_JNIEnv17ExceptionDescribeEv
                0x00001530       0x28 debug\ouyaFace_platform.os
                0x00001530                _JNIEnv::ExceptionDescribe()
 .text._ZN7_JNIEnv14ExceptionClearEv
                0x00001558       0x28 debug\ouyaFace_platform.os
                0x00001558                _JNIEnv::ExceptionClear()
 .text._ZN7_JNIEnv12NewGlobalRefEP8_jobject
                0x00001580       0x38 debug\ouyaFace_platform.os
                0x00001580                _JNIEnv::NewGlobalRef(_jobject*)
 .text._ZN7_JNIEnv15DeleteGlobalRefEP8_jobject
                0x000015b8       0x30 debug\ouyaFace_platform.os
                0x000015b8                _JNIEnv::DeleteGlobalRef(_jobject*)
 .text._ZN7_JNIEnv14DeleteLocalRefEP8_jobject
                0x000015e8       0x30 debug\ouyaFace_platform.os
                0x000015e8                _JNIEnv::DeleteLocalRef(_jobject*)
 .text._ZN7_JNIEnv9NewObjectEP7_jclassP10_jmethodIDz
                0x00001618       0x5c debug\ouyaFace_platform.os
                0x00001618                _JNIEnv::NewObject(_jclass*, _jmethodID*, ...)
 .text._ZN7_JNIEnv11GetMethodIDEP7_jclassPKcS3_
                0x00001674       0x48 debug\ouyaFace_platform.os
                0x00001674                _JNIEnv::GetMethodID(_jclass*, char const*, char const*)
 .text._ZN7_JNIEnv16CallObjectMethodEP8_jobjectP10_jmethodIDz
                0x000016bc       0x5c debug\ouyaFace_platform.os
                0x000016bc                _JNIEnv::CallObjectMethod(_jobject*, _jmethodID*, ...)
 .text._ZN7_JNIEnv17CallBooleanMethodEP8_jobjectP10_jmethodIDz
                0x00001718       0x5c debug\ouyaFace_platform.os
                0x00001718                _JNIEnv::CallBooleanMethod(_jobject*, _jmethodID*, ...)
 .text._ZN7_JNIEnv13CallIntMethodEP8_jobjectP10_jmethodIDz
                0x00001774       0x5c debug\ouyaFace_platform.os
                0x00001774                _JNIEnv::CallIntMethod(_jobject*, _jmethodID*, ...)
 .text._ZN7_JNIEnv14CallLongMethodEP8_jobjectP10_jmethodIDz
                0x000017d0       0x64 debug\ouyaFace_platform.os
                0x000017d0                _JNIEnv::CallLongMethod(_jobject*, _jmethodID*, ...)
 .text._ZN7_JNIEnv15CallFloatMethodEP8_jobjectP10_jmethodIDz
                0x00001834       0x60 debug\ouyaFace_platform.os
                0x00001834                _JNIEnv::CallFloatMethod(_jobject*, _jmethodID*, ...)
 .text._ZN7_JNIEnv14CallVoidMethodEP8_jobjectP10_jmethodIDz
                0x00001894       0x4c debug\ouyaFace_platform.os
                0x00001894                _JNIEnv::CallVoidMethod(_jobject*, _jmethodID*, ...)
 .text._ZN7_JNIEnv12NewStringUTFEPKc
                0x000018e0       0x38 debug\ouyaFace_platform.os
                0x000018e0                _JNIEnv::NewStringUTF(char const*)
 .text._ZN7_JNIEnv18GetStringUTFLengthEP8_jstring
                0x00001918       0x38 debug\ouyaFace_platform.os
                0x00001918                _JNIEnv::GetStringUTFLength(_jstring*)
 .text._ZN7_JNIEnv17GetStringUTFCharsEP8_jstringPh
                0x00001950       0x40 debug\ouyaFace_platform.os
                0x00001950                _JNIEnv::GetStringUTFChars(_jstring*, unsigned char*)
 .text._ZN7_JNIEnv21ReleaseStringUTFCharsEP8_jstringPKc
                0x00001990       0x38 debug\ouyaFace_platform.os
                0x00001990                _JNIEnv::ReleaseStringUTFChars(_jstring*, char const*)
 .text._ZN7_JNIEnv14GetArrayLengthEP7_jarray
                0x000019c8       0x38 debug\ouyaFace_platform.os
                0x000019c8                _JNIEnv::GetArrayLength(_jarray*)
 .text._ZN7_JNIEnv14NewObjectArrayEiP7_jclassP8_jobject
                0x00001a00       0x48 debug\ouyaFace_platform.os
                0x00001a00                _JNIEnv::NewObjectArray(int, _jclass*, _jobject*)
 .text._ZN7_JNIEnv21GetObjectArrayElementEP13_jobjectArrayi
                0x00001a48       0x40 debug\ouyaFace_platform.os
                0x00001a48                _JNIEnv::GetObjectArrayElement(_jobjectArray*, int)
 .text._ZN7_JNIEnv21SetObjectArrayElementEP13_jobjectArrayiP8_jobject
                0x00001a88       0x40 debug\ouyaFace_platform.os
                0x00001a88                _JNIEnv::SetObjectArrayElement(_jobjectArray*, int, _jobject*)
 .text._ZN7_JNIEnv15RegisterNativesEP7_jclassPK15JNINativeMethodi
                0x00001ac8       0x48 debug\ouyaFace_platform.os
                0x00001ac8                _JNIEnv::RegisterNatives(_jclass*, JNINativeMethod const*, int)
 .text._ZN7_JavaVM6GetEnvEPPvi
                0x00001b10       0x40 debug\ouyaFace_platform.os
                0x00001b10                _JavaVM::GetEnv(void**, int)
 .text._ZL15s3eEdkJNIGetEnvv
                0x00001b50       0x44 debug\ouyaFace_platform.os
 .text._ZL27s3eEdkAndroidFindClass_realPKc
                0x00001b94       0xa4 debug\ouyaFace_platform.os
 .text._ZL22s3eEdkAndroidFindClassPKc
                0x00001c38       0x38 debug\ouyaFace_platform.os
 .text._ZL11IwDebugExitv
                0x00001c70        0x8 debug\ouyaFace_platform.os
 .text._ZL26ouyaFacadeCompleteCallbackjiPvS_iS_
                0x00001c78      0x160 debug\ouyaFace_platform.os
 .text._ZL34ouyaFacadeReceiptsCompleteCallbackjiPvS_iS_
                0x00001dd8      0x1d8 debug\ouyaFace_platform.os
 .text._ZL37ouyaFacadeProductListCompleteCallbackjiPvS_iS_
                0x00001fb0      0x204 debug\ouyaFace_platform.os
 .text._Z28ouyaFaceOnGenericMotionEventP7_JNIEnvP8_jobjectiiffffff
                0x000021b4       0x9c debug\ouyaFace_platform.os
                0x000021b4                ouyaFaceOnGenericMotionEvent(_JNIEnv*, _jobject*, int, int, float, float, float, float, float, float)
 .text._Z18ouyaFaceOnKeyEventP7_JNIEnvP8_jobjectiiii
                0x00002250       0x7c debug\ouyaFace_platform.os
                0x00002250                ouyaFaceOnKeyEvent(_JNIEnv*, _jobject*, int, int, int, int)
 .text._Z25ouyaFaceOnGamerUUIDResultP7_JNIEnvP8_jobjectiP8_jstring
                0x000022cc      0x138 debug\ouyaFace_platform.os
                0x000022cc                ouyaFaceOnGamerUUIDResult(_JNIEnv*, _jobject*, int, _jstring*)
 .text._Z24ouyaFaceOnReceiptsResultP7_JNIEnvP8_jobjectiP13_jobjectArray
                0x00002404      0x458 debug\ouyaFace_platform.os
                0x00002404                ouyaFaceOnReceiptsResult(_JNIEnv*, _jobject*, int, _jobjectArray*)
 .text._Z27ouyaFaceOnProductListResultP7_JNIEnvP8_jobjectiP13_jobjectArray
                0x0000285c      0x3c4 debug\ouyaFace_platform.os
                0x0000285c                ouyaFaceOnProductListResult(_JNIEnv*, _jobject*, int, _jobjectArray*)
 .text._Z24ouyaFaceOnPurchaseResultP7_JNIEnvP8_jobjectiS2_
                0x00002c20      0x2cc debug\ouyaFace_platform.os
                0x00002c20                ouyaFaceOnPurchaseResult(_JNIEnv*, _jobject*, int, _jobject*)
 .text._Z21ouyaFaceInit_platformv
                0x00002eec      0x7a0 debug\ouyaFace_platform.os
                0x00002eec                ouyaFaceInit_platform()
 .text._Z26ouyaFaceTerminate_platformv
                0x0000368c        0x4 debug\ouyaFace_platform.os
                0x0000368c                ouyaFaceTerminate_platform()
 .text._Z17ouyaInit_platformPKcS0_
                0x00003690       0x88 debug\ouyaFace_platform.os
                0x00003690                ouyaInit_platform(char const*, char const*)
 .text._Z17ouyaTerm_platformv
                0x00003718       0x4c debug\ouyaFace_platform.os
                0x00003718                ouyaTerm_platform()
 .text._Z32ouyaFacadeIsInitialised_platformv
                0x00003764       0x54 debug\ouyaFace_platform.os
                0x00003764                ouyaFacadeIsInitialised_platform()
 .text._Z42ouyaFacadeIsRunningOnOUYAHardware_platformv
                0x000037b8       0x54 debug\ouyaFace_platform.os
                0x000037b8                ouyaFacadeIsRunningOnOUYAHardware_platform()
 .text._Z30ouyaFacadeGetGameData_platformPKcPci
                0x0000380c      0x108 debug\ouyaFace_platform.os
                0x0000380c                ouyaFacadeGetGameData_platform(char const*, char*, int)
 .text._Z30ouyaFacadePutGameData_platformPKcS0_
                0x00003914       0xa8 debug\ouyaFace_platform.os
                0x00003914                ouyaFacadePutGameData_platform(char const*, char const*)
 .text._Z30ouyaFacadeSetTestMode_platformv
                0x000039bc       0x4c debug\ouyaFace_platform.os
                0x000039bc                ouyaFacadeSetTestMode_platform()
 .text._Z35ouyaFacadeRequestGamerUUID_platformPFiPvS_ES_
                0x00003a08       0x98 debug\ouyaFace_platform.os
                0x00003a08                ouyaFacadeRequestGamerUUID_platform(int (*)(void*, void*), void*)
 .text._Z34ouyaFacadeRequestReceipts_platformPFiPvS_ES_
                0x00003aa0       0x98 debug\ouyaFace_platform.os
                0x00003aa0                ouyaFacadeRequestReceipts_platform(int (*)(void*, void*), void*)
 .text._Z37ouyaFacadeRequestProductList_platformPPKciPFiPvS2_ES2_
                0x00003b38      0x178 debug\ouyaFace_platform.os
                0x00003b38                ouyaFacadeRequestProductList_platform(char const**, int, int (*)(void*, void*), void*)
 .text._Z34ouyaFacadeRequestPurchase_platformPKcPFiPvS1_ES1_
                0x00003cb0       0xc4 debug\ouyaFace_platform.os
                0x00003cb0                ouyaFacadeRequestPurchase_platform(char const*, int (*)(void*, void*), void*)
 .text._Z31ouyaControllerRegister_platform19OuyaControllerEventPFiPvS0_ES0_
                0x00003d74       0x58 debug\ouyaFace_platform.os
                0x00003d74                ouyaControllerRegister_platform(OuyaControllerEvent, int (*)(void*, void*), void*)
 .text._Z33ouyaControllerUnRegister_platform19OuyaControllerEventPFiPvS0_E
                0x00003dcc       0x4c debug\ouyaFace_platform.os
                0x00003dcc                ouyaControllerUnRegister_platform(OuyaControllerEvent, int (*)(void*, void*))
 .text._Z37ouyaControllerGetButtonState_platformjj
                0x00003e18       0x68 debug\ouyaFace_platform.os
                0x00003e18                ouyaControllerGetButtonState_platform(unsigned int, unsigned int)
 .text._Z30ouyaControllerGetAxis_platformjj
                0x00003e80       0x70 debug\ouyaFace_platform.os
                0x00003e80                ouyaControllerGetAxis_platform(unsigned int, unsigned int)
 .text._Z12ouyaFaceInitv
                0x00003ef0       0x14 debug\ouyaFace.os
                0x00003ef0                ouyaFaceInit()
 .text._Z17ouyaFaceTerminatev
                0x00003f04        0xc debug\ouyaFace.os
                0x00003f04                ouyaFaceTerminate()
 .text.ouyaInit
                0x00003f10       0x24 debug\ouyaFace.os
                0x00003f10                ouyaInit
 .text.ouyaTerm
                0x00003f34        0xc debug\ouyaFace.os
                0x00003f34                ouyaTerm
 .text.ouyaFacadeIsInitialised
                0x00003f40       0x14 debug\ouyaFace.os
                0x00003f40                ouyaFacadeIsInitialised
 .text.ouyaFacadeIsRunningOnOUYAHardware
                0x00003f54       0x14 debug\ouyaFace.os
                0x00003f54                ouyaFacadeIsRunningOnOUYAHardware
 .text.ouyaFacadeGetGameData
                0x00003f68       0x2c debug\ouyaFace.os
                0x00003f68                ouyaFacadeGetGameData
 .text.ouyaFacadePutGameData
                0x00003f94       0x24 debug\ouyaFace.os
                0x00003f94                ouyaFacadePutGameData
 .text.ouyaFacadeSetTestMode
                0x00003fb8        0xc debug\ouyaFace.os
                0x00003fb8                ouyaFacadeSetTestMode
 .text.ouyaFacadeRequestGamerUUID
                0x00003fc4       0x2c debug\ouyaFace.os
                0x00003fc4                ouyaFacadeRequestGamerUUID
 .text.ouyaFacadeRequestReceipts
                0x00003ff0       0x2c debug\ouyaFace.os
                0x00003ff0                ouyaFacadeRequestReceipts
 .text.ouyaFacadeRequestProductList
                0x0000401c       0x3c debug\ouyaFace.os
                0x0000401c                ouyaFacadeRequestProductList
 .text.ouyaFacadeRequestPurchase
                0x00004058       0x34 debug\ouyaFace.os
                0x00004058                ouyaFacadeRequestPurchase
 .text.ouyaControllerRegister
                0x0000408c       0x34 debug\ouyaFace.os
                0x0000408c                ouyaControllerRegister
 .text.ouyaControllerUnRegister
                0x000040c0       0x2c debug\ouyaFace.os
                0x000040c0                ouyaControllerUnRegister
 .text.ouyaControllerGetButtonState
                0x000040ec       0x2c debug\ouyaFace.os
                0x000040ec                ouyaControllerGetButtonState
 .text.ouyaControllerGetAxis
                0x00004118       0x34 debug\ouyaFace.os
                0x00004118                ouyaControllerGetAxis
 .text._ZL13ouyaInit_wrapPKcS0_
                0x0000414c       0xa0 debug\ouyaFace_register.os
 .text._ZL13ouyaTerm_wrapv
                0x000041ec       0x88 debug\ouyaFace_register.os
 .text._Z19ouyaFaceRegisterExtv
                0x00004274      0x174 debug\ouyaFace_register.os
                0x00004274                ouyaFaceRegisterExt()
 .text.RegisterExt
                0x000043e8        0xc debug\ouyaFace_register.os
                0x000043e8                RegisterExt
 .text.IwDebugTraceSetTraceChannel
                0x000043f4       0x1c C:\marmalade\6.2\s3e\edk\lib\android\libedk.a(IwDebug.o)
                0x000043f4                IwDebugTraceSetTraceChannel
 .text.IwDebugAssertSetUID
                0x00004410       0x14 C:\marmalade\6.2\s3e\edk\lib\android\libedk.a(IwDebug.o)
                0x00004410                IwDebugAssertSetUID
 .text._GLOBAL__I_Z__sdk_modules_iwcore_source_IwDebug.cpp
                0x00004424       0xa4 C:\marmalade\6.2\s3e\edk\lib\android\libedk.a(IwDebug.o)
 .text.IwDebugAssertIsChannelOn
                0x000044c8      0x204 C:\marmalade\6.2\s3e\edk\lib\android\libedk.a(IwDebug.o)
                0x000044c8                IwDebugAssertIsChannelOn
 .text.IwDebugAssertSetMessage
                0x000046cc       0xfc C:\marmalade\6.2\s3e\edk\lib\android\libedk.a(IwDebug.o)
                0x000046cc                IwDebugAssertSetMessage
 .text.IwDebugAssertSetSolution
                0x000047c8       0xa0 C:\marmalade\6.2\s3e\edk\lib\android\libedk.a(IwDebug.o)
                0x000047c8                IwDebugAssertSetSolution
 .text.IwDebugAssertShow
                0x00004868      0x2d0 C:\marmalade\6.2\s3e\edk\lib\android\libedk.a(IwDebug.o)
                0x00004868                IwDebugAssertShow
 .text.IwDebugTraceIsChannelOn
                0x00004b38      0x2b8 C:\marmalade\6.2\s3e\edk\lib\android\libedk.a(IwDebug.o)
                0x00004b38                IwDebugTraceIsChannelOn
 .text.IwDebugTraceLinePrintf
                0x00004df0      0x10c C:\marmalade\6.2\s3e\edk\lib\android\libedk.a(IwDebug.o)
                0x00004df0                IwDebugTraceLinePrintf
 .text.s3eEdkThreadRunOnOS
                0x00004efc       0x30 C:\marmalade\6.2\s3e\edk\lib\android\libedk.a(edk_helpers.o)
                0x00004efc                s3eEdkThreadRunOnOS
 .text          0x00004f2c       0x1c c:/android-ndk/toolchains/arm-linux-androideabi-4.4.3/prebuilt/windows/bin/../lib/gcc/arm-linux-androideabi/4.4.3\libgcc.a(_aeabi_ldivmod.o)
                0x00004f2c                __aeabi_ldivmod
 .text          0x00004f48       0x88 c:/android-ndk/toolchains/arm-linux-androideabi-4.4.3/prebuilt/windows/bin/../lib/gcc/arm-linux-androideabi/4.4.3\libgcc.a(bpabi.o)
                0x00004f48                __gnu_uldivmod_helper
                0x00004f8c                __gnu_ldivmod_helper
 .text          0x00004fd0      0xec4 c:/android-ndk/toolchains/arm-linux-androideabi-4.4.3/prebuilt/windows/bin/../lib/gcc/arm-linux-androideabi/4.4.3\libgcc.a(unwind-arm.o)
                0x000059f8                __gnu_Unwind_RaiseException
                0x00005550                __aeabi_unwind_cpp_pr0
                0x00005080                _Unwind_GetCFA
                0x0000501c                _Unwind_VRS_Set
                0x00005794                __gnu_Unwind_Backtrace
                0x00005b28                _Unwind_VRS_Pop
                0x00005540                __aeabi_unwind_cpp_pr2
                0x0000508c                _Unwind_DeleteException
                0x00005088                _Unwind_Complete
                0x00005abc                __gnu_Unwind_Resume
                0x00005984                __gnu_Unwind_ForcedUnwind
                0x00005a9c                __gnu_Unwind_Resume_or_Rethrow
                0x00004fd0                _Unwind_VRS_Get
                0x00005548                __aeabi_unwind_cpp_pr1
 .text          0x00005e94      0x1a8 c:/android-ndk/toolchains/arm-linux-androideabi-4.4.3/prebuilt/windows/bin/../lib/gcc/arm-linux-androideabi/4.4.3\libgcc.a(libunwind.o)
                0x00005ff4                ___Unwind_ForcedUnwind
                0x00005eb0                __gnu_Unwind_Save_VFP
                0x00005fd0                _Unwind_Resume_or_Rethrow
                0x00005fd0                ___Unwind_Resume_or_Rethrow
                0x00006018                _Unwind_Backtrace
                0x00005e94                __restore_core_regs
                0x00005ed0                __gnu_Unwind_Save_VFP_D_16_to_31
                0x00005ec0                __gnu_Unwind_Save_VFP_D
                0x00006018                ___Unwind_Backtrace
                0x00005f88                ___Unwind_RaiseException
                0x00005fac                ___Unwind_Resume
                0x00005ed8                __gnu_Unwind_Restore_WMMXD
                0x00005ea8                __gnu_Unwind_Restore_VFP
                0x00005fac                _Unwind_Resume
                0x00005eb8                __gnu_Unwind_Restore_VFP_D
                0x00005ec8                __gnu_Unwind_Restore_VFP_D_16_to_31
                0x00005f88                _Unwind_RaiseException
                0x00005e94                restore_core_regs
                0x00005f74                __gnu_Unwind_Save_WMMXC
                0x00005f60                __gnu_Unwind_Restore_WMMXC
                0x00005ff4                _Unwind_ForcedUnwind
                0x00005f1c                __gnu_Unwind_Save_WMMXD
 .text          0x0000603c      0x484 c:/android-ndk/toolchains/arm-linux-androideabi-4.4.3/prebuilt/windows/bin/../lib/gcc/arm-linux-androideabi/4.4.3\libgcc.a(pr-support.o)
                0x000060dc                _Unwind_GetRegionStart
                0x00006108                __gnu_unwind_execute
                0x00006094                _Unwind_GetTextRelBase
                0x000060a4                _Unwind_GetLanguageSpecificData
                0x00006480                __gnu_unwind_frame
                0x0000609c                _Unwind_GetDataRelBase
 .text          0x000064c0      0x47c c:/android-ndk/toolchains/arm-linux-androideabi-4.4.3/prebuilt/windows/bin/../lib/gcc/arm-linux-androideabi/4.4.3\libgcc.a(_divdi3.o)
                0x000064c0                __divdi3
 .text          0x0000693c      0x40c c:/android-ndk/toolchains/arm-linux-androideabi-4.4.3/prebuilt/windows/bin/../lib/gcc/arm-linux-androideabi/4.4.3\libgcc.a(_udivdi3.o)
                0x0000693c                __udivdi3
 .text          0x00006d48       0xc4 c:/android-ndk/toolchains/arm-linux-androideabi-4.4.3/prebuilt/windows/bin/../lib/gcc/arm-linux-androideabi/4.4.3\libgcc.a(_udivsi3.o)
                0x00006d48                __udivsi3
                0x00006d48                __aeabi_uidiv
                0x00006df4                __aeabi_uidivmod
 .text          0x00006e0c       0x10 c:/android-ndk/toolchains/arm-linux-androideabi-4.4.3/prebuilt/windows/bin/../lib/gcc/arm-linux-androideabi/4.4.3\libgcc.a(_dvmd_lnx.o)
                0x00006e0c                __div0
 *(.gnu.warning)
 *(.glue_7t)
 .glue_7t       0x00000000        0x0 linker stubs
 *(.glue_7)
 .glue_7        0x00000000        0x0 linker stubs
 *(.vfp11_veneer)
 .vfp11_veneer  0x00000000        0x0 linker stubs
 *(.v4_bx)
 .v4_bx         0x00000000        0x0 linker stubs

.fini
 *(.fini)
                0x00006e1c                PROVIDE (__etext, .)
                0x00006e1c                PROVIDE (_etext, .)
                0x00006e1c                PROVIDE (etext, .)

.rodata         0x00006e1c      0x698
 *(.rodata .rodata.* .gnu.linkonce.r.*)
 .rodata        0x00006e1c      0x4fc debug\ouyaFace_platform.os
 .rodata        0x00007318       0x80 debug\ouyaFace_register.os
 .rodata.str1.4
                0x00007398      0x11c C:\marmalade\6.2\s3e\edk\lib\android\libedk.a(IwDebug.o)
                                0x120 (size before relaxing)

.rodata1
 *(.rodata1)

.ARM.extab      0x000074b4       0x24
 *(.ARM.extab* .gnu.linkonce.armextab.*)
 .ARM.extab     0x000074b4       0x24 c:/android-ndk/toolchains/arm-linux-androideabi-4.4.3/prebuilt/windows/bin/../lib/gcc/arm-linux-androideabi/4.4.3\libgcc.a(unwind-arm.o)
                0x000074d8                __exidx_start = .

.ARM.exidx      0x000074d8       0xf8
 *(.ARM.exidx* .gnu.linkonce.armexidx.*)
 .ARM.exidx     0x000074d8       0x10 c:/android-ndk/toolchains/arm-linux-androideabi-4.4.3/prebuilt/windows/bin/../lib/gcc/arm-linux-androideabi/4.4.3\libgcc.a(bpabi.o)
 .ARM.exidx     0x000074e8       0xa0 c:/android-ndk/toolchains/arm-linux-androideabi-4.4.3/prebuilt/windows/bin/../lib/gcc/arm-linux-androideabi/4.4.3\libgcc.a(unwind-arm.o)
 .ARM.exidx     0x00007588       0x38 c:/android-ndk/toolchains/arm-linux-androideabi-4.4.3/prebuilt/windows/bin/../lib/gcc/arm-linux-androideabi/4.4.3\libgcc.a(pr-support.o)
 .ARM.exidx     0x000075c0        0x8 c:/android-ndk/toolchains/arm-linux-androideabi-4.4.3/prebuilt/windows/bin/../lib/gcc/arm-linux-androideabi/4.4.3\libgcc.a(_divdi3.o)
 .ARM.exidx     0x000075c8        0x8 c:/android-ndk/toolchains/arm-linux-androideabi-4.4.3/prebuilt/windows/bin/../lib/gcc/arm-linux-androideabi/4.4.3\libgcc.a(_udivdi3.o)
                0x000075d0                __exidx_end = .

.eh_frame_hdr
 *(.eh_frame_hdr)

.eh_frame
 *(.eh_frame)

.gcc_except_table
 *(.gcc_except_table .gcc_except_table.*)
                0x000075d0                . = (ALIGN (0x1000) - ((0x1000 - .) & 0xfff))
                0x00008dec                . = (0x1000 DATA_SEGMENT_ALIGN 0x1000)

.eh_frame
 *(.eh_frame)

.gcc_except_table
 *(.gcc_except_table .gcc_except_table.*)

.tdata
 *(.tdata .tdata.* .gnu.linkonce.td.*)

.tbss
 *(.tbss .tbss.* .gnu.linkonce.tb.*)
 *(.tcommon)

.preinit_array
 *(.preinit_array)

.init_array     0x00008dec        0x8
 *(SORT(.init_array.*))
 *(.init_array)
 .init_array    0x00008dec        0x4 C:\marmalade\6.2\s3e\edk\lib\android\libedk.a(IwDebug.o)
 .init_array    0x00008df0        0x4 c:/android-ndk/platforms/android-9/arch-arm/usr/lib/crtend_so.o

.fini_array     0x00008df4        0x8
 *(.fini_array)
 .fini_array    0x00008df4        0x4 c:/android-ndk/platforms/android-9/arch-arm/usr/lib/crtbegin_so.o
 .fini_array    0x00008df8        0x4 c:/android-ndk/platforms/android-9/arch-arm/usr/lib/crtend_so.o
 *(SORT(.fini_array.*))

.ctors
 *crtbegin.o(.ctors)
 *crtbegin?.o(.ctors)
 *(EXCLUDE_FILE(*crtend?.o *crtend.o) .ctors)
 *(SORT(.ctors.*))
 *(.ctors)

.dtors
 *crtbegin.o(.dtors)
 *crtbegin?.o(.dtors)
 *(EXCLUDE_FILE(*crtend?.o *crtend.o) .dtors)
 *(SORT(.dtors.*))
 *(.dtors)

.jcr
 *(.jcr)

.data.rel.ro    0x00008dfc       0x48
 *(.data.rel.ro.local* .gnu.linkonce.d.rel.ro.local.*)
 *(.data.rel.ro* .gnu.linkonce.d.rel.ro.*)
 .data.rel.ro   0x00008dfc       0x48 debug\ouyaFace_platform.os

.dynamic        0x00008e44       0xd8
 *(.dynamic)
 .dynamic       0x00008e44       0xd8 c:/android-ndk/platforms/android-9/arch-arm/usr/lib/crtbegin_so.o
                0x00008e44                _DYNAMIC

.got            0x00008f1c       0xe4
 *(.got.plt)
 .got.plt       0x00008f1c       0x84 c:/android-ndk/platforms/android-9/arch-arm/usr/lib/crtbegin_so.o
                0x00008f1c                _GLOBAL_OFFSET_TABLE_
 *(.got)
 .got           0x00008fa0       0x60 c:/android-ndk/platforms/android-9/arch-arm/usr/lib/crtbegin_so.o
                0x00009000                . = (. DATA_SEGMENT_RELRO_END 0x0)

.data           0x00009000        0x4
                0x00009000                __data_start = .
 *(.data .data.* .gnu.linkonce.d.*)
 .data          0x00009000        0x4 c:/android-ndk/platforms/android-9/arch-arm/usr/lib/crtbegin_so.o
                0x00009000                __dso_handle

.data1
 *(.data1)
                0x00009004                _edata = .
                0x00009004                PROVIDE (edata, .)
                0x00009004                __bss_start = .
                0x00009004                __bss_start__ = .

.bss            0x00009004     0x1a6c
 *(.dynbss)
 .dynbss        0x00000000        0x0 c:/android-ndk/platforms/android-9/arch-arm/usr/lib/crtbegin_so.o
 *(.bss .bss.* .gnu.linkonce.b.*)
 .bss           0x00009004       0x44 debug\ouyaFace_platform.os
 .bss           0x00009048     0x1a28 C:\marmalade\6.2\s3e\edk\lib\android\libedk.a(IwDebug.o)
                0x00009048                g_DebugGlobals
 *(COMMON)
                0x0000aa70                . = ALIGN ((. != 0x0)?0x4:0x1)
                0x0000aa70                _bss_end__ = .
                0x0000aa70                __bss_end__ = .
                0x0000aa70                . = ALIGN (0x4)
                0x0000aa70                . = ALIGN (0x4)
                0x0000aa70                __end__ = .
                0x0000aa70                _end = .
                0x0000aa70                PROVIDE (end, .)
                0x0000aa70                . = DATA_SEGMENT_END (.)

.stab
 *(.stab)

.stabstr
 *(.stabstr)

.stab.excl
 *(.stab.excl)

.stab.exclstr
 *(.stab.exclstr)

.stab.index
 *(.stab.index)

.stab.indexstr
 *(.stab.indexstr)

.comment        0x00000000       0xd9
 *(.comment)
 .comment       0x00000000       0x25 c:/android-ndk/platforms/android-9/arch-arm/usr/lib/crtbegin_so.o
                                 0x26 (size before relaxing)
 .comment       0x00000025       0x12 debug\ouyaFace_platform.os
 .comment       0x00000037       0x12 debug\ouyaFace.os
 .comment       0x00000049       0x12 debug\ouyaFace_register.os
 .comment       0x0000005b       0x12 C:\marmalade\6.2\s3e\edk\lib\android\libedk.a(IwDebug.o)
 .comment       0x0000006d       0x12 C:\marmalade\6.2\s3e\edk\lib\android\libedk.a(edk_helpers.o)
 .comment       0x0000007f       0x12 c:/android-ndk/toolchains/arm-linux-androideabi-4.4.3/prebuilt/windows/bin/../lib/gcc/arm-linux-androideabi/4.4.3\libgcc.a(bpabi.o)
 .comment       0x00000091       0x12 c:/android-ndk/toolchains/arm-linux-androideabi-4.4.3/prebuilt/windows/bin/../lib/gcc/arm-linux-androideabi/4.4.3\libgcc.a(unwind-arm.o)
 .comment       0x000000a3       0x12 c:/android-ndk/toolchains/arm-linux-androideabi-4.4.3/prebuilt/windows/bin/../lib/gcc/arm-linux-androideabi/4.4.3\libgcc.a(pr-support.o)
 .comment       0x000000b5       0x12 c:/android-ndk/toolchains/arm-linux-androideabi-4.4.3/prebuilt/windows/bin/../lib/gcc/arm-linux-androideabi/4.4.3\libgcc.a(_divdi3.o)
 .comment       0x000000c7       0x12 c:/android-ndk/toolchains/arm-linux-androideabi-4.4.3/prebuilt/windows/bin/../lib/gcc/arm-linux-androideabi/4.4.3\libgcc.a(_udivdi3.o)

.debug
 *(.debug)

.line
 *(.line)

.debug_srcinfo
 *(.debug_srcinfo)

.debug_sfnames
 *(.debug_sfnames)

.debug_aranges  0x00000000      0x3d0
 *(.debug_aranges)
 .debug_aranges
                0x00000000      0x1d8 debug\ouyaFace_platform.os
 .debug_aranges
                0x000001d8       0xa0 debug\ouyaFace.os
 .debug_aranges
                0x00000278       0x38 debug\ouyaFace_register.os
 .debug_aranges
                0x000002b0       0x20 c:/android-ndk/toolchains/arm-linux-androideabi-4.4.3/prebuilt/windows/bin/../lib/gcc/arm-linux-androideabi/4.4.3\libgcc.a(_aeabi_ldivmod.o)
 .debug_aranges
                0x000002d0       0x20 c:/android-ndk/toolchains/arm-linux-androideabi-4.4.3/prebuilt/windows/bin/../lib/gcc/arm-linux-androideabi/4.4.3\libgcc.a(bpabi.o)
 .debug_aranges
                0x000002f0       0x20 c:/android-ndk/toolchains/arm-linux-androideabi-4.4.3/prebuilt/windows/bin/../lib/gcc/arm-linux-androideabi/4.4.3\libgcc.a(unwind-arm.o)
 .debug_aranges
                0x00000310       0x20 c:/android-ndk/toolchains/arm-linux-androideabi-4.4.3/prebuilt/windows/bin/../lib/gcc/arm-linux-androideabi/4.4.3\libgcc.a(libunwind.o)
 .debug_aranges
                0x00000330       0x20 c:/android-ndk/toolchains/arm-linux-androideabi-4.4.3/prebuilt/windows/bin/../lib/gcc/arm-linux-androideabi/4.4.3\libgcc.a(pr-support.o)
 .debug_aranges
                0x00000350       0x20 c:/android-ndk/toolchains/arm-linux-androideabi-4.4.3/prebuilt/windows/bin/../lib/gcc/arm-linux-androideabi/4.4.3\libgcc.a(_divdi3.o)
 .debug_aranges
                0x00000370       0x20 c:/android-ndk/toolchains/arm-linux-androideabi-4.4.3/prebuilt/windows/bin/../lib/gcc/arm-linux-androideabi/4.4.3\libgcc.a(_udivdi3.o)
 .debug_aranges
                0x00000390       0x20 c:/android-ndk/toolchains/arm-linux-androideabi-4.4.3/prebuilt/windows/bin/../lib/gcc/arm-linux-androideabi/4.4.3\libgcc.a(_udivsi3.o)
 .debug_aranges
                0x000003b0       0x20 c:/android-ndk/toolchains/arm-linux-androideabi-4.4.3/prebuilt/windows/bin/../lib/gcc/arm-linux-androideabi/4.4.3\libgcc.a(_dvmd_lnx.o)

.debug_pubnames
                0x00000000      0xaa5
 *(.debug_pubnames)
 .debug_pubnames
                0x00000000      0x5e7 debug\ouyaFace_platform.os
 .debug_pubnames
                0x000005e7      0x1d2 debug\ouyaFace.os
 .debug_pubnames
                0x000007b9       0x3a debug\ouyaFace_register.os
 .debug_pubnames
                0x000007f3       0x45 c:/android-ndk/toolchains/arm-linux-androideabi-4.4.3/prebuilt/windows/bin/../lib/gcc/arm-linux-androideabi/4.4.3\libgcc.a(bpabi.o)
 .debug_pubnames
                0x00000838      0x177 c:/android-ndk/toolchains/arm-linux-androideabi-4.4.3/prebuilt/windows/bin/../lib/gcc/arm-linux-androideabi/4.4.3\libgcc.a(unwind-arm.o)
 .debug_pubnames
                0x000009af       0xb7 c:/android-ndk/toolchains/arm-linux-androideabi-4.4.3/prebuilt/windows/bin/../lib/gcc/arm-linux-androideabi/4.4.3\libgcc.a(pr-support.o)
 .debug_pubnames
                0x00000a66       0x1f c:/android-ndk/toolchains/arm-linux-androideabi-4.4.3/prebuilt/windows/bin/../lib/gcc/arm-linux-androideabi/4.4.3\libgcc.a(_divdi3.o)
 .debug_pubnames
                0x00000a85       0x20 c:/android-ndk/toolchains/arm-linux-androideabi-4.4.3/prebuilt/windows/bin/../lib/gcc/arm-linux-androideabi/4.4.3\libgcc.a(_udivdi3.o)

.debug_info     0x00000000     0xa0c4
 *(.debug_info .gnu.linkonce.wi.*)
 .debug_info    0x00000000     0x70c9 debug\ouyaFace_platform.os
 .debug_info    0x000070c9      0x443 debug\ouyaFace.os
 .debug_info    0x0000750c      0x153 debug\ouyaFace_register.os
 .debug_info    0x0000765f       0xd3 c:/android-ndk/toolchains/arm-linux-androideabi-4.4.3/prebuilt/windows/bin/../lib/gcc/arm-linux-androideabi/4.4.3\libgcc.a(_aeabi_ldivmod.o)
 .debug_info    0x00007732       0xde c:/android-ndk/toolchains/arm-linux-androideabi-4.4.3/prebuilt/windows/bin/../lib/gcc/arm-linux-androideabi/4.4.3\libgcc.a(bpabi.o)
 .debug_info    0x00007810     0x1424 c:/android-ndk/toolchains/arm-linux-androideabi-4.4.3/prebuilt/windows/bin/../lib/gcc/arm-linux-androideabi/4.4.3\libgcc.a(unwind-arm.o)
 .debug_info    0x00008c34       0xd7 c:/android-ndk/toolchains/arm-linux-androideabi-4.4.3/prebuilt/windows/bin/../lib/gcc/arm-linux-androideabi/4.4.3\libgcc.a(libunwind.o)
 .debug_info    0x00008d0b      0x636 c:/android-ndk/toolchains/arm-linux-androideabi-4.4.3/prebuilt/windows/bin/../lib/gcc/arm-linux-androideabi/4.4.3\libgcc.a(pr-support.o)
 .debug_info    0x00009341      0x606 c:/android-ndk/toolchains/arm-linux-androideabi-4.4.3/prebuilt/windows/bin/../lib/gcc/arm-linux-androideabi/4.4.3\libgcc.a(_divdi3.o)
 .debug_info    0x00009947      0x5cb c:/android-ndk/toolchains/arm-linux-androideabi-4.4.3/prebuilt/windows/bin/../lib/gcc/arm-linux-androideabi/4.4.3\libgcc.a(_udivdi3.o)
 .debug_info    0x00009f12       0xd9 c:/android-ndk/toolchains/arm-linux-androideabi-4.4.3/prebuilt/windows/bin/../lib/gcc/arm-linux-androideabi/4.4.3\libgcc.a(_udivsi3.o)
 .debug_info    0x00009feb       0xd9 c:/android-ndk/toolchains/arm-linux-androideabi-4.4.3/prebuilt/windows/bin/../lib/gcc/arm-linux-androideabi/4.4.3\libgcc.a(_dvmd_lnx.o)

.debug_abbrev   0x00000000      0xe70
 *(.debug_abbrev)
 .debug_abbrev  0x00000000      0x2ea debug\ouyaFace_platform.os
 .debug_abbrev  0x000002ea      0x11e debug\ouyaFace.os
 .debug_abbrev  0x00000408       0xdb debug\ouyaFace_register.os
 .debug_abbrev  0x000004e3       0x14 c:/android-ndk/toolchains/arm-linux-androideabi-4.4.3/prebuilt/windows/bin/../lib/gcc/arm-linux-androideabi/4.4.3\libgcc.a(_aeabi_ldivmod.o)
 .debug_abbrev  0x000004f7       0x6a c:/android-ndk/toolchains/arm-linux-androideabi-4.4.3/prebuilt/windows/bin/../lib/gcc/arm-linux-androideabi/4.4.3\libgcc.a(bpabi.o)
 .debug_abbrev  0x00000561      0x3bb c:/android-ndk/toolchains/arm-linux-androideabi-4.4.3/prebuilt/windows/bin/../lib/gcc/arm-linux-androideabi/4.4.3\libgcc.a(unwind-arm.o)
 .debug_abbrev  0x0000091c       0x14 c:/android-ndk/toolchains/arm-linux-androideabi-4.4.3/prebuilt/windows/bin/../lib/gcc/arm-linux-androideabi/4.4.3\libgcc.a(libunwind.o)
 .debug_abbrev  0x00000930      0x220 c:/android-ndk/toolchains/arm-linux-androideabi-4.4.3/prebuilt/windows/bin/../lib/gcc/arm-linux-androideabi/4.4.3\libgcc.a(pr-support.o)
 .debug_abbrev  0x00000b50      0x18b c:/android-ndk/toolchains/arm-linux-androideabi-4.4.3/prebuilt/windows/bin/../lib/gcc/arm-linux-androideabi/4.4.3\libgcc.a(_divdi3.o)
 .debug_abbrev  0x00000cdb      0x16d c:/android-ndk/toolchains/arm-linux-androideabi-4.4.3/prebuilt/windows/bin/../lib/gcc/arm-linux-androideabi/4.4.3\libgcc.a(_udivdi3.o)
 .debug_abbrev  0x00000e48       0x14 c:/android-ndk/toolchains/arm-linux-androideabi-4.4.3/prebuilt/windows/bin/../lib/gcc/arm-linux-androideabi/4.4.3\libgcc.a(_udivsi3.o)
 .debug_abbrev  0x00000e5c       0x14 c:/android-ndk/toolchains/arm-linux-androideabi-4.4.3/prebuilt/windows/bin/../lib/gcc/arm-linux-androideabi/4.4.3\libgcc.a(_dvmd_lnx.o)

.debug_line     0x00000000     0x15b0
 *(.debug_line)
 .debug_line    0x00000000      0x736 debug\ouyaFace_platform.os
 .debug_line    0x00000736      0x1c9 debug\ouyaFace.os
 .debug_line    0x000008ff       0xd3 debug\ouyaFace_register.os
 .debug_line    0x000009d2       0x83 c:/android-ndk/toolchains/arm-linux-androideabi-4.4.3/prebuilt/windows/bin/../lib/gcc/arm-linux-androideabi/4.4.3\libgcc.a(_aeabi_ldivmod.o)
 .debug_line    0x00000a55       0x89 c:/android-ndk/toolchains/arm-linux-androideabi-4.4.3/prebuilt/windows/bin/../lib/gcc/arm-linux-androideabi/4.4.3\libgcc.a(bpabi.o)
 .debug_line    0x00000ade      0x4b0 c:/android-ndk/toolchains/arm-linux-androideabi-4.4.3/prebuilt/windows/bin/../lib/gcc/arm-linux-androideabi/4.4.3\libgcc.a(unwind-arm.o)
 .debug_line    0x00000f8e       0xcf c:/android-ndk/toolchains/arm-linux-androideabi-4.4.3/prebuilt/windows/bin/../lib/gcc/arm-linux-androideabi/4.4.3\libgcc.a(libunwind.o)
 .debug_line    0x0000105d      0x1b0 c:/android-ndk/toolchains/arm-linux-androideabi-4.4.3/prebuilt/windows/bin/../lib/gcc/arm-linux-androideabi/4.4.3\libgcc.a(pr-support.o)
 .debug_line    0x0000120d      0x140 c:/android-ndk/toolchains/arm-linux-androideabi-4.4.3/prebuilt/windows/bin/../lib/gcc/arm-linux-androideabi/4.4.3\libgcc.a(_divdi3.o)
 .debug_line    0x0000134d      0x130 c:/android-ndk/toolchains/arm-linux-androideabi-4.4.3/prebuilt/windows/bin/../lib/gcc/arm-linux-androideabi/4.4.3\libgcc.a(_udivdi3.o)
 .debug_line    0x0000147d       0xaa c:/android-ndk/toolchains/arm-linux-androideabi-4.4.3/prebuilt/windows/bin/../lib/gcc/arm-linux-androideabi/4.4.3\libgcc.a(_udivsi3.o)
 .debug_line    0x00001527       0x89 c:/android-ndk/toolchains/arm-linux-androideabi-4.4.3/prebuilt/windows/bin/../lib/gcc/arm-linux-androideabi/4.4.3\libgcc.a(_dvmd_lnx.o)

.debug_frame    0x00000000      0xd30
 *(.debug_frame)
 .debug_frame   0x00000000      0x65c debug\ouyaFace_platform.os
 .debug_frame   0x0000065c      0x1ec debug\ouyaFace.os
 .debug_frame   0x00000848       0x84 debug\ouyaFace_register.os
 .debug_frame   0x000008cc       0x60 c:/android-ndk/toolchains/arm-linux-androideabi-4.4.3/prebuilt/windows/bin/../lib/gcc/arm-linux-androideabi/4.4.3\libgcc.a(bpabi.o)
 .debug_frame   0x0000092c      0x248 c:/android-ndk/toolchains/arm-linux-androideabi-4.4.3/prebuilt/windows/bin/../lib/gcc/arm-linux-androideabi/4.4.3\libgcc.a(unwind-arm.o)
 .debug_frame   0x00000b74      0x108 c:/android-ndk/toolchains/arm-linux-androideabi-4.4.3/prebuilt/windows/bin/../lib/gcc/arm-linux-androideabi/4.4.3\libgcc.a(pr-support.o)
 .debug_frame   0x00000c7c       0x44 c:/android-ndk/toolchains/arm-linux-androideabi-4.4.3/prebuilt/windows/bin/../lib/gcc/arm-linux-androideabi/4.4.3\libgcc.a(_divdi3.o)
 .debug_frame   0x00000cc0       0x48 c:/android-ndk/toolchains/arm-linux-androideabi-4.4.3/prebuilt/windows/bin/../lib/gcc/arm-linux-androideabi/4.4.3\libgcc.a(_udivdi3.o)
 .debug_frame   0x00000d08       0x28 c:/android-ndk/toolchains/arm-linux-androideabi-4.4.3/prebuilt/windows/bin/../lib/gcc/arm-linux-androideabi/4.4.3\libgcc.a(_udivsi3.o)

.debug_str      0x00000000     0x629f
 *(.debug_str)
 .debug_str     0x00000000     0x5682 debug\ouyaFace_platform.os
                               0x5831 (size before relaxing)
 .debug_str     0x00005682       0x91 debug\ouyaFace.os
                                0x422 (size before relaxing)
 .debug_str     0x00005713       0xa4 debug\ouyaFace_register.os
                                0x1ca (size before relaxing)
 .debug_str     0x000057b7       0x97 c:/android-ndk/toolchains/arm-linux-androideabi-4.4.3/prebuilt/windows/bin/../lib/gcc/arm-linux-androideabi/4.4.3\libgcc.a(bpabi.o)
                                 0xbc (size before relaxing)
 .debug_str     0x0000584e      0x7e9 c:/android-ndk/toolchains/arm-linux-androideabi-4.4.3/prebuilt/windows/bin/../lib/gcc/arm-linux-androideabi/4.4.3\libgcc.a(unwind-arm.o)
                                0x8d2 (size before relaxing)
 .debug_str     0x00006037      0x11b c:/android-ndk/toolchains/arm-linux-androideabi-4.4.3/prebuilt/windows/bin/../lib/gcc/arm-linux-androideabi/4.4.3\libgcc.a(pr-support.o)
                                0x438 (size before relaxing)
 .debug_str     0x00006152      0x143 c:/android-ndk/toolchains/arm-linux-androideabi-4.4.3/prebuilt/windows/bin/../lib/gcc/arm-linux-androideabi/4.4.3\libgcc.a(_divdi3.o)
                                0x1f3 (size before relaxing)
 .debug_str     0x00006295        0xa c:/android-ndk/toolchains/arm-linux-androideabi-4.4.3/prebuilt/windows/bin/../lib/gcc/arm-linux-androideabi/4.4.3\libgcc.a(_udivdi3.o)
                                0x1f4 (size before relaxing)

.debug_loc      0x00000000     0x2e0b
 *(.debug_loc)
 .debug_loc     0x00000000      0x9c1 debug\ouyaFace_platform.os
 .debug_loc     0x000009c1      0x2a4 debug\ouyaFace.os
 .debug_loc     0x00000c65       0x99 debug\ouyaFace_register.os
 .debug_loc     0x00000cfe      0x120 c:/android-ndk/toolchains/arm-linux-androideabi-4.4.3/prebuilt/windows/bin/../lib/gcc/arm-linux-androideabi/4.4.3\libgcc.a(bpabi.o)
 .debug_loc     0x00000e1e      0xfef c:/android-ndk/toolchains/arm-linux-androideabi-4.4.3/prebuilt/windows/bin/../lib/gcc/arm-linux-androideabi/4.4.3\libgcc.a(unwind-arm.o)
 .debug_loc     0x00001e0d      0x2f9 c:/android-ndk/toolchains/arm-linux-androideabi-4.4.3/prebuilt/windows/bin/../lib/gcc/arm-linux-androideabi/4.4.3\libgcc.a(pr-support.o)
 .debug_loc     0x00002106      0x6cf c:/android-ndk/toolchains/arm-linux-androideabi-4.4.3/prebuilt/windows/bin/../lib/gcc/arm-linux-androideabi/4.4.3\libgcc.a(_divdi3.o)
 .debug_loc     0x000027d5      0x636 c:/android-ndk/toolchains/arm-linux-androideabi-4.4.3/prebuilt/windows/bin/../lib/gcc/arm-linux-androideabi/4.4.3\libgcc.a(_udivdi3.o)

.debug_macinfo
 *(.debug_macinfo)

.debug_weaknames
 *(.debug_weaknames)

.debug_funcnames
 *(.debug_funcnames)

.debug_typenames
 *(.debug_typenames)

.debug_varnames
 *(.debug_varnames)

.debug_pubtypes
 *(.debug_pubtypes)

.debug_ranges   0x00000000      0x5d0
 *(.debug_ranges)
 .debug_ranges  0x00000000      0x1c8 debug\ouyaFace_platform.os
 .debug_ranges  0x000001c8       0x90 debug\ouyaFace.os
 .debug_ranges  0x00000258       0x28 debug\ouyaFace_register.os
 .debug_ranges  0x00000280      0x1f8 c:/android-ndk/toolchains/arm-linux-androideabi-4.4.3/prebuilt/windows/bin/../lib/gcc/arm-linux-androideabi/4.4.3\libgcc.a(unwind-arm.o)
 .debug_ranges  0x00000478       0x30 c:/android-ndk/toolchains/arm-linux-androideabi-4.4.3/prebuilt/windows/bin/../lib/gcc/arm-linux-androideabi/4.4.3\libgcc.a(pr-support.o)
 .debug_ranges  0x000004a8       0xa0 c:/android-ndk/toolchains/arm-linux-androideabi-4.4.3/prebuilt/windows/bin/../lib/gcc/arm-linux-androideabi/4.4.3\libgcc.a(_divdi3.o)
 .debug_ranges  0x00000548       0x88 c:/android-ndk/toolchains/arm-linux-androideabi-4.4.3/prebuilt/windows/bin/../lib/gcc/arm-linux-androideabi/4.4.3\libgcc.a(_udivdi3.o)

.gnu.attributes
 *(.gnu.attributes)

.note.gnu.arm.ident
 *(.note.gnu.arm.ident)

/DISCARD/
 *(.note.GNU-stack)
 *(.gnu_debuglink)
OUTPUT(C:\Users\zyndo_000\Documents\GitHub\ouyaFace\lib\android\libouyaFace_d.so elf32-littlearm)

.ARM.attributes
                0x00000000       0x31
 .ARM.attributes
                0x00000000       0x2d c:/android-ndk/platforms/android-9/arch-arm/usr/lib/crtbegin_so.o
 .ARM.attributes
                0x0000002d       0x2d debug\ouyaFace_platform.os
 .ARM.attributes
                0x0000005a       0x2d debug\ouyaFace.os
 .ARM.attributes
                0x00000087       0x2b debug\ouyaFace_register.os
 .ARM.attributes
                0x000000b2       0x2b C:\marmalade\6.2\s3e\edk\lib\android\libedk.a(IwDebug.o)
 .ARM.attributes
                0x000000dd       0x2b C:\marmalade\6.2\s3e\edk\lib\android\libedk.a(edk_helpers.o)
 .ARM.attributes
                0x00000108       0x19 c:/android-ndk/toolchains/arm-linux-androideabi-4.4.3/prebuilt/windows/bin/../lib/gcc/arm-linux-androideabi/4.4.3\libgcc.a(_aeabi_ldivmod.o)
 .ARM.attributes
                0x00000121       0x29 c:/android-ndk/toolchains/arm-linux-androideabi-4.4.3/prebuilt/windows/bin/../lib/gcc/arm-linux-androideabi/4.4.3\libgcc.a(bpabi.o)
 .ARM.attributes
                0x0000014a       0x29 c:/android-ndk/toolchains/arm-linux-androideabi-4.4.3/prebuilt/windows/bin/../lib/gcc/arm-linux-androideabi/4.4.3\libgcc.a(unwind-arm.o)
 .ARM.attributes
                0x00000173       0x19 c:/android-ndk/toolchains/arm-linux-androideabi-4.4.3/prebuilt/windows/bin/../lib/gcc/arm-linux-androideabi/4.4.3\libgcc.a(libunwind.o)
 .ARM.attributes
                0x0000018c       0x29 c:/android-ndk/toolchains/arm-linux-androideabi-4.4.3/prebuilt/windows/bin/../lib/gcc/arm-linux-androideabi/4.4.3\libgcc.a(pr-support.o)
 .ARM.attributes
                0x000001b5       0x29 c:/android-ndk/toolchains/arm-linux-androideabi-4.4.3/prebuilt/windows/bin/../lib/gcc/arm-linux-androideabi/4.4.3\libgcc.a(_divdi3.o)
 .ARM.attributes
                0x000001de       0x29 c:/android-ndk/toolchains/arm-linux-androideabi-4.4.3/prebuilt/windows/bin/../lib/gcc/arm-linux-androideabi/4.4.3\libgcc.a(_udivdi3.o)
 .ARM.attributes
                0x00000207       0x19 c:/android-ndk/toolchains/arm-linux-androideabi-4.4.3/prebuilt/windows/bin/../lib/gcc/arm-linux-androideabi/4.4.3\libgcc.a(_udivsi3.o)
 .ARM.attributes
                0x00000220       0x19 c:/android-ndk/toolchains/arm-linux-androideabi-4.4.3/prebuilt/windows/bin/../lib/gcc/arm-linux-androideabi/4.4.3\libgcc.a(_dvmd_lnx.o)
 .ARM.attributes
                0x00000239       0x1f c:/android-ndk/platforms/android-9/arch-arm/usr/lib/crtend_so.o
