Archive member included because of file (symbol)

C:\marmalade\7.1\s3e\edk\lib\android/libedk.a(edk_helpers.o)
                              release\ouyaFace_platform.os (s3eEdkThreadRunOnOS)

Discarded input sections

 .text          0x00000000       0x14 C:/android-ndk-r9/platforms/android-9/arch-arm/usr/lib/crtbegin_so.o
 .bss           0x00000000        0x0 C:/android-ndk-r9/platforms/android-9/arch-arm/usr/lib/crtbegin_so.o
 .note.GNU-stack
                0x00000000        0x0 C:/android-ndk-r9/platforms/android-9/arch-arm/usr/lib/crtbegin_so.o
 .group         0x00000000        0x8 release\ouyaFace_platform.os
 .group         0x00000000        0x8 release\ouyaFace_platform.os
 .group         0x00000000        0x8 release\ouyaFace_platform.os
 .group         0x00000000        0x8 release\ouyaFace_platform.os
 .group         0x00000000        0x8 release\ouyaFace_platform.os
 .group         0x00000000        0x8 release\ouyaFace_platform.os
 .group         0x00000000        0x8 release\ouyaFace_platform.os
 .text          0x00000000        0x0 release\ouyaFace_platform.os
 .data          0x00000000        0x0 release\ouyaFace_platform.os
 .note.GNU-stack
                0x00000000        0x0 release\ouyaFace_platform.os
 .text          0x00000000        0x0 release\ouyaFace.os
 .data          0x00000000        0x0 release\ouyaFace.os
 .bss           0x00000000        0x0 release\ouyaFace.os
 .note.GNU-stack
                0x00000000        0x0 release\ouyaFace.os
 .text          0x00000000        0x0 release\ouyaFace_register.os
 .data          0x00000000        0x0 release\ouyaFace_register.os
 .bss           0x00000000        0x0 release\ouyaFace_register.os
 .text._Z19ouyaFaceRegisterExtv
                0x00000000      0x168 release\ouyaFace_register.os
 .note.GNU-stack
                0x00000000        0x0 release\ouyaFace_register.os
 .text          0x00000000        0x0 C:\marmalade\7.1\s3e\edk\lib\android/libedk.a(edk_helpers.o)
 .data          0x00000000        0x0 C:\marmalade\7.1\s3e\edk\lib\android/libedk.a(edk_helpers.o)
 .bss           0x00000000        0x0 C:\marmalade\7.1\s3e\edk\lib\android/libedk.a(edk_helpers.o)
 .text.s3eEdkThreadRunOnOSAsync
                0x00000000       0x30 C:\marmalade\7.1\s3e\edk\lib\android/libedk.a(edk_helpers.o)
 .text.s3eEdkErrorSetString
                0x00000000       0x30 C:\marmalade\7.1\s3e\edk\lib\android/libedk.a(edk_helpers.o)
 .note.GNU-stack
                0x00000000        0x0 C:\marmalade\7.1\s3e\edk\lib\android/libedk.a(edk_helpers.o)
 .text          0x00000000        0x0 C:/android-ndk-r9/platforms/android-9/arch-arm/usr/lib/crtend_so.o
 .data          0x00000000        0x0 C:/android-ndk-r9/platforms/android-9/arch-arm/usr/lib/crtend_so.o
 .bss           0x00000000        0x0 C:/android-ndk-r9/platforms/android-9/arch-arm/usr/lib/crtend_so.o
 .note.GNU-stack
                0x00000000        0x0 C:/android-ndk-r9/platforms/android-9/arch-arm/usr/lib/crtend_so.o

Memory map

 ** file header
                0x00000000       0x34
 ** segment headers
                0x00000034       0xe0

.interp         0x00000114       0x13
 ** fill        0x00000114       0x13

.dynsym         0x00000128      0x130
 ** dynsym      0x00000128      0x130

.dynstr         0x00000258      0x15d
 ** string table
                0x00000258      0x15d

.hash           0x000003b8       0x98
 ** hash        0x000003b8       0x98

.rel.dyn        0x00000450      0x120
 ** dynamic relocs
                0x00000450      0x120

.rel.plt        0x00000570       0x58
 ** dynamic relocs
                0x00000570       0x58

.plt            0x000005c8       0x98
 ** PLT         0x000005c8       0x98

.text           0x00000660     0x1ea8
 .text.exit     0x00000660       0x10 C:/android-ndk-r9/platforms/android-9/arch-arm/usr/lib/crtbegin_so.o
                0x00000660                __on_dlclose
 .text._Z28ouyaFaceOnGenericMotionEventP7_JNIEnvP8_jobjectiiif
                0x00000670       0x50 release\ouyaFace_platform.os
                0x00000670                ouyaFaceOnGenericMotionEvent(_JNIEnv*, _jobject*, int, int, int, float)
 .text._Z18ouyaFaceOnKeyEventP7_JNIEnvP8_jobjectiiii
                0x000006c0       0x54 release\ouyaFace_platform.os
                0x000006c0                ouyaFaceOnKeyEvent(_JNIEnv*, _jobject*, int, int, int, int)
 .text._ZL26ouyaFacadeCompleteCallbackjiPvS_iS_
                0x00000714        0x8 release\ouyaFace_platform.os
 .text._ZL34ouyaFacadeReceiptsCompleteCallbackjiPvS_iS_
                0x0000071c       0x48 release\ouyaFace_platform.os
 .text._ZL37ouyaFacadeProductListCompleteCallbackjiPvS_iS_
                0x00000764       0x58 release\ouyaFace_platform.os
 .text._ZL34ouyaFacadePurchaseCompleteCallbackjiPvS_iS_
                0x000007bc       0x1c release\ouyaFace_platform.os
 .text._Z25ouyaFaceOnGamerUUIDResultP7_JNIEnvP8_jobjectiP8_jstring
                0x000007d8      0x114 release\ouyaFace_platform.os
                0x000007d8                ouyaFaceOnGamerUUIDResult(_JNIEnv*, _jobject*, int, _jstring*)
 .text._ZL27s3eEdkAndroidFindClass_realPKc
                0x000008ec       0xb8 release\ouyaFace_platform.os
 .text._ZN7_JNIEnv9NewObjectEP7_jclassP10_jmethodIDz
                0x000009a4       0x38 release\ouyaFace_platform.os
                0x000009a4                _JNIEnv::NewObject(_jclass*, _jmethodID*, ...)
 .text._ZN7_JNIEnv16CallObjectMethodEP8_jobjectP10_jmethodIDz
                0x000009dc       0x38 release\ouyaFace_platform.os
                0x000009dc                _JNIEnv::CallObjectMethod(_jobject*, _jmethodID*, ...)
 .text._ZN7_JNIEnv17CallBooleanMethodEP8_jobjectP10_jmethodIDz
                0x00000a14       0x38 release\ouyaFace_platform.os
                0x00000a14                _JNIEnv::CallBooleanMethod(_jobject*, _jmethodID*, ...)
 .text._ZN7_JNIEnv13CallIntMethodEP8_jobjectP10_jmethodIDz
                0x00000a4c       0x38 release\ouyaFace_platform.os
                0x00000a4c                _JNIEnv::CallIntMethod(_jobject*, _jmethodID*, ...)
 .text._Z24ouyaFaceOnPurchaseResultP7_JNIEnvP8_jobjectiS2_
                0x00000a84      0x2b4 release\ouyaFace_platform.os
                0x00000a84                ouyaFaceOnPurchaseResult(_JNIEnv*, _jobject*, int, _jobject*)
 .text._Z27ouyaFaceOnProductListResultP7_JNIEnvP8_jobjectiP13_jobjectArray
                0x00000d38      0x314 release\ouyaFace_platform.os
                0x00000d38                ouyaFaceOnProductListResult(_JNIEnv*, _jobject*, int, _jobjectArray*)
 .text._ZN7_JNIEnv14CallLongMethodEP8_jobjectP10_jmethodIDz
                0x0000104c       0x38 release\ouyaFace_platform.os
                0x0000104c                _JNIEnv::CallLongMethod(_jobject*, _jmethodID*, ...)
 .text._Z24ouyaFaceOnReceiptsResultP7_JNIEnvP8_jobjectiP13_jobjectArray
                0x00001084      0x3a4 release\ouyaFace_platform.os
                0x00001084                ouyaFaceOnReceiptsResult(_JNIEnv*, _jobject*, int, _jobjectArray*)
 .text._ZN7_JNIEnv15CallFloatMethodEP8_jobjectP10_jmethodIDz
                0x00001428       0x38 release\ouyaFace_platform.os
                0x00001428                _JNIEnv::CallFloatMethod(_jobject*, _jmethodID*, ...)
 .text._ZN7_JNIEnv14CallVoidMethodEP8_jobjectP10_jmethodIDz
                0x00001460       0x38 release\ouyaFace_platform.os
                0x00001460                _JNIEnv::CallVoidMethod(_jobject*, _jmethodID*, ...)
 .text._Z21ouyaFaceInit_platformv
                0x00001498      0x434 release\ouyaFace_platform.os
                0x00001498                ouyaFaceInit_platform()
 .text._Z26ouyaFaceTerminate_platformv
                0x000018cc        0x4 release\ouyaFace_platform.os
                0x000018cc                ouyaFaceTerminate_platform()
 .text._Z17ouyaInit_platformPKcS0_
                0x000018d0       0x90 release\ouyaFace_platform.os
                0x000018d0                ouyaInit_platform(char const*, char const*)
 .text._Z17ouyaTerm_platformv
                0x00001960       0x50 release\ouyaFace_platform.os
                0x00001960                ouyaTerm_platform()
 .text._Z32ouyaFacadeIsInitialised_platformv
                0x000019b0       0x50 release\ouyaFace_platform.os
                0x000019b0                ouyaFacadeIsInitialised_platform()
 .text._Z42ouyaFacadeIsRunningOnOUYAHardware_platformv
                0x00001a00       0x50 release\ouyaFace_platform.os
                0x00001a00                ouyaFacadeIsRunningOnOUYAHardware_platform()
 .text._Z30ouyaFacadeGetGameData_platformPKcPci
                0x00001a50      0x110 release\ouyaFace_platform.os
                0x00001a50                ouyaFacadeGetGameData_platform(char const*, char*, int)
 .text._Z30ouyaFacadePutGameData_platformPKcS0_
                0x00001b60       0xbc release\ouyaFace_platform.os
                0x00001b60                ouyaFacadePutGameData_platform(char const*, char const*)
 .text._Z30ouyaFacadeSetTestMode_platformv
                0x00001c1c       0x50 release\ouyaFace_platform.os
                0x00001c1c                ouyaFacadeSetTestMode_platform()
 .text._Z35ouyaFacadeRequestGamerUUID_platformPFiPvS_ES_
                0x00001c6c       0x78 release\ouyaFace_platform.os
                0x00001c6c                ouyaFacadeRequestGamerUUID_platform(int (*)(void*, void*), void*)
 .text._Z34ouyaFacadeRequestReceipts_platformPFiPvS_ES_
                0x00001ce4       0x78 release\ouyaFace_platform.os
                0x00001ce4                ouyaFacadeRequestReceipts_platform(int (*)(void*, void*), void*)
 .text._Z37ouyaFacadeRequestProductList_platformPPKciPFiPvS2_ES2_
                0x00001d5c      0x15c release\ouyaFace_platform.os
                0x00001d5c                ouyaFacadeRequestProductList_platform(char const**, int, int (*)(void*, void*), void*)
 .text._Z34ouyaFacadeRequestPurchase_platformPKcPFiPvS1_ES1_
                0x00001eb8       0xb0 release\ouyaFace_platform.os
                0x00001eb8                ouyaFacadeRequestPurchase_platform(char const*, int (*)(void*, void*), void*)
 .text._Z37ouyaControllerGetButtonState_platformjj
                0x00001f68       0x60 release\ouyaFace_platform.os
                0x00001f68                ouyaControllerGetButtonState_platform(unsigned int, unsigned int)
 .text._Z30ouyaControllerGetAxis_platformjj
                0x00001fc8       0x60 release\ouyaFace_platform.os
                0x00001fc8                ouyaControllerGetAxis_platform(unsigned int, unsigned int)
 .text._Z12ouyaFaceInitv
                0x00002028        0x4 release\ouyaFace.os
                0x00002028                ouyaFaceInit()
 .text._Z17ouyaFaceTerminatev
                0x0000202c        0x4 release\ouyaFace.os
                0x0000202c                ouyaFaceTerminate()
 .text.ouyaInit
                0x00002030        0x4 release\ouyaFace.os
                0x00002030                ouyaInit
 .text.ouyaTerm
                0x00002034        0x4 release\ouyaFace.os
                0x00002034                ouyaTerm
 .text.ouyaFacadeIsInitialised
                0x00002038        0x4 release\ouyaFace.os
                0x00002038                ouyaFacadeIsInitialised
 .text.ouyaFacadeIsRunningOnOUYAHardware
                0x0000203c        0x4 release\ouyaFace.os
                0x0000203c                ouyaFacadeIsRunningOnOUYAHardware
 .text.ouyaFacadeGetGameData
                0x00002040        0x4 release\ouyaFace.os
                0x00002040                ouyaFacadeGetGameData
 .text.ouyaFacadePutGameData
                0x00002044        0x4 release\ouyaFace.os
                0x00002044                ouyaFacadePutGameData
 .text.ouyaFacadeSetTestMode
                0x00002048        0x4 release\ouyaFace.os
                0x00002048                ouyaFacadeSetTestMode
 .text.ouyaFacadeRequestGamerUUID
                0x0000204c        0x4 release\ouyaFace.os
                0x0000204c                ouyaFacadeRequestGamerUUID
 .text.ouyaFacadeRequestReceipts
                0x00002050        0x4 release\ouyaFace.os
                0x00002050                ouyaFacadeRequestReceipts
 .text.ouyaFacadeRequestProductList
                0x00002054        0x4 release\ouyaFace.os
                0x00002054                ouyaFacadeRequestProductList
 .text.ouyaFacadeRequestPurchase
                0x00002058        0x4 release\ouyaFace.os
                0x00002058                ouyaFacadeRequestPurchase
 .text.ouyaControllerRegister
                0x0000205c       0x30 release\ouyaFace.os
                0x0000205c                ouyaControllerRegister
 .text.ouyaControllerUnRegister
                0x0000208c       0x30 release\ouyaFace.os
                0x0000208c                ouyaControllerUnRegister
 .text.ouyaControllerGetButtonState
                0x000020bc        0x4 release\ouyaFace.os
                0x000020bc                ouyaControllerGetButtonState
 .text.ouyaControllerGetAxis
                0x000020c0        0x4 release\ouyaFace.os
                0x000020c0                ouyaControllerGetAxis
 .text._ZL26ouyaControllerGetAxis_wrapjj
                0x000020c4       0x3c release\ouyaFace_register.os
 .text._ZL33ouyaControllerGetButtonState_wrapjj
                0x00002100       0x28 release\ouyaFace_register.os
 .text._ZL29ouyaControllerUnRegister_wrap19OuyaControllerEventPFiPvS0_E
                0x00002128       0x28 release\ouyaFace_register.os
 .text._ZL27ouyaControllerRegister_wrap19OuyaControllerEventPFiPvS0_ES0_
                0x00002150       0x40 release\ouyaFace_register.os
 .text._ZL30ouyaFacadeRequestPurchase_wrapPKcPFiPvS1_ES1_
                0x00002190       0x40 release\ouyaFace_register.os
 .text._ZL33ouyaFacadeRequestProductList_wrapPPKciPFiPvS2_ES2_
                0x000021d0       0x40 release\ouyaFace_register.os
 .text._ZL30ouyaFacadeRequestReceipts_wrapPFiPvS_ES_
                0x00002210       0x28 release\ouyaFace_register.os
 .text._ZL31ouyaFacadeRequestGamerUUID_wrapPFiPvS_ES_
                0x00002238       0x28 release\ouyaFace_register.os
 .text._ZL26ouyaFacadeSetTestMode_wrapv
                0x00002260       0x20 release\ouyaFace_register.os
 .text._ZL26ouyaFacadePutGameData_wrapPKcS0_
                0x00002280       0x28 release\ouyaFace_register.os
 .text._ZL26ouyaFacadeGetGameData_wrapPKcPci
                0x000022a8       0x40 release\ouyaFace_register.os
 .text._ZL38ouyaFacadeIsRunningOnOUYAHardware_wrapv
                0x000022e8       0x20 release\ouyaFace_register.os
 .text._ZL28ouyaFacadeIsInitialised_wrapv
                0x00002308       0x20 release\ouyaFace_register.os
 .text._ZL13ouyaTerm_wrapv
                0x00002328       0x20 release\ouyaFace_register.os
 .text._ZL13ouyaInit_wrapPKcS0_
                0x00002348       0x28 release\ouyaFace_register.os
 .text.RegisterExt
                0x00002370      0x168 release\ouyaFace_register.os
                0x00002370                RegisterExt
 .text.s3eEdkThreadRunOnOS
                0xffffffffffffffff       0x30 C:\marmalade\7.1\s3e\edk\lib\android/libedk.a(edk_helpers.o)
                0x000024d8                s3eEdkThreadRunOnOS

.rodata         0x00002508      0x3da
 ** merge strings
                0x00002508      0x3da

.fini_array     0x00003e50        0x8
 .fini_array    0x00003e50        0x4 C:/android-ndk-r9/platforms/android-9/arch-arm/usr/lib/crtbegin_so.o
 .fini_array    0x00003e54        0x4 C:/android-ndk-r9/platforms/android-9/arch-arm/usr/lib/crtend_so.o

.data.rel.ro    0x00003e58       0x48
 .data.rel.ro   0x00003e58       0x48 release\ouyaFace_platform.os

.init_array     0x00003ea0        0x4
 .init_array    0x00003ea0        0x4 C:/android-ndk-r9/platforms/android-9/arch-arm/usr/lib/crtend_so.o

.dynamic        0x00003ea4       0xe0
 ** dynamic     0x00003ea4       0xe0

.got            0x00003f84       0x7c
 ** GOT         0x00003f84       0x44
 ** GOT PLT     0x00003fc8       0x38

.data           0x00004000        0x4
 .data          0x00004000        0x4 C:/android-ndk-r9/platforms/android-9/arch-arm/usr/lib/crtbegin_so.o
                0x00004000                __dso_handle

.bss            0x00004004       0x38
 .bss           0x00004004       0x38 release\ouyaFace_platform.os
