Archive member included because of file (symbol)

C:\marmalade\7.1\s3e\edk\lib\android/libedk.a(IwDebug.o)
                              debug\ouyaFace_platform.os (IwDebugTraceSetTraceChannel)
C:\marmalade\7.1\s3e\edk\lib\android/libedk.a(edk_helpers.o)
                              debug\ouyaFace_platform.os (s3eEdkThreadRunOnOS)
c:/android-ndk-r9/toolchains/arm-linux-androideabi-4.8/prebuilt/windows/bin/../lib/gcc/arm-linux-androideabi/4.8/libgcc.a(_aeabi_ldivmod.o)
                              C:\marmalade\7.1\s3e\edk\lib\android/libedk.a(IwDebug.o) (__aeabi_ldivmod)
c:/android-ndk-r9/toolchains/arm-linux-androideabi-4.8/prebuilt/windows/bin/../lib/gcc/arm-linux-androideabi/4.8/libgcc.a(_dvmd_lnx.o)
                              c:/android-ndk-r9/toolchains/arm-linux-androideabi-4.8/prebuilt/windows/bin/../lib/gcc/arm-linux-androideabi/4.8/libgcc.a(_aeabi_ldivmod.o) (__aeabi_ldiv0)
c:/android-ndk-r9/toolchains/arm-linux-androideabi-4.8/prebuilt/windows/bin/../lib/gcc/arm-linux-androideabi/4.8/libgcc.a(bpabi.o)
                              c:/android-ndk-r9/toolchains/arm-linux-androideabi-4.8/prebuilt/windows/bin/../lib/gcc/arm-linux-androideabi/4.8/libgcc.a(_aeabi_ldivmod.o) (__gnu_ldivmod_helper)
c:/android-ndk-r9/toolchains/arm-linux-androideabi-4.8/prebuilt/windows/bin/../lib/gcc/arm-linux-androideabi/4.8/libgcc.a(_divdi3.o)
                              c:/android-ndk-r9/toolchains/arm-linux-androideabi-4.8/prebuilt/windows/bin/../lib/gcc/arm-linux-androideabi/4.8/libgcc.a(bpabi.o) (__divdi3)
c:/android-ndk-r9/toolchains/arm-linux-androideabi-4.8/prebuilt/windows/bin/../lib/gcc/arm-linux-androideabi/4.8/libgcc.a(_udivdi3.o)
                              c:/android-ndk-r9/toolchains/arm-linux-androideabi-4.8/prebuilt/windows/bin/../lib/gcc/arm-linux-androideabi/4.8/libgcc.a(bpabi.o) (__udivdi3)
c:/android-ndk-r9/toolchains/arm-linux-androideabi-4.8/prebuilt/windows/bin/../lib/gcc/arm-linux-androideabi/4.8/libgcc.a(_udivsi3.o)
                              c:/android-ndk-r9/toolchains/arm-linux-androideabi-4.8/prebuilt/windows/bin/../lib/gcc/arm-linux-androideabi/4.8/libgcc.a(_divdi3.o) (__aeabi_uidiv)

Discarded input sections

 .text          0x00000000       0x14 C:/android-ndk-r9/platforms/android-9/arch-arm/usr/lib/crtbegin_so.o
 .bss           0x00000000        0x0 C:/android-ndk-r9/platforms/android-9/arch-arm/usr/lib/crtbegin_so.o
 .note.GNU-stack
                0x00000000        0x0 C:/android-ndk-r9/platforms/android-9/arch-arm/usr/lib/crtbegin_so.o
 .group         0x00000000        0x8 debug\ouyaFace_platform.os
 .group         0x00000000        0x8 debug\ouyaFace_platform.os
 .group         0x00000000        0x8 debug\ouyaFace_platform.os
 .group         0x00000000        0x8 debug\ouyaFace_platform.os
 .group         0x00000000        0x8 debug\ouyaFace_platform.os
 .group         0x00000000        0x8 debug\ouyaFace_platform.os
 .group         0x00000000        0x8 debug\ouyaFace_platform.os
 .group         0x00000000        0x8 debug\ouyaFace_platform.os
 .group         0x00000000        0x8 debug\ouyaFace_platform.os
 .group         0x00000000        0x8 debug\ouyaFace_platform.os
 .group         0x00000000        0x8 debug\ouyaFace_platform.os
 .group         0x00000000        0x8 debug\ouyaFace_platform.os
 .group         0x00000000        0x8 debug\ouyaFace_platform.os
 .group         0x00000000        0x8 debug\ouyaFace_platform.os
 .group         0x00000000        0x8 debug\ouyaFace_platform.os
 .group         0x00000000        0x8 debug\ouyaFace_platform.os
 .group         0x00000000        0x8 debug\ouyaFace_platform.os
 .group         0x00000000        0x8 debug\ouyaFace_platform.os
 .group         0x00000000        0x8 debug\ouyaFace_platform.os
 .group         0x00000000        0x8 debug\ouyaFace_platform.os
 .group         0x00000000        0x8 debug\ouyaFace_platform.os
 .group         0x00000000        0x8 debug\ouyaFace_platform.os
 .group         0x00000000        0x8 debug\ouyaFace_platform.os
 .group         0x00000000        0x8 debug\ouyaFace_platform.os
 .group         0x00000000        0x8 debug\ouyaFace_platform.os
 .text          0x00000000        0x0 debug\ouyaFace_platform.os
 .data          0x00000000        0x0 debug\ouyaFace_platform.os
 .note.GNU-stack
                0x00000000        0x0 debug\ouyaFace_platform.os
 .text          0x00000000        0x0 debug\ouyaFace.os
 .data          0x00000000        0x0 debug\ouyaFace.os
 .bss           0x00000000        0x0 debug\ouyaFace.os
 .note.GNU-stack
                0x00000000        0x0 debug\ouyaFace.os
 .text          0x00000000        0x0 debug\ouyaFace_register.os
 .data          0x00000000        0x0 debug\ouyaFace_register.os
 .bss           0x00000000        0x0 debug\ouyaFace_register.os
 .note.GNU-stack
                0x00000000        0x0 debug\ouyaFace_register.os
 .text          0x00000000        0x0 C:\marmalade\7.1\s3e\edk\lib\android/libedk.a(IwDebug.o)
 .data          0x00000000        0x0 C:\marmalade\7.1\s3e\edk\lib\android/libedk.a(IwDebug.o)
 .text.IwAssertRegisterTextCallback
                0x00000000       0x1c C:\marmalade\7.1\s3e\edk\lib\android/libedk.a(IwDebug.o)
 .text.IwAssertRegisterCallback
                0x00000000       0x1c C:\marmalade\7.1\s3e\edk\lib\android/libedk.a(IwDebug.o)
 .text.IwDebugErrorRegisterCallback
                0x00000000       0x1c C:\marmalade\7.1\s3e\edk\lib\android/libedk.a(IwDebug.o)
 .text.IwDebugClearConfigCache
                0x00000000       0x80 C:\marmalade\7.1\s3e\edk\lib\android/libedk.a(IwDebug.o)
 .text.IwDebugErrorShow
                0x00000000       0xec C:\marmalade\7.1\s3e\edk\lib\android/libedk.a(IwDebug.o)
 .text.IwDebugTraceLineVPrintf
                0x00000000       0xfc C:\marmalade\7.1\s3e\edk\lib\android/libedk.a(IwDebug.o)
 .text.IwDebugTraceDisable
                0x00000000       0x10 C:\marmalade\7.1\s3e\edk\lib\android/libedk.a(IwDebug.o)
 .text.IwDebugTraceChannelSwitch
                0x00000000      0x4c4 C:\marmalade\7.1\s3e\edk\lib\android/libedk.a(IwDebug.o)
 .note.GNU-stack
                0x00000000        0x0 C:\marmalade\7.1\s3e\edk\lib\android/libedk.a(IwDebug.o)
 .text          0x00000000        0x0 C:\marmalade\7.1\s3e\edk\lib\android/libedk.a(edk_helpers.o)
 .data          0x00000000        0x0 C:\marmalade\7.1\s3e\edk\lib\android/libedk.a(edk_helpers.o)
 .bss           0x00000000        0x0 C:\marmalade\7.1\s3e\edk\lib\android/libedk.a(edk_helpers.o)
 .text.s3eEdkThreadRunOnOSAsync
                0x00000000       0x30 C:\marmalade\7.1\s3e\edk\lib\android/libedk.a(edk_helpers.o)
 .text.s3eEdkErrorSetString
                0x00000000       0x30 C:\marmalade\7.1\s3e\edk\lib\android/libedk.a(edk_helpers.o)
 .note.GNU-stack
                0x00000000        0x0 C:\marmalade\7.1\s3e\edk\lib\android/libedk.a(edk_helpers.o)
 .data          0x00000000        0x0 c:/android-ndk-r9/toolchains/arm-linux-androideabi-4.8/prebuilt/windows/bin/../lib/gcc/arm-linux-androideabi/4.8/libgcc.a(_aeabi_ldivmod.o)
 .bss           0x00000000        0x0 c:/android-ndk-r9/toolchains/arm-linux-androideabi-4.8/prebuilt/windows/bin/../lib/gcc/arm-linux-androideabi/4.8/libgcc.a(_aeabi_ldivmod.o)
 .note.GNU-stack
                0x00000000        0x0 c:/android-ndk-r9/toolchains/arm-linux-androideabi-4.8/prebuilt/windows/bin/../lib/gcc/arm-linux-androideabi/4.8/libgcc.a(_aeabi_ldivmod.o)
 .data          0x00000000        0x0 c:/android-ndk-r9/toolchains/arm-linux-androideabi-4.8/prebuilt/windows/bin/../lib/gcc/arm-linux-androideabi/4.8/libgcc.a(_dvmd_lnx.o)
 .bss           0x00000000        0x0 c:/android-ndk-r9/toolchains/arm-linux-androideabi-4.8/prebuilt/windows/bin/../lib/gcc/arm-linux-androideabi/4.8/libgcc.a(_dvmd_lnx.o)
 .note.GNU-stack
                0x00000000        0x0 c:/android-ndk-r9/toolchains/arm-linux-androideabi-4.8/prebuilt/windows/bin/../lib/gcc/arm-linux-androideabi/4.8/libgcc.a(_dvmd_lnx.o)
 .data          0x00000000        0x0 c:/android-ndk-r9/toolchains/arm-linux-androideabi-4.8/prebuilt/windows/bin/../lib/gcc/arm-linux-androideabi/4.8/libgcc.a(bpabi.o)
 .bss           0x00000000        0x0 c:/android-ndk-r9/toolchains/arm-linux-androideabi-4.8/prebuilt/windows/bin/../lib/gcc/arm-linux-androideabi/4.8/libgcc.a(bpabi.o)
 .note.GNU-stack
                0x00000000        0x0 c:/android-ndk-r9/toolchains/arm-linux-androideabi-4.8/prebuilt/windows/bin/../lib/gcc/arm-linux-androideabi/4.8/libgcc.a(bpabi.o)
 .data          0x00000000        0x0 c:/android-ndk-r9/toolchains/arm-linux-androideabi-4.8/prebuilt/windows/bin/../lib/gcc/arm-linux-androideabi/4.8/libgcc.a(_divdi3.o)
 .bss           0x00000000        0x0 c:/android-ndk-r9/toolchains/arm-linux-androideabi-4.8/prebuilt/windows/bin/../lib/gcc/arm-linux-androideabi/4.8/libgcc.a(_divdi3.o)
 .ARM.extab     0x00000000        0x0 c:/android-ndk-r9/toolchains/arm-linux-androideabi-4.8/prebuilt/windows/bin/../lib/gcc/arm-linux-androideabi/4.8/libgcc.a(_divdi3.o)
 .note.GNU-stack
                0x00000000        0x0 c:/android-ndk-r9/toolchains/arm-linux-androideabi-4.8/prebuilt/windows/bin/../lib/gcc/arm-linux-androideabi/4.8/libgcc.a(_divdi3.o)
 .data          0x00000000        0x0 c:/android-ndk-r9/toolchains/arm-linux-androideabi-4.8/prebuilt/windows/bin/../lib/gcc/arm-linux-androideabi/4.8/libgcc.a(_udivdi3.o)
 .bss           0x00000000        0x0 c:/android-ndk-r9/toolchains/arm-linux-androideabi-4.8/prebuilt/windows/bin/../lib/gcc/arm-linux-androideabi/4.8/libgcc.a(_udivdi3.o)
 .ARM.extab     0x00000000        0x0 c:/android-ndk-r9/toolchains/arm-linux-androideabi-4.8/prebuilt/windows/bin/../lib/gcc/arm-linux-androideabi/4.8/libgcc.a(_udivdi3.o)
 .note.GNU-stack
                0x00000000        0x0 c:/android-ndk-r9/toolchains/arm-linux-androideabi-4.8/prebuilt/windows/bin/../lib/gcc/arm-linux-androideabi/4.8/libgcc.a(_udivdi3.o)
 .data          0x00000000        0x0 c:/android-ndk-r9/toolchains/arm-linux-androideabi-4.8/prebuilt/windows/bin/../lib/gcc/arm-linux-androideabi/4.8/libgcc.a(_udivsi3.o)
 .bss           0x00000000        0x0 c:/android-ndk-r9/toolchains/arm-linux-androideabi-4.8/prebuilt/windows/bin/../lib/gcc/arm-linux-androideabi/4.8/libgcc.a(_udivsi3.o)
 .note.GNU-stack
                0x00000000        0x0 c:/android-ndk-r9/toolchains/arm-linux-androideabi-4.8/prebuilt/windows/bin/../lib/gcc/arm-linux-androideabi/4.8/libgcc.a(_udivsi3.o)
 .text          0x00000000        0x0 C:/android-ndk-r9/platforms/android-9/arch-arm/usr/lib/crtend_so.o
 .data          0x00000000        0x0 C:/android-ndk-r9/platforms/android-9/arch-arm/usr/lib/crtend_so.o
 .bss           0x00000000        0x0 C:/android-ndk-r9/platforms/android-9/arch-arm/usr/lib/crtend_so.o
 .note.GNU-stack
                0x00000000        0x0 C:/android-ndk-r9/platforms/android-9/arch-arm/usr/lib/crtend_so.o

Memory map

 ** file header
                0x00000000       0x34
 ** segment headers
                0x00000034      0x100

.interp         0x00000134       0x13
 ** fill        0x00000134       0x13

.dynsym         0x00000148      0x2f0
 ** dynsym      0x00000148      0x2f0

.dynstr         0x00000438      0x2c5
 ** string table
                0x00000438      0x2c5

.hash           0x00000700      0x158
 ** hash        0x00000700      0x158

.rel.dyn        0x00000858      0x128
 ** dynamic relocs
                0x00000858      0x128

.rel.plt        0x00000980       0xd8
 ** dynamic relocs
                0x00000980       0xd8

.plt            0x00000a58      0x158
 ** PLT         0x00000a58      0x158

.text           0x00000bb0     0x7bf8
 .text.exit     0x00000bb0       0x10 C:/android-ndk-r9/platforms/android-9/arch-arm/usr/lib/crtbegin_so.o
                0x00000bb0                __on_dlclose
 .text._ZN7_JNIEnv9FindClassEPKc
                0x00000bc0       0x38 debug\ouyaFace_platform.os
                0x00000bc0                _JNIEnv::FindClass(char const*)
 .text._ZN7_JNIEnv17ExceptionOccurredEv
                0x00000bf8       0x30 debug\ouyaFace_platform.os
                0x00000bf8                _JNIEnv::ExceptionOccurred()
 .text._ZN7_JNIEnv17ExceptionDescribeEv
                0x00000c28       0x28 debug\ouyaFace_platform.os
                0x00000c28                _JNIEnv::ExceptionDescribe()
 .text._ZN7_JNIEnv14ExceptionClearEv
                0x00000c50       0x28 debug\ouyaFace_platform.os
                0x00000c50                _JNIEnv::ExceptionClear()
 .text._ZN7_JNIEnv12NewGlobalRefEP8_jobject
                0x00000c78       0x38 debug\ouyaFace_platform.os
                0x00000c78                _JNIEnv::NewGlobalRef(_jobject*)
 .text._ZN7_JNIEnv15DeleteGlobalRefEP8_jobject
                0x00000cb0       0x30 debug\ouyaFace_platform.os
                0x00000cb0                _JNIEnv::DeleteGlobalRef(_jobject*)
 .text._ZN7_JNIEnv14DeleteLocalRefEP8_jobject
                0x00000ce0       0x30 debug\ouyaFace_platform.os
                0x00000ce0                _JNIEnv::DeleteLocalRef(_jobject*)
 .text._ZN7_JNIEnv9NewObjectEP7_jclassP10_jmethodIDz
                0x00000d10       0x58 debug\ouyaFace_platform.os
                0x00000d10                _JNIEnv::NewObject(_jclass*, _jmethodID*, ...)
 .text._ZN7_JNIEnv11GetMethodIDEP7_jclassPKcS3_
                0x00000d68       0x48 debug\ouyaFace_platform.os
                0x00000d68                _JNIEnv::GetMethodID(_jclass*, char const*, char const*)
 .text._ZN7_JNIEnv16CallObjectMethodEP8_jobjectP10_jmethodIDz
                0x00000db0       0x58 debug\ouyaFace_platform.os
                0x00000db0                _JNIEnv::CallObjectMethod(_jobject*, _jmethodID*, ...)
 .text._ZN7_JNIEnv17CallBooleanMethodEP8_jobjectP10_jmethodIDz
                0x00000e08       0x5c debug\ouyaFace_platform.os
                0x00000e08                _JNIEnv::CallBooleanMethod(_jobject*, _jmethodID*, ...)
 .text._ZN7_JNIEnv13CallIntMethodEP8_jobjectP10_jmethodIDz
                0x00000e64       0x58 debug\ouyaFace_platform.os
                0x00000e64                _JNIEnv::CallIntMethod(_jobject*, _jmethodID*, ...)
 .text._ZN7_JNIEnv14CallLongMethodEP8_jobjectP10_jmethodIDz
                0x00000ebc       0x5c debug\ouyaFace_platform.os
                0x00000ebc                _JNIEnv::CallLongMethod(_jobject*, _jmethodID*, ...)
 .text._ZN7_JNIEnv15CallFloatMethodEP8_jobjectP10_jmethodIDz
                0x00000f18       0x58 debug\ouyaFace_platform.os
                0x00000f18                _JNIEnv::CallFloatMethod(_jobject*, _jmethodID*, ...)
 .text._ZN7_JNIEnv14CallVoidMethodEP8_jobjectP10_jmethodIDz
                0x00000f70       0x4c debug\ouyaFace_platform.os
                0x00000f70                _JNIEnv::CallVoidMethod(_jobject*, _jmethodID*, ...)
 .text._ZN7_JNIEnv12NewStringUTFEPKc
                0x00000fbc       0x38 debug\ouyaFace_platform.os
                0x00000fbc                _JNIEnv::NewStringUTF(char const*)
 .text._ZN7_JNIEnv18GetStringUTFLengthEP8_jstring
                0x00000ff4       0x38 debug\ouyaFace_platform.os
                0x00000ff4                _JNIEnv::GetStringUTFLength(_jstring*)
 .text._ZN7_JNIEnv17GetStringUTFCharsEP8_jstringPh
                0x0000102c       0x40 debug\ouyaFace_platform.os
                0x0000102c                _JNIEnv::GetStringUTFChars(_jstring*, unsigned char*)
 .text._ZN7_JNIEnv21ReleaseStringUTFCharsEP8_jstringPKc
                0x0000106c       0x38 debug\ouyaFace_platform.os
                0x0000106c                _JNIEnv::ReleaseStringUTFChars(_jstring*, char const*)
 .text._ZN7_JNIEnv14GetArrayLengthEP7_jarray
                0x000010a4       0x38 debug\ouyaFace_platform.os
                0x000010a4                _JNIEnv::GetArrayLength(_jarray*)
 .text._ZN7_JNIEnv14NewObjectArrayEiP7_jclassP8_jobject
                0x000010dc       0x48 debug\ouyaFace_platform.os
                0x000010dc                _JNIEnv::NewObjectArray(int, _jclass*, _jobject*)
 .text._ZN7_JNIEnv21GetObjectArrayElementEP13_jobjectArrayi
                0x00001124       0x40 debug\ouyaFace_platform.os
                0x00001124                _JNIEnv::GetObjectArrayElement(_jobjectArray*, int)
 .text._ZN7_JNIEnv21SetObjectArrayElementEP13_jobjectArrayiP8_jobject
                0x00001164       0x40 debug\ouyaFace_platform.os
                0x00001164                _JNIEnv::SetObjectArrayElement(_jobjectArray*, int, _jobject*)
 .text._ZN7_JNIEnv15RegisterNativesEP7_jclassPK15JNINativeMethodi
                0x000011a4       0x48 debug\ouyaFace_platform.os
                0x000011a4                _JNIEnv::RegisterNatives(_jclass*, JNINativeMethod const*, int)
 .text._ZN7_JavaVM6GetEnvEPPvi
                0x000011ec       0x40 debug\ouyaFace_platform.os
                0x000011ec                _JavaVM::GetEnv(void**, int)
 .text._ZL15s3eEdkJNIGetEnvv
                0x0000122c       0x40 debug\ouyaFace_platform.os
 .text._ZL27s3eEdkAndroidFindClass_realPKc
                0x0000126c       0x8c debug\ouyaFace_platform.os
 .text._ZL22s3eEdkAndroidFindClassPKc
                0x000012f8       0x38 debug\ouyaFace_platform.os
 .text._ZL11IwDebugExitv
                0x00001330        0x8 debug\ouyaFace_platform.os
 .text._ZL26ouyaFacadeCompleteCallbackjiPvS_iS_
                0x00001338      0x160 debug\ouyaFace_platform.os
 .text._ZL34ouyaFacadeReceiptsCompleteCallbackjiPvS_iS_
                0x00001498      0x1c8 debug\ouyaFace_platform.os
 .text._ZL37ouyaFacadeProductListCompleteCallbackjiPvS_iS_
                0x00001660      0x1f4 debug\ouyaFace_platform.os
 .text._ZL34ouyaFacadePurchaseCompleteCallbackjiPvS_iS_
                0x00001854      0x180 debug\ouyaFace_platform.os
 .text._Z28ouyaFaceOnGenericMotionEventP7_JNIEnvP8_jobjectiiif
                0x000019d4       0x78 debug\ouyaFace_platform.os
                0x000019d4                ouyaFaceOnGenericMotionEvent(_JNIEnv*, _jobject*, int, int, int, float)
 .text._Z18ouyaFaceOnKeyEventP7_JNIEnvP8_jobjectiiii
                0x00001a4c       0x78 debug\ouyaFace_platform.os
                0x00001a4c                ouyaFaceOnKeyEvent(_JNIEnv*, _jobject*, int, int, int, int)
 .text._Z25ouyaFaceOnGamerUUIDResultP7_JNIEnvP8_jobjectiP8_jstring
                0x00001ac4      0x260 debug\ouyaFace_platform.os
                0x00001ac4                ouyaFaceOnGamerUUIDResult(_JNIEnv*, _jobject*, int, _jstring*)
 .text._Z24ouyaFaceOnReceiptsResultP7_JNIEnvP8_jobjectiP13_jobjectArray
                0x00001d24     0x123c debug\ouyaFace_platform.os
                0x00001d24                ouyaFaceOnReceiptsResult(_JNIEnv*, _jobject*, int, _jobjectArray*)
 .text._Z27ouyaFaceOnProductListResultP7_JNIEnvP8_jobjectiP13_jobjectArray
                0x00002f60      0xe3c debug\ouyaFace_platform.os
                0x00002f60                ouyaFaceOnProductListResult(_JNIEnv*, _jobject*, int, _jobjectArray*)
 .text._Z24ouyaFaceOnPurchaseResultP7_JNIEnvP8_jobjectiS2_
                0x00003d9c      0xc38 debug\ouyaFace_platform.os
                0x00003d9c                ouyaFaceOnPurchaseResult(_JNIEnv*, _jobject*, int, _jobject*)
 .text._Z21ouyaFaceInit_platformv
                0x000049d4      0x688 debug\ouyaFace_platform.os
                0x000049d4                ouyaFaceInit_platform()
 .text._Z26ouyaFaceTerminate_platformv
                0x0000505c        0x4 debug\ouyaFace_platform.os
                0x0000505c                ouyaFaceTerminate_platform()
 .text._Z17ouyaInit_platformPKcS0_
                0x00005060      0x2e0 debug\ouyaFace_platform.os
                0x00005060                ouyaInit_platform(char const*, char const*)
 .text._Z17ouyaTerm_platformv
                0x00005340       0x48 debug\ouyaFace_platform.os
                0x00005340                ouyaTerm_platform()
 .text._Z32ouyaFacadeIsInitialised_platformv
                0x00005388       0x50 debug\ouyaFace_platform.os
                0x00005388                ouyaFacadeIsInitialised_platform()
 .text._Z42ouyaFacadeIsRunningOnOUYAHardware_platformv
                0x000053d8       0x50 debug\ouyaFace_platform.os
                0x000053d8                ouyaFacadeIsRunningOnOUYAHardware_platform()
 .text._Z30ouyaFacadeGetGameData_platformPKcPci
                0x00005428      0x488 debug\ouyaFace_platform.os
                0x00005428                ouyaFacadeGetGameData_platform(char const*, char*, int)
 .text._Z30ouyaFacadePutGameData_platformPKcS0_
                0x000058b0      0x2f8 debug\ouyaFace_platform.os
                0x000058b0                ouyaFacadePutGameData_platform(char const*, char const*)
 .text._Z30ouyaFacadeSetTestMode_platformv
                0x00005ba8       0x48 debug\ouyaFace_platform.os
                0x00005ba8                ouyaFacadeSetTestMode_platform()
 .text._Z35ouyaFacadeRequestGamerUUID_platformPFiPvS_ES_
                0x00005bf0       0x90 debug\ouyaFace_platform.os
                0x00005bf0                ouyaFacadeRequestGamerUUID_platform(int (*)(void*, void*), void*)
 .text._Z34ouyaFacadeRequestReceipts_platformPFiPvS_ES_
                0x00005c80       0x90 debug\ouyaFace_platform.os
                0x00005c80                ouyaFacadeRequestReceipts_platform(int (*)(void*, void*), void*)
 .text._Z37ouyaFacadeRequestProductList_platformPPKciPFiPvS2_ES2_
                0x00005d10      0x4dc debug\ouyaFace_platform.os
                0x00005d10                ouyaFacadeRequestProductList_platform(char const**, int, int (*)(void*, void*), void*)
 .text._Z34ouyaFacadeRequestPurchase_platformPKcPFiPvS1_ES1_
                0x000061ec      0x1e8 debug\ouyaFace_platform.os
                0x000061ec                ouyaFacadeRequestPurchase_platform(char const*, int (*)(void*, void*), void*)
 .text._Z37ouyaControllerGetButtonState_platformjj
                0x000063d4       0x64 debug\ouyaFace_platform.os
                0x000063d4                ouyaControllerGetButtonState_platform(unsigned int, unsigned int)
 .text._Z30ouyaControllerGetAxis_platformjj
                0x00006438       0x64 debug\ouyaFace_platform.os
                0x00006438                ouyaControllerGetAxis_platform(unsigned int, unsigned int)
 .text._Z12ouyaFaceInitv
                0x0000649c       0x14 debug\ouyaFace.os
                0x0000649c                ouyaFaceInit()
 .text._Z17ouyaFaceTerminatev
                0x000064b0        0xc debug\ouyaFace.os
                0x000064b0                ouyaFaceTerminate()
 .text.ouyaInit
                0x000064bc       0x24 debug\ouyaFace.os
                0x000064bc                ouyaInit
 .text.ouyaTerm
                0x000064e0        0xc debug\ouyaFace.os
                0x000064e0                ouyaTerm
 .text.ouyaFacadeIsInitialised
                0x000064ec       0x14 debug\ouyaFace.os
                0x000064ec                ouyaFacadeIsInitialised
 .text.ouyaFacadeIsRunningOnOUYAHardware
                0x00006500       0x14 debug\ouyaFace.os
                0x00006500                ouyaFacadeIsRunningOnOUYAHardware
 .text.ouyaFacadeGetGameData
                0x00006514       0x2c debug\ouyaFace.os
                0x00006514                ouyaFacadeGetGameData
 .text.ouyaFacadePutGameData
                0x00006540       0x24 debug\ouyaFace.os
                0x00006540                ouyaFacadePutGameData
 .text.ouyaFacadeSetTestMode
                0x00006564        0xc debug\ouyaFace.os
                0x00006564                ouyaFacadeSetTestMode
 .text.ouyaFacadeRequestGamerUUID
                0x00006570       0x2c debug\ouyaFace.os
                0x00006570                ouyaFacadeRequestGamerUUID
 .text.ouyaFacadeRequestReceipts
                0x0000659c       0x2c debug\ouyaFace.os
                0x0000659c                ouyaFacadeRequestReceipts
 .text.ouyaFacadeRequestProductList
                0x000065c8       0x3c debug\ouyaFace.os
                0x000065c8                ouyaFacadeRequestProductList
 .text.ouyaFacadeRequestPurchase
                0x00006604       0x34 debug\ouyaFace.os
                0x00006604                ouyaFacadeRequestPurchase
 .text.ouyaControllerRegister
                0x00006638       0x54 debug\ouyaFace.os
                0x00006638                ouyaControllerRegister
 .text.ouyaControllerUnRegister
                0x0000668c       0x48 debug\ouyaFace.os
                0x0000668c                ouyaControllerUnRegister
 .text.ouyaControllerGetButtonState
                0x000066d4       0x2c debug\ouyaFace.os
                0x000066d4                ouyaControllerGetButtonState
 .text.ouyaControllerGetAxis
                0x00006700       0x2c debug\ouyaFace.os
                0x00006700                ouyaControllerGetAxis
 .text._ZL13ouyaInit_wrapPKcS0_
                0x0000672c       0xa0 debug\ouyaFace_register.os
 .text._ZL13ouyaTerm_wrapv
                0x000067cc       0x88 debug\ouyaFace_register.os
 .text._ZL28ouyaFacadeIsInitialised_wrapv
                0x00006854       0x90 debug\ouyaFace_register.os
 .text._ZL38ouyaFacadeIsRunningOnOUYAHardware_wrapv
                0x000068e4       0x90 debug\ouyaFace_register.os
 .text._ZL26ouyaFacadeGetGameData_wrapPKcPci
                0x00006974       0xac debug\ouyaFace_register.os
 .text._ZL26ouyaFacadePutGameData_wrapPKcS0_
                0x00006a20       0xa0 debug\ouyaFace_register.os
 .text._ZL26ouyaFacadeSetTestMode_wrapv
                0x00006ac0       0x88 debug\ouyaFace_register.os
 .text._ZL31ouyaFacadeRequestGamerUUID_wrapPFiPvS_ES_
                0x00006b48       0xa8 debug\ouyaFace_register.os
 .text._ZL30ouyaFacadeRequestReceipts_wrapPFiPvS_ES_
                0x00006bf0       0xa8 debug\ouyaFace_register.os
 .text._ZL33ouyaFacadeRequestProductList_wrapPPKciPFiPvS2_ES2_
                0x00006c98       0xc0 debug\ouyaFace_register.os
 .text._ZL30ouyaFacadeRequestPurchase_wrapPKcPFiPvS1_ES1_
                0x00006d58       0xb4 debug\ouyaFace_register.os
 .text._ZL27ouyaControllerRegister_wrap19OuyaControllerEventPFiPvS0_ES0_
                0x00006e0c       0xb8 debug\ouyaFace_register.os
 .text._ZL29ouyaControllerUnRegister_wrap19OuyaControllerEventPFiPvS0_E
                0x00006ec4       0xac debug\ouyaFace_register.os
 .text._ZL33ouyaControllerGetButtonState_wrapjj
                0x00006f70       0xa8 debug\ouyaFace_register.os
 .text._ZL26ouyaControllerGetAxis_wrapjj
                0x00007018       0xb4 debug\ouyaFace_register.os
 .text._Z19ouyaFaceRegisterExtv
                0x000070cc      0x168 debug\ouyaFace_register.os
                0x000070cc                ouyaFaceRegisterExt()
 .text.RegisterExt
                0x00007234        0xc debug\ouyaFace_register.os
                0x00007234                RegisterExt
 .text.IwDebugTraceSetTraceChannel
                0x00007240       0x1c C:\marmalade\7.1\s3e\edk\lib\android/libedk.a(IwDebug.o)
                0x00007240                IwDebugTraceSetTraceChannel
 .text.IwDebugAssertSetUID
                0x0000725c       0x14 C:\marmalade\7.1\s3e\edk\lib\android/libedk.a(IwDebug.o)
                0x0000725c                IwDebugAssertSetUID
 .text._GLOBAL__I_Y__sdk_modules_iwcore_source_IwDebug.cpp
                0x00007270       0xa4 C:\marmalade\7.1\s3e\edk\lib\android/libedk.a(IwDebug.o)
 .text.IwDebugAssertIsChannelOn
                0x00007314      0x204 C:\marmalade\7.1\s3e\edk\lib\android/libedk.a(IwDebug.o)
                0x00007314                IwDebugAssertIsChannelOn
 .text.IwDebugAssertSetMessage
                0x00007518       0xfc C:\marmalade\7.1\s3e\edk\lib\android/libedk.a(IwDebug.o)
                0x00007518                IwDebugAssertSetMessage
 .text.IwDebugAssertSetSolution
                0x00007614       0xa0 C:\marmalade\7.1\s3e\edk\lib\android/libedk.a(IwDebug.o)
                0x00007614                IwDebugAssertSetSolution
 .text.IwDebugAssertShow
                0x000076b4      0x2d0 C:\marmalade\7.1\s3e\edk\lib\android/libedk.a(IwDebug.o)
                0x000076b4                IwDebugAssertShow
 .text.IwDebugTraceIsChannelOn
                0x00007984      0x2b8 C:\marmalade\7.1\s3e\edk\lib\android/libedk.a(IwDebug.o)
                0x00007984                IwDebugTraceIsChannelOn
 .text.IwDebugTraceLinePrintf
                0x00007c3c      0x10c C:\marmalade\7.1\s3e\edk\lib\android/libedk.a(IwDebug.o)
                0x00007c3c                IwDebugTraceLinePrintf
 .text.s3eEdkThreadRunOnOS
                0x00007d48       0x30 C:\marmalade\7.1\s3e\edk\lib\android/libedk.a(edk_helpers.o)
                0x00007d48                s3eEdkThreadRunOnOS
 .text          0x00007d78       0x44 c:/android-ndk-r9/toolchains/arm-linux-androideabi-4.8/prebuilt/windows/bin/../lib/gcc/arm-linux-androideabi/4.8/libgcc.a(_aeabi_ldivmod.o)
                0x00007d78                __aeabi_ldivmod
 .text          0x00007dbc       0x10 c:/android-ndk-r9/toolchains/arm-linux-androideabi-4.8/prebuilt/windows/bin/../lib/gcc/arm-linux-androideabi/4.8/libgcc.a(_dvmd_lnx.o)
                0x00007dbc                __aeabi_idiv0
                0x00007dbc                __aeabi_ldiv0
 .text          0x00007dcc       0x78 c:/android-ndk-r9/toolchains/arm-linux-androideabi-4.8/prebuilt/windows/bin/../lib/gcc/arm-linux-androideabi/4.8/libgcc.a(bpabi.o)
                0x00007dcc                __gnu_ldivmod_helper
                0x00007e08                __gnu_uldivmod_helper
 .text          0x00007e44      0x498 c:/android-ndk-r9/toolchains/arm-linux-androideabi-4.8/prebuilt/windows/bin/../lib/gcc/arm-linux-androideabi/4.8/libgcc.a(_divdi3.o)
                0x00007e44                __divdi3
 .text          0x000082dc      0x404 c:/android-ndk-r9/toolchains/arm-linux-androideabi-4.8/prebuilt/windows/bin/../lib/gcc/arm-linux-androideabi/4.8/libgcc.a(_udivdi3.o)
                0x000082dc                __udivdi3
 .text          0xffffffffffffffff       0xc8 c:/android-ndk-r9/toolchains/arm-linux-androideabi-4.8/prebuilt/windows/bin/../lib/gcc/arm-linux-androideabi/4.8/libgcc.a(_udivsi3.o)
                0x000086e0                __udivsi3
                0x000086e0                __aeabi_uidiv
                0x00008788                __aeabi_uidivmod

.rodata         0x000087a8      0xba0
 .rodata        0x000087a8      0x6c0 debug\ouyaFace_platform.os
 .rodata        0x00008e68      0x3c4 debug\ouyaFace_register.os
 ** merge strings
                0x0000922c      0x11c

.ARM.exidx      0x00009348        0x8
 .ARM.exidx     0x00009348        0x8 c:/android-ndk-r9/toolchains/arm-linux-androideabi-4.8/prebuilt/windows/bin/../lib/gcc/arm-linux-androideabi/4.8/libgcc.a(_divdi3.o)

.fini_array     0x0000ae0c        0x8
 .fini_array    0x0000ae0c        0x4 C:/android-ndk-r9/platforms/android-9/arch-arm/usr/lib/crtbegin_so.o
 .fini_array    0x0000ae10        0x4 C:/android-ndk-r9/platforms/android-9/arch-arm/usr/lib/crtend_so.o

.data.rel.ro    0x0000ae14       0x48
 .data.rel.ro   0x0000ae14       0x48 debug\ouyaFace_platform.os

.init_array     0x0000ae5c        0x8
 .init_array    0x0000ae5c        0x4 C:\marmalade\7.1\s3e\edk\lib\android/libedk.a(IwDebug.o)
 .init_array    0x0000ae60        0x4 C:/android-ndk-r9/platforms/android-9/arch-arm/usr/lib/crtend_so.o

.dynamic        0x0000ae64       0xe0
 ** dynamic     0x0000ae64       0xe0

.got            0x0000af44       0xbc
 ** GOT         0x0000af44       0x44
 ** GOT PLT     0x0000af88       0x78

.data           0x0000b000        0x4
 .data          0x0000b000        0x4 C:/android-ndk-r9/platforms/android-9/arch-arm/usr/lib/crtbegin_so.o
                0x0000b000                __dso_handle

.bss            0x0000b004     0x1a98
 .bss           0x0000b004       0x70 debug\ouyaFace_platform.os
 .bss           0x0000b074     0x1a28 C:\marmalade\7.1\s3e\edk\lib\android/libedk.a(IwDebug.o)
                0x0000b074                g_DebugGlobals
